== Build config 'x64-Release'
== cmake.exe   -G Ninja   -DCMAKE_BUILD_TYPE=Release   -DCMAKE_CXX_COMPILER:FILEPATH=cl.exe   -DCMAKE_INSTALL_PREFIX:PATH="C:\Users\Brenda\code\EvoEngine\out\install\x64-Release"   -DCMAKE_MAKE_PROGRAM=ninja.exe   -DCMAKE_TOOLCHAIN_FILE="C:/Program Files/Microsoft Visual Studio/2022/Community/VC/vcpkg/scripts/buildsystems/vcpkg.cmake"   "C:\Users\Brenda\code\EvoEngine" --log-level=VERBOSE
Re-run cmake no build system arguments
===Checking 3rdParty Libs====
Loading 3rdParty libraries...
-- Shared libraries enabled
-- MSVC PDB generation disabled. Release binary will not be debuggable.
-- Looking for ZLIB...
-- Could NOT find PkgConfig (missing: PKG_CONFIG_EXECUTABLE) 
-- Could NOT find PkgConfig (missing: PKG_CONFIG_EXECUTABLE) 
-- tinyusdz disabled
-- Enabled importer formats: AMF 3DS AC ASE ASSBIN B3D BVH COLLADA DXF CSM HMP IRRMESH IQM IRR LWO LWS M3D MD2 MD3 MD5 MDC MDL NFF NDO OFF OBJ OGRE OPENGEX PLY MS3D COB BLEND IFC XGL FBX Q3D Q3BSP RAW SIB SMD STL TERRAGEN 3D X X3D GLTF 3MF MMD
-- Disabled importer formats: USD
-- Enabled exporter formats: OBJ OPENGEX PLY 3DS ASSBIN ASSXML M3D COLLADA FBX STL X X3D GLTF 3MF PBRT ASSJSON STEP
-- Disabled exporter formats:
-- Treating all warnings as errors (for assimp library only)
CMake Warning (dev) at Extern/3rdParty/assimp/assimp/CMakeLists.txt:885 (ADD_CUSTOM_COMMAND):
  Exactly one of PRE_BUILD, PRE_LINK, or POST_BUILD must be given.  Assuming
  POST_BUILD to preserve backward compatibility.

  Policy CMP0175 is not set: add_custom_command() rejects invalid arguments.
  Run "cmake --help-policy CMP0175" for policy details.  Use the cmake_policy
  command to set the policy and suppress this warning.
This warning is for project developers.  Use -Wno-dev to suppress it.

CMake Warning (dev) at Extern/3rdParty/assimp/assimp/CMakeLists.txt:886 (ADD_CUSTOM_COMMAND):
  Exactly one of PRE_BUILD, PRE_LINK, or POST_BUILD must be given.  Assuming
  POST_BUILD to preserve backward compatibility.

  Policy CMP0175 is not set: add_custom_command() rejects invalid arguments.
  Run "cmake --help-policy CMP0175" for policy details.  Use the cmake_policy
  command to set the policy and suppress this warning.
This warning is for project developers.  Use -Wno-dev to suppress it.

CMake Warning (dev) at Extern/3rdParty/assimp/assimp/CMakeLists.txt:887 (ADD_CUSTOM_COMMAND):
  Exactly one of PRE_BUILD, PRE_LINK, or POST_BUILD must be given.  Assuming
  POST_BUILD to preserve backward compatibility.

  Policy CMP0175 is not set: add_custom_command() rejects invalid arguments.
  Run "cmake --help-policy CMP0175" for policy details.  Use the cmake_policy
  command to set the policy and suppress this warning.
This warning is for project developers.  Use -Wno-dev to suppress it.

CMake Warning (dev) at Extern/3rdParty/assimp/assimp/CMakeLists.txt:888 (ADD_CUSTOM_COMMAND):
  Exactly one of PRE_BUILD, PRE_LINK, or POST_BUILD must be given.  Assuming
  POST_BUILD to preserve backward compatibility.

  Policy CMP0175 is not set: add_custom_command() rejects invalid arguments.
  Run "cmake --help-policy CMP0175" for policy details.  Use the cmake_policy
  command to set the policy and suppress this warning.
This warning is for project developers.  Use -Wno-dev to suppress it.

CMake Warning (dev) at Extern/3rdParty/assimp/assimp/CMakeLists.txt:889 (ADD_CUSTOM_COMMAND):
  Exactly one of PRE_BUILD, PRE_LINK, or POST_BUILD must be given.  Assuming
  POST_BUILD to preserve backward compatibility.

  Policy CMP0175 is not set: add_custom_command() rejects invalid arguments.
  Run "cmake --help-policy CMP0175" for policy details.  Use the cmake_policy
  command to set the policy and suppress this warning.
This warning is for project developers.  Use -Wno-dev to suppress it.

CMake Warning (dev) at Extern/3rdParty/assimp/assimp/CMakeLists.txt:890 (ADD_CUSTOM_COMMAND):
  Exactly one of PRE_BUILD, PRE_LINK, or POST_BUILD must be given.  Assuming
  POST_BUILD to preserve backward compatibility.

  Policy CMP0175 is not set: add_custom_command() rejects invalid arguments.
  Run "cmake --help-policy CMP0175" for policy details.  Use the cmake_policy
  command to set the policy and suppress this warning.
This warning is for project developers.  Use -Wno-dev to suppress it.

CMake Warning (dev) at Extern/3rdParty/assimp/assimp/CMakeLists.txt:891 (ADD_CUSTOM_COMMAND):
  Exactly one of PRE_BUILD, PRE_LINK, or POST_BUILD must be given.  Assuming
  POST_BUILD to preserve backward compatibility.

  Policy CMP0175 is not set: add_custom_command() rejects invalid arguments.
  Run "cmake --help-policy CMP0175" for policy details.  Use the cmake_policy
  command to set the policy and suppress this warning.
This warning is for project developers.  Use -Wno-dev to suppress it.

CMake Warning (dev) at Extern/3rdParty/assimp/assimp/CMakeLists.txt:892 (ADD_CUSTOM_COMMAND):
  Exactly one of PRE_BUILD, PRE_LINK, or POST_BUILD must be given.  Assuming
  POST_BUILD to preserve backward compatibility.

  Policy CMP0175 is not set: add_custom_command() rejects invalid arguments.
  Run "cmake --help-policy CMP0175" for policy details.  Use the cmake_policy
  command to set the policy and suppress this warning.
This warning is for project developers.  Use -Wno-dev to suppress it.

CMake Warning (dev) at Extern/3rdParty/assimp/assimp/CMakeLists.txt:893 (ADD_CUSTOM_COMMAND):
  Exactly one of PRE_BUILD, PRE_LINK, or POST_BUILD must be given.  Assuming
  POST_BUILD to preserve backward compatibility.

  Policy CMP0175 is not set: add_custom_command() rejects invalid arguments.
  Run "cmake --help-policy CMP0175" for policy details.  Use the cmake_policy
  command to set the policy and suppress this warning.
This warning is for project developers.  Use -Wno-dev to suppress it.

-- Including Win32 support
-- GLM: Version 1.0.1
-- GLM: Build with C++ features auto detection
-- Using the multi-header code from C:/Users/Brenda/code/EvoEngine/Extern/3rdParty/json/json/include/
-- spirv-tools not linked - illegal SPIRV may be generated for HLSL
-- pybind11 v2.13.5 
CMake Warning (dev) at Extern/3rdParty/CMakeLists.txt:35 (_message):
  Policy CMP0148 is not set: The FindPythonInterp and FindPythonLibs modules
  are removed.  Run "cmake --help-policy CMP0148" for policy details.  Use
  the cmake_policy command to set the policy and suppress this warning, or
  preferably upgrade to using FindPython, either by calling it explicitly
  before pybind11, or by setting PYBIND11_FINDPYTHON ON before pybind11.
Call Stack (most recent call first):
  Extern/3rdParty/pybind11/pybind11/tools/FindPythonLibsNew.cmake:101 (message)
  C:/Program Files/Microsoft Visual Studio/2022/Community/VC/vcpkg/scripts/buildsystems/vcpkg.cmake:893 (_find_package)
  Extern/3rdParty/pybind11/pybind11/tools/pybind11Tools.cmake:50 (find_package)
  Extern/3rdParty/pybind11/pybind11/tools/pybind11Common.cmake:228 (include)
  Extern/3rdParty/pybind11/pybind11/CMakeLists.txt:249 (include)
This warning is for project developers.  Use -Wno-dev to suppress it.

CMake Warning (dev) at C:/Program Files/Microsoft Visual Studio/2022/Community/VC/vcpkg/scripts/buildsystems/vcpkg.cmake:893 (_find_package):
  Policy CMP0148 is not set: The FindPythonInterp and FindPythonLibs modules
  are removed.  Run "cmake --help-policy CMP0148" for policy details.  Use
  the cmake_policy command to set the policy and suppress this warning.

Call Stack (most recent call first):
  Extern/3rdParty/pybind11/pybind11/tools/FindPythonLibsNew.cmake:114 (find_package)
  C:/Program Files/Microsoft Visual Studio/2022/Community/VC/vcpkg/scripts/buildsystems/vcpkg.cmake:893 (_find_package)
  Extern/3rdParty/pybind11/pybind11/tools/pybind11Tools.cmake:50 (find_package)
  Extern/3rdParty/pybind11/pybind11/tools/pybind11Common.cmake:228 (include)
  Extern/3rdParty/pybind11/pybind11/CMakeLists.txt:249 (include)
This warning is for project developers.  Use -Wno-dev to suppress it.

volk: using Vulkan_INCLUDE_DIRS from FindVulkan module
-- Found source/lib/vc5_decoder - enabling vc5 decoder and setting GPR_READING=1
-- Found source/lib/vc5_encoder - enabling vc5 encoder and setting GPR_WRITING=1
-- Found source/lib/tiny_jpeg - enabling jpeg writing and setting GPR_JPEG_AVAILABLE=1
-- 
-- Configured Eigen 3.4.90
-- 
Loaded all 3rdParty libraries.
======Checking Plugins=======
CMake Warning (dev) at C:/Program Files/Microsoft Visual Studio/2022/Community/VC/vcpkg/scripts/buildsystems/vcpkg.cmake:893 (_find_package):
  Policy CMP0146 is not set: The FindCUDA module is removed.  Run "cmake
  --help-policy CMP0146" for policy details.  Use the cmake_policy command to
  set the policy and suppress this warning.

Call Stack (most recent call first):
  EvoEngine_Plugins/CudaModule/CMakeLists.txt:6 (find_package)
This warning is for project developers.  Use -Wno-dev to suppress it.

Found CUDA.
CMake Warning (dev) at C:/Program Files/Microsoft Visual Studio/2022/Community/VC/vcpkg/scripts/buildsystems/vcpkg.cmake:893 (_find_package):
  Policy CMP0146 is not set: The FindCUDA module is removed.  Run "cmake
  --help-policy CMP0146" for policy details.  Use the cmake_policy command to
  set the policy and suppress this warning.

Call Stack (most recent call first):
  EvoEngine_Plugins/CudaModule/cmake/configure_optix.cmake:23 (find_package)
  EvoEngine_Plugins/CudaModule/CMakeLists.txt:23 (include)
This warning is for project developers.  Use -Wno-dev to suppress it.

Found OptiX.
Enabled [CudaModule] plugin.
Enabled [MeshRepair] plugin.
Enabled [TextureBaking] plugin.
Enabled [Gpr] plugin.
Enabled [BillboardClouds] plugin.
CMake Warning at C:/Program Files/Microsoft Visual Studio/2022/Community/VC/vcpkg/scripts/buildsystems/vcpkg.cmake:893 (_find_package):
  By not providing "FindCGAL.cmake" in CMAKE_MODULE_PATH this project has
  asked CMake to find a package configuration file provided by "CGAL", but
  CMake did not find one.

  Could not find a package configuration file provided by "CGAL" with any of
  the following names:

    CGALConfig.cmake
    cgal-config.cmake

  Add the installation prefix of "CGAL" to CMAKE_PREFIX_PATH or set
  "CGAL_DIR" to a directory containing one of the above files.  If "CGAL"
  provides a separate development package or SDK, be sure it has been
  installed.
Call Stack (most recent call first):
  EvoEngine_Plugins/EcoSysLab/CMakeLists.txt:58 (find_package)


Enabled [EcoSysLab] plugin.
Enabled [DigitalAgriculture] plugin.
Enabled [DatasetGeneration] plugin.
Enabled [LogGrading] plugin.
Enabled [LogScanning] plugin.
Enabled [Universe] plugin.
=========Checking Apps=========
CUDA enabled.
Enabled [DemoApp] application.
Enabled [EcoSysLabApp] application.
Enabled [DigitalAgricultureApp] application.
Enabled [LogGradingApp] application.
Enabled [TreeDataGeneratorApp] application.
Enabled [SorghumDataGeneratorApp] application.
====Checking Python Binding====
CUDA enabled.
Enabled [PyEcoSysLab] PythonBinding.
Enabled [PyDigitalAgriculture] PythonBinding.
===============================
|  CMake Configuration Done!  |
===============================
-- Configuring done (3.2s)
-- Generating done (1.3s)
-- Build files have been written to: C:/Users/Brenda/code/EvoEngine/out/build/x64-Release
== ninja.exe  -v
[0/2] "C:\Program Files\Microsoft Visual Studio\2022\Community\Common7\IDE\CommonExtensions\Microsoft\CMake\CMake\bin\cmake.exe" -P C:\Users\Brenda\code\EvoEngine\out\build\x64-Release\CMakeFiles\VerifyGlobs.cmake
[1/40] EvoEngine_App\CMakeFiles\AppResourceCopy.dir\utility.bat 1f14726b4c8d4dd7
        1 file(s) copied.
        1 file(s) copied.
        1 file(s) copied.
        1 file(s) copied.
        1 file(s) copied.
        1 file(s) copied.
[2/40] PythonBinding\CMakeFiles\PyResourceCopy.dir\utility.bat 0f64feb9e360cff0
        1 file(s) copied.
        1 file(s) copied.
        1 file(s) copied.
        1 file(s) copied.
        1 file(s) copied.
        1 file(s) copied.
[3/40] C:\PROGRA~1\MIB055~1\2022\COMMUN~1\VC\Tools\MSVC\1444~1.352\bin\Hostx64\x64\cl.exe  /nologo /TP -DBILLBOARD_CLOUDS_PLUGIN -DCUDA_MODULE_PLUGIN -DECOSYSLAB_PLUGIN -DGPR_PLUGIN -DGPR_READING=1 -DGPR_WRITING=1 -DMESH_REPAIR_PLUGIN -DNOMINMAX -DTEXTURE_BAKING_PLUGIN -DVK_NO_PROTOTYPES -DVK_USE_PLATFORM_WIN32_KHR -DXML_STATIC=1 -IC:\Users\Brenda\code\EvoEngine\Extern\3rdParty -IC:\Users\Brenda\code\EvoEngine\Extern\3rdParty\zlib\zlib -IC:\Users\Brenda\code\EvoEngine\out\build\x64-Release\Extern\3rdParty\zlib\zlib -IC:\Users\Brenda\code\EvoEngine\Extern\3rdParty\assimp -IC:\Users\Brenda\code\EvoEngine\Extern\3rdParty\assimp\assimp\include -IC:\Users\Brenda\code\EvoEngine\Extern\3rdParty\base64\base64\include -IC:\Users\Brenda\code\EvoEngine\Extern\3rdParty\csvpp\csvpp\include -IC:\Users\Brenda\code\EvoEngine\Extern\3rdParty\glfw\glfw\include -IC:\Users\Brenda\code\EvoEngine\Extern\3rdParty\glm\glm -IC:\Users\Brenda\code\EvoEngine\Extern\3rdParty\imgui\imgui -IC:\Users\Brenda\code\EvoEngine\Extern\3rdParty\imgui\imgui\backends -IC:\Users\Brenda\code\EvoEngine\Extern\3rdParty\imgui\ImGuizmo -IC:\Users\Brenda\code\EvoEngine\Extern\3rdParty\json\json\include -IC:\Users\Brenda\code\EvoEngine\Extern\3rdParty\glslang\glslang\SPIRV -IC:\Users\Brenda\code\EvoEngine\Extern\3rdParty\glslang\glslang\glslang\Public -IC:\Users\Brenda\code\EvoEngine\Extern\3rdParty\stb\stb -IC:\VulkanSDK\1.3.296.0\Include -IC:\Users\Brenda\code\EvoEngine\Extern\3rdParty\volk\volk -IC:\Users\Brenda\code\EvoEngine\Extern\3rdParty\VulkanMemoryAllocator\VulkanMemoryAllocator\include -IC:\Users\Brenda\code\EvoEngine\Extern\3rdParty\xatlas\xatlas\source\xatlas -IC:\Users\Brenda\code\EvoEngine\Extern\3rdParty\yaml-cpp\yaml-cpp\include -IC:\Users\Brenda\code\EvoEngine\Extern\3rdParty\gpr\gpr -IC:\Users\Brenda\code\EvoEngine\Extern\3rdParty\eigen\eigen\Eigen -IC:\Users\Brenda\code\EvoEngine\Extern\3rdParty\tetgen -IC:\Users\Brenda\code\EvoEngine\Extern\3rdParty\tetgen\tetgen -IC:\Users\Brenda\code\EvoEngine\Extern\3rdParty\NsightAftermath -IC:\Users\Brenda\code\EvoEngine\Extern\3rdParty\NsightAftermath\NsightAftermath\include -IC:\Users\Brenda\code\EvoEngine\EvoEngine_SDK\include -IC:\Users\Brenda\code\EvoEngine\EvoEngine_SDK\include\Core -IC:\Users\Brenda\code\EvoEngine\EvoEngine_SDK\include\Core\ECS -IC:\Users\Brenda\code\EvoEngine\EvoEngine_SDK\include\Core\Math -IC:\Users\Brenda\code\EvoEngine\EvoEngine_SDK\include\Layers -IC:\Users\Brenda\code\EvoEngine\EvoEngine_SDK\include\Assets -IC:\Users\Brenda\code\EvoEngine\EvoEngine_SDK\include\Physics -IC:\Users\Brenda\code\EvoEngine\EvoEngine_SDK\include\RayTracing -IC:\Users\Brenda\code\EvoEngine\EvoEngine_SDK\include\Rendering -IC:\Users\Brenda\code\EvoEngine\EvoEngine_SDK\include\Rendering\RenderInstances -IC:\Users\Brenda\code\EvoEngine\EvoEngine_SDK\include\Rendering\PBR -IC:\Users\Brenda\code\EvoEngine\EvoEngine_SDK\include\Rendering\Animation -IC:\Users\Brenda\code\EvoEngine\EvoEngine_SDK\include\Rendering\Renderer -IC:\Users\Brenda\code\EvoEngine\EvoEngine_SDK\include\Rendering\Geometry -IC:\Users\Brenda\code\EvoEngine\EvoEngine_SDK\include\Rendering\Texture -IC:\Users\Brenda\code\EvoEngine\EvoEngine_SDK\include\Rendering\Platform -IC:\Users\Brenda\code\EvoEngine\EvoEngine_SDK\include\Rendering\PostProcessing -IC:\Users\Brenda\code\EvoEngine\EvoEngine_SDK\include\Editor -IC:\Users\Brenda\code\EvoEngine\EvoEngine_SDK\include\Utilities -IC:\Users\Brenda\code\EvoEngine\EvoEngine_SDK\include\Utilities\NsightAftermath -IC:\Users\Brenda\code\EvoEngine\EvoEngine_SDK\include\Utilities\ProceduralNoise -IC:\Users\Brenda\code\EvoEngine\out\build\x64-Release\EvoEngine_SDK -IC:\Users\Brenda\code\EvoEngine\Extern\3rdParty\OptiX\Windows\include -I"C:\Program Files\NVIDIA GPU Computing Toolkit\CUDA\v12.6\include" -IC:\Users\Brenda\code\EvoEngine\EvoEngine_Plugins\CudaModule\include -IC:\Users\Brenda\code\EvoEngine\EvoEngine_Plugins\CudaModule\include\MLVQ -IC:\Users\Brenda\code\EvoEngine\EvoEngine_Plugins\CudaModule\include\RayTracer -IC:\Users\Brenda\code\EvoEngine\EvoEngine_Plugins\CudaModule\include\Utilities -IC:\Users\Brenda\code\EvoEngine\EvoEngine_Plugins\MeshRepair\include -IC:\Users\Brenda\code\EvoEngine\EvoEngine_Plugins\MeshRepair\include\VisibilityTest -IC:\Users\Brenda\code\EvoEngine\EvoEngine_Plugins\TextureBaking\include -IC:\Users\Brenda\code\EvoEngine\EvoEngine_Plugins\Gpr\include -IC:\Users\Brenda\code\EvoEngine\Extern\3rdParty\gpr\gpr\source\lib -IC:\Users\Brenda\code\EvoEngine\Extern\3rdParty\gpr\gpr\source\lib\common\public -IC:\Users\Brenda\code\EvoEngine\Extern\3rdParty\gpr\gpr\source\lib\vc5_common -IC:\Users\Brenda\code\EvoEngine\Extern\3rdParty\gpr\gpr\source\lib\vc5_decoder -IC:\Users\Brenda\code\EvoEngine\Extern\3rdParty\gpr\gpr\source\lib\vc5_encoder -IC:\Users\Brenda\code\EvoEngine\Extern\3rdParty\gpr\gpr\source\lib\dng_sdk -IC:\Users\Brenda\code\EvoEngine\Extern\3rdParty\gpr\gpr\source\lib\gpr_sdk\public -IC:\Users\Brenda\code\EvoEngine\EvoEngine_Plugins\BillboardClouds\include -IC:\Users\Brenda\code\EvoEngine\Extern\3rdParty\pinchot\pinchot\include -IC:\Users\Brenda\code\EvoEngine\EvoEngine_Plugins\EcoSysLab -IC:\Users\Brenda\code\EvoEngine\EvoEngine_Plugins\EcoSysLab\include -IC:\Users\Brenda\code\EvoEngine\EvoEngine_Plugins\EcoSysLab\include\MeshFormation -IC:\Users\Brenda\code\EvoEngine\EvoEngine_Plugins\EcoSysLab\include\Physics\DynamicSkeleton -IC:\Users\Brenda\code\EvoEngine\EvoEngine_Plugins\EcoSysLab\include\Physics\DynamicStrands -IC:\Users\Brenda\code\EvoEngine\EvoEngine_Plugins\EcoSysLab\include\TreeModel\Descriptors -IC:\Users\Brenda\code\EvoEngine\EvoEngine_Plugins\EcoSysLab\include\Utilities\SpatialCompetition -IC:\Users\Brenda\code\EvoEngine\EvoEngine_Plugins\EcoSysLab\include\Physics -IC:\Users\Brenda\code\EvoEngine\EvoEngine_Plugins\EcoSysLab\include\Utilities\TreeIO -IC:\Users\Brenda\code\EvoEngine\EvoEngine_Plugins\EcoSysLab\include\Volumes -IC:\Users\Brenda\code\EvoEngine\EvoEngine_Plugins\EcoSysLab\include\ClimateModel -IC:\Users\Brenda\code\EvoEngine\EvoEngine_Plugins\EcoSysLab\include\SoilModel -IC:\Users\Brenda\code\EvoEngine\EvoEngine_Plugins\EcoSysLab\include\TreeModel\StrandModel -IC:\Users\Brenda\code\EvoEngine\EvoEngine_Plugins\EcoSysLab\include\TreeModel\DynamicTreeStrandGraph -IC:\Users\Brenda\code\EvoEngine\EvoEngine_Plugins\EcoSysLab\include\TreeModel -IC:\Users\Brenda\code\EvoEngine\EvoEngine_Plugins\EcoSysLab\include\Utilities -IC:\Users\Brenda\code\EvoEngine\EvoEngine_Plugins\EcoSysLab\include\Structures -IC:\Users\Brenda\code\EvoEngine\EvoEngine_Plugins\EcoSysLab\include\Reconstruction -IC:\Users\Brenda\code\EvoEngine\EvoEngine_Plugins\DigitalAgriculture\include -IC:\Users\Brenda\code\EvoEngine\EvoEngine_Plugins\DigitalAgriculture\include\SorghumModel -IC:\Users\Brenda\code\EvoEngine\Extern\3rdParty\assimp\assimp\code\..\include -IC:\Users\Brenda\code\EvoEngine\out\build\x64-Release\Extern\3rdParty\assimp\assimp\code\..\include -IC:\Users\Brenda\code\EvoEngine\Extern\3rdParty\base64 -IC:\Users\Brenda\code\EvoEngine\Extern\3rdParty\csvpp -IC:\Users\Brenda\code\EvoEngine\Extern\3rdParty\glslang\glslang\glslang\.. -IC:\Users\Brenda\code\EvoEngine\out\build\x64-Release\include -IC:\Users\Brenda\code\EvoEngine\Extern\3rdParty\glslang\glslang\SPIRV\.. -IC:\Users\Brenda\code\EvoEngine\Extern\3rdParty\meshoptimizer\meshoptimizer\src /DWIN32 /D_WINDOWS /GR /EHsc /O2 /Ob2 /DNDEBUG -std:c++17 -MD /YuC:/Users/Brenda/code/EvoEngine/out/build/x64-Release/EvoEngine_Plugins/DigitalAgriculture/CMakeFiles/DigitalAgriculturePlugin.dir/cmake_pch.hxx /FpC:/Users/Brenda/code/EvoEngine/out/build/x64-Release/EvoEngine_Plugins/DigitalAgriculture/CMakeFiles/DigitalAgriculturePlugin.dir/./cmake_pch.cxx.pch /FIC:/Users/Brenda/code/EvoEngine/out/build/x64-Release/EvoEngine_Plugins/DigitalAgriculture/CMakeFiles/DigitalAgriculturePlugin.dir/cmake_pch.hxx /showIncludes /FoEvoEngine_Plugins\DigitalAgriculture\CMakeFiles\DigitalAgriculturePlugin.dir\src\SorghumLayer.cpp.obj /FdEvoEngine_Plugins\DigitalAgriculture\CMakeFiles\DigitalAgriculturePlugin.dir\DigitalAgriculturePlugin.pdb /FS -c C:\Users\Brenda\code\EvoEngine\EvoEngine_Plugins\DigitalAgriculture\src\SorghumLayer.cpp
[4/40] C:/PROGRA~1/MIB055~1/2022/COMMUN~1/Common7/IDE/COMMON~1/MICROS~1/CMake/CMake/bin/cmcldeps.exe RC C:\Users\Brenda\code\EvoEngine\EvoEngine_App\DemoApp.rc EvoEngine_App\CMakeFiles\DemoApp.dir\DemoApp.rc.res.d EvoEngine_App\CMakeFiles\DemoApp.dir\DemoApp.rc.res "Note: including file: " "C:/Program Files (x86)/Microsoft Visual Studio/2019/Community/VC/Tools/MSVC/14.29.30133/bin/Hostx64/x64/cl.exe" C:\PROGRA~2\WI3CF2~1\10\bin\100261~1.0\x64\rc.exe -DBILLBOARD_CLOUDS_PLUGIN -DCUDA_MODULE_PLUGIN -DDATASET_GENERATION_PLUGIN -DDIGITAL_AGRICULTURE_PLUGIN -DECOSYSLAB_PLUGIN -DGPR_PLUGIN -DGPR_READING=1 -DGPR_WRITING=1 -DLOG_GRADING_PLUGIN -DLOG_SCANNING_PLUGIN -DMESH_REPAIR_PLUGIN -DNOMINMAX -DTEXTURE_BAKING_PLUGIN -DUNIVERSE_PLUGIN -DVK_NO_PROTOTYPES -DVK_USE_PLATFORM_WIN32_KHR -DXML_STATIC=1 -I C:\Users\Brenda\code\EvoEngine\Extern\3rdParty -I C:\Users\Brenda\code\EvoEngine\Extern\3rdParty\zlib\zlib -I C:\Users\Brenda\code\EvoEngine\out\build\x64-Release\Extern\3rdParty\zlib\zlib -I C:\Users\Brenda\code\EvoEngine\Extern\3rdParty\assimp -I C:\Users\Brenda\code\EvoEngine\Extern\3rdParty\assimp\assimp\include -I C:\Users\Brenda\code\EvoEngine\Extern\3rdParty\base64\base64\include -I C:\Users\Brenda\code\EvoEngine\Extern\3rdParty\csvpp\csvpp\include -I C:\Users\Brenda\code\EvoEngine\Extern\3rdParty\glfw\glfw\include -I C:\Users\Brenda\code\EvoEngine\Extern\3rdParty\glm\glm -I C:\Users\Brenda\code\EvoEngine\Extern\3rdParty\imgui\imgui -I C:\Users\Brenda\code\EvoEngine\Extern\3rdParty\imgui\imgui\backends -I C:\Users\Brenda\code\EvoEngine\Extern\3rdParty\imgui\ImGuizmo -I C:\Users\Brenda\code\EvoEngine\Extern\3rdParty\json\json\include -I C:\Users\Brenda\code\EvoEngine\Extern\3rdParty\glslang\glslang\SPIRV -I C:\Users\Brenda\code\EvoEngine\Extern\3rdParty\glslang\glslang\glslang\Public -I C:\Users\Brenda\code\EvoEngine\Extern\3rdParty\stb\stb -I C:\VulkanSDK\1.3.296.0\Include -I C:\Users\Brenda\code\EvoEngine\Extern\3rdParty\volk\volk -I C:\Users\Brenda\code\EvoEngine\Extern\3rdParty\VulkanMemoryAllocator\VulkanMemoryAllocator\include -I C:\Users\Brenda\code\EvoEngine\Extern\3rdParty\xatlas\xatlas\source\xatlas -I C:\Users\Brenda\code\EvoEngine\Extern\3rdParty\yaml-cpp\yaml-cpp\include -I C:\Users\Brenda\code\EvoEngine\Extern\3rdParty\gpr\gpr -I C:\Users\Brenda\code\EvoEngine\Extern\3rdParty\eigen\eigen\Eigen -I C:\Users\Brenda\code\EvoEngine\Extern\3rdParty\tetgen -I C:\Users\Brenda\code\EvoEngine\Extern\3rdParty\tetgen\tetgen -I C:\Users\Brenda\code\EvoEngine\Extern\3rdParty\NsightAftermath -I C:\Users\Brenda\code\EvoEngine\Extern\3rdParty\NsightAftermath\NsightAftermath\include -I C:\Users\Brenda\code\EvoEngine\EvoEngine_SDK\include -I C:\Users\Brenda\code\EvoEngine\EvoEngine_SDK\include\Core -I C:\Users\Brenda\code\EvoEngine\EvoEngine_SDK\include\Core\ECS -I C:\Users\Brenda\code\EvoEngine\EvoEngine_SDK\include\Core\Math -I C:\Users\Brenda\code\EvoEngine\EvoEngine_SDK\include\Layers -I C:\Users\Brenda\code\EvoEngine\EvoEngine_SDK\include\Assets -I C:\Users\Brenda\code\EvoEngine\EvoEngine_SDK\include\Physics -I C:\Users\Brenda\code\EvoEngine\EvoEngine_SDK\include\RayTracing -I C:\Users\Brenda\code\EvoEngine\EvoEngine_SDK\include\Rendering -I C:\Users\Brenda\code\EvoEngine\EvoEngine_SDK\include\Rendering\RenderInstances -I C:\Users\Brenda\code\EvoEngine\EvoEngine_SDK\include\Rendering\PBR -I C:\Users\Brenda\code\EvoEngine\EvoEngine_SDK\include\Rendering\Animation -I C:\Users\Brenda\code\EvoEngine\EvoEngine_SDK\include\Rendering\Renderer -I C:\Users\Brenda\code\EvoEngine\EvoEngine_SDK\include\Rendering\Geometry -I C:\Users\Brenda\code\EvoEngine\EvoEngine_SDK\include\Rendering\Texture -I C:\Users\Brenda\code\EvoEngine\EvoEngine_SDK\include\Rendering\Platform -I C:\Users\Brenda\code\EvoEngine\EvoEngine_SDK\include\Rendering\PostProcessing -I C:\Users\Brenda\code\EvoEngine\EvoEngine_SDK\include\Editor -I C:\Users\Brenda\code\EvoEngine\EvoEngine_SDK\include\Utilities -I C:\Users\Brenda\code\EvoEngine\EvoEngine_SDK\include\Utilities\NsightAftermath -I C:\Users\Brenda\code\EvoEngine\EvoEngine_SDK\include\Utilities\ProceduralNoise -I C:\Users\Brenda\code\EvoEngine\out\build\x64-Release\EvoEngine_SDK -I C:\Users\Brenda\code\EvoEngine\Extern\3rdParty\OptiX\Windows\include -I "C:\Program Files\NVIDIA GPU Computing Toolkit\CUDA\v12.6\include" -I C:\Users\Brenda\code\EvoEngine\EvoEngine_Plugins\CudaModule\include -I C:\Users\Brenda\code\EvoEngine\EvoEngine_Plugins\CudaModule\include\MLVQ -I C:\Users\Brenda\code\EvoEngine\EvoEngine_Plugins\CudaModule\include\RayTracer -I C:\Users\Brenda\code\EvoEngine\EvoEngine_Plugins\CudaModule\include\Utilities -I C:\Users\Brenda\code\EvoEngine\EvoEngine_Plugins\MeshRepair\include -I C:\Users\Brenda\code\EvoEngine\EvoEngine_Plugins\MeshRepair\include\VisibilityTest -I C:\Users\Brenda\code\EvoEngine\EvoEngine_Plugins\TextureBaking\include -I C:\Users\Brenda\code\EvoEngine\EvoEngine_Plugins\Gpr\include -I C:\Users\Brenda\code\EvoEngine\Extern\3rdParty\gpr\gpr\source\lib -I C:\Users\Brenda\code\EvoEngine\Extern\3rdParty\gpr\gpr\source\lib\common\public -I C:\Users\Brenda\code\EvoEngine\Extern\3rdParty\gpr\gpr\source\lib\vc5_common -I C:\Users\Brenda\code\EvoEngine\Extern\3rdParty\gpr\gpr\source\lib\vc5_decoder -I C:\Users\Brenda\code\EvoEngine\Extern\3rdParty\gpr\gpr\source\lib\vc5_encoder -I C:\Users\Brenda\code\EvoEngine\Extern\3rdParty\gpr\gpr\source\lib\dng_sdk -I C:\Users\Brenda\code\EvoEngine\Extern\3rdParty\gpr\gpr\source\lib\gpr_sdk\public -I C:\Users\Brenda\code\EvoEngine\EvoEngine_Plugins\BillboardClouds\include -I C:\Users\Brenda\code\EvoEngine\Extern\3rdParty\pinchot\pinchot\include -I C:\Users\Brenda\code\EvoEngine\EvoEngine_Plugins\EcoSysLab -I C:\Users\Brenda\code\EvoEngine\EvoEngine_Plugins\EcoSysLab\include -I C:\Users\Brenda\code\EvoEngine\EvoEngine_Plugins\EcoSysLab\include\MeshFormation -I C:\Users\Brenda\code\EvoEngine\EvoEngine_Plugins\EcoSysLab\include\Physics\DynamicSkeleton -I C:\Users\Brenda\code\EvoEngine\EvoEngine_Plugins\EcoSysLab\include\Physics\DynamicStrands -I C:\Users\Brenda\code\EvoEngine\EvoEngine_Plugins\EcoSysLab\include\TreeModel\Descriptors -I C:\Users\Brenda\code\EvoEngine\EvoEngine_Plugins\EcoSysLab\include\Utilities\SpatialCompetition -I C:\Users\Brenda\code\EvoEngine\EvoEngine_Plugins\EcoSysLab\include\Physics -I C:\Users\Brenda\code\EvoEngine\EvoEngine_Plugins\EcoSysLab\include\Utilities\TreeIO -I C:\Users\Brenda\code\EvoEngine\EvoEngine_Plugins\EcoSysLab\include\Volumes -I C:\Users\Brenda\code\EvoEngine\EvoEngine_Plugins\EcoSysLab\include\ClimateModel -I C:\Users\Brenda\code\EvoEngine\EvoEngine_Plugins\EcoSysLab\include\SoilModel -I C:\Users\Brenda\code\EvoEngine\EvoEngine_Plugins\EcoSysLab\include\TreeModel\StrandModel -I C:\Users\Brenda\code\EvoEngine\EvoEngine_Plugins\EcoSysLab\include\TreeModel\DynamicTreeStrandGraph -I C:\Users\Brenda\code\EvoEngine\EvoEngine_Plugins\EcoSysLab\include\TreeModel -I C:\Users\Brenda\code\EvoEngine\EvoEngine_Plugins\EcoSysLab\include\Utilities -I C:\Users\Brenda\code\EvoEngine\EvoEngine_Plugins\EcoSysLab\include\Structures -I C:\Users\Brenda\code\EvoEngine\EvoEngine_Plugins\EcoSysLab\include\Reconstruction -I C:\Users\Brenda\code\EvoEngine\EvoEngine_Plugins\DigitalAgriculture\include -I C:\Users\Brenda\code\EvoEngine\EvoEngine_Plugins\DigitalAgriculture\include\SorghumModel -I C:\Users\Brenda\code\EvoEngine\EvoEngine_Plugins\DatasetGeneration\include -I C:\Users\Brenda\code\EvoEngine\EvoEngine_Plugins\DatasetGeneration\include\SorghumModel -I C:\Users\Brenda\code\EvoEngine\EvoEngine_Plugins\LogGrading\include -I C:\Users\Brenda\code\EvoEngine\EvoEngine_Plugins\LogScanning\include -I C:\Users\Brenda\code\EvoEngine\EvoEngine_Plugins\Universe\include -I C:\Users\Brenda\code\EvoEngine\Extern\3rdParty\assimp\assimp\code\..\include -I C:\Users\Brenda\code\EvoEngine\out\build\x64-Release\Extern\3rdParty\assimp\assimp\code\..\include -I C:\Users\Brenda\code\EvoEngine\Extern\3rdParty\base64 -I C:\Users\Brenda\code\EvoEngine\Extern\3rdParty\csvpp -I C:\Users\Brenda\code\EvoEngine\Extern\3rdParty\glslang\glslang\glslang\.. -I C:\Users\Brenda\code\EvoEngine\out\build\x64-Release\include -I C:\Users\Brenda\code\EvoEngine\Extern\3rdParty\glslang\glslang\SPIRV\.. -I C:\Users\Brenda\code\EvoEngine\Extern\3rdParty\meshoptimizer\meshoptimizer\src -DWIN32 /fo EvoEngine_App\CMakeFiles\DemoApp.dir\DemoApp.rc.res C:\Users\Brenda\code\EvoEngine\EvoEngine_App\DemoApp.rc
[5/40] C:/PROGRA~1/MIB055~1/2022/COMMUN~1/Common7/IDE/COMMON~1/MICROS~1/CMake/CMake/bin/cmcldeps.exe RC C:\Users\Brenda\code\EvoEngine\EvoEngine_App\TreeDataGeneratorApp.rc EvoEngine_App\CMakeFiles\TreeDataGeneratorApp.dir\TreeDataGeneratorApp.rc.res.d EvoEngine_App\CMakeFiles\TreeDataGeneratorApp.dir\TreeDataGeneratorApp.rc.res "Note: including file: " "C:/Program Files (x86)/Microsoft Visual Studio/2019/Community/VC/Tools/MSVC/14.29.30133/bin/Hostx64/x64/cl.exe" C:\PROGRA~2\WI3CF2~1\10\bin\100261~1.0\x64\rc.exe -DBILLBOARD_CLOUDS_PLUGIN -DCUDA_MODULE_PLUGIN -DDATASET_GENERATION_PLUGIN -DDIGITAL_AGRICULTURE_PLUGIN -DECOSYSLAB_PLUGIN -DGPR_PLUGIN -DGPR_READING=1 -DGPR_WRITING=1 -DLOG_GRADING_PLUGIN -DLOG_SCANNING_PLUGIN -DMESH_REPAIR_PLUGIN -DNOMINMAX -DTEXTURE_BAKING_PLUGIN -DUNIVERSE_PLUGIN -DVK_NO_PROTOTYPES -DVK_USE_PLATFORM_WIN32_KHR -DXML_STATIC=1 -I C:\Users\Brenda\code\EvoEngine\Extern\3rdParty -I C:\Users\Brenda\code\EvoEngine\Extern\3rdParty\zlib\zlib -I C:\Users\Brenda\code\EvoEngine\out\build\x64-Release\Extern\3rdParty\zlib\zlib -I C:\Users\Brenda\code\EvoEngine\Extern\3rdParty\assimp -I C:\Users\Brenda\code\EvoEngine\Extern\3rdParty\assimp\assimp\include -I C:\Users\Brenda\code\EvoEngine\Extern\3rdParty\base64\base64\include -I C:\Users\Brenda\code\EvoEngine\Extern\3rdParty\csvpp\csvpp\include -I C:\Users\Brenda\code\EvoEngine\Extern\3rdParty\glfw\glfw\include -I C:\Users\Brenda\code\EvoEngine\Extern\3rdParty\glm\glm -I C:\Users\Brenda\code\EvoEngine\Extern\3rdParty\imgui\imgui -I C:\Users\Brenda\code\EvoEngine\Extern\3rdParty\imgui\imgui\backends -I C:\Users\Brenda\code\EvoEngine\Extern\3rdParty\imgui\ImGuizmo -I C:\Users\Brenda\code\EvoEngine\Extern\3rdParty\json\json\include -I C:\Users\Brenda\code\EvoEngine\Extern\3rdParty\glslang\glslang\SPIRV -I C:\Users\Brenda\code\EvoEngine\Extern\3rdParty\glslang\glslang\glslang\Public -I C:\Users\Brenda\code\EvoEngine\Extern\3rdParty\stb\stb -I C:\VulkanSDK\1.3.296.0\Include -I C:\Users\Brenda\code\EvoEngine\Extern\3rdParty\volk\volk -I C:\Users\Brenda\code\EvoEngine\Extern\3rdParty\VulkanMemoryAllocator\VulkanMemoryAllocator\include -I C:\Users\Brenda\code\EvoEngine\Extern\3rdParty\xatlas\xatlas\source\xatlas -I C:\Users\Brenda\code\EvoEngine\Extern\3rdParty\yaml-cpp\yaml-cpp\include -I C:\Users\Brenda\code\EvoEngine\Extern\3rdParty\gpr\gpr -I C:\Users\Brenda\code\EvoEngine\Extern\3rdParty\eigen\eigen\Eigen -I C:\Users\Brenda\code\EvoEngine\Extern\3rdParty\tetgen -I C:\Users\Brenda\code\EvoEngine\Extern\3rdParty\tetgen\tetgen -I C:\Users\Brenda\code\EvoEngine\Extern\3rdParty\NsightAftermath -I C:\Users\Brenda\code\EvoEngine\Extern\3rdParty\NsightAftermath\NsightAftermath\include -I C:\Users\Brenda\code\EvoEngine\EvoEngine_SDK\include -I C:\Users\Brenda\code\EvoEngine\EvoEngine_SDK\include\Core -I C:\Users\Brenda\code\EvoEngine\EvoEngine_SDK\include\Core\ECS -I C:\Users\Brenda\code\EvoEngine\EvoEngine_SDK\include\Core\Math -I C:\Users\Brenda\code\EvoEngine\EvoEngine_SDK\include\Layers -I C:\Users\Brenda\code\EvoEngine\EvoEngine_SDK\include\Assets -I C:\Users\Brenda\code\EvoEngine\EvoEngine_SDK\include\Physics -I C:\Users\Brenda\code\EvoEngine\EvoEngine_SDK\include\RayTracing -I C:\Users\Brenda\code\EvoEngine\EvoEngine_SDK\include\Rendering -I C:\Users\Brenda\code\EvoEngine\EvoEngine_SDK\include\Rendering\RenderInstances -I C:\Users\Brenda\code\EvoEngine\EvoEngine_SDK\include\Rendering\PBR -I C:\Users\Brenda\code\EvoEngine\EvoEngine_SDK\include\Rendering\Animation -I C:\Users\Brenda\code\EvoEngine\EvoEngine_SDK\include\Rendering\Renderer -I C:\Users\Brenda\code\EvoEngine\EvoEngine_SDK\include\Rendering\Geometry -I C:\Users\Brenda\code\EvoEngine\EvoEngine_SDK\include\Rendering\Texture -I C:\Users\Brenda\code\EvoEngine\EvoEngine_SDK\include\Rendering\Platform -I C:\Users\Brenda\code\EvoEngine\EvoEngine_SDK\include\Rendering\PostProcessing -I C:\Users\Brenda\code\EvoEngine\EvoEngine_SDK\include\Editor -I C:\Users\Brenda\code\EvoEngine\EvoEngine_SDK\include\Utilities -I C:\Users\Brenda\code\EvoEngine\EvoEngine_SDK\include\Utilities\NsightAftermath -I C:\Users\Brenda\code\EvoEngine\EvoEngine_SDK\include\Utilities\ProceduralNoise -I C:\Users\Brenda\code\EvoEngine\out\build\x64-Release\EvoEngine_SDK -I C:\Users\Brenda\code\EvoEngine\Extern\3rdParty\OptiX\Windows\include -I "C:\Program Files\NVIDIA GPU Computing Toolkit\CUDA\v12.6\include" -I C:\Users\Brenda\code\EvoEngine\EvoEngine_Plugins\CudaModule\include -I C:\Users\Brenda\code\EvoEngine\EvoEngine_Plugins\CudaModule\include\MLVQ -I C:\Users\Brenda\code\EvoEngine\EvoEngine_Plugins\CudaModule\include\RayTracer -I C:\Users\Brenda\code\EvoEngine\EvoEngine_Plugins\CudaModule\include\Utilities -I C:\Users\Brenda\code\EvoEngine\EvoEngine_Plugins\MeshRepair\include -I C:\Users\Brenda\code\EvoEngine\EvoEngine_Plugins\MeshRepair\include\VisibilityTest -I C:\Users\Brenda\code\EvoEngine\EvoEngine_Plugins\TextureBaking\include -I C:\Users\Brenda\code\EvoEngine\EvoEngine_Plugins\Gpr\include -I C:\Users\Brenda\code\EvoEngine\Extern\3rdParty\gpr\gpr\source\lib -I C:\Users\Brenda\code\EvoEngine\Extern\3rdParty\gpr\gpr\source\lib\common\public -I C:\Users\Brenda\code\EvoEngine\Extern\3rdParty\gpr\gpr\source\lib\vc5_common -I C:\Users\Brenda\code\EvoEngine\Extern\3rdParty\gpr\gpr\source\lib\vc5_decoder -I C:\Users\Brenda\code\EvoEngine\Extern\3rdParty\gpr\gpr\source\lib\vc5_encoder -I C:\Users\Brenda\code\EvoEngine\Extern\3rdParty\gpr\gpr\source\lib\dng_sdk -I C:\Users\Brenda\code\EvoEngine\Extern\3rdParty\gpr\gpr\source\lib\gpr_sdk\public -I C:\Users\Brenda\code\EvoEngine\EvoEngine_Plugins\BillboardClouds\include -I C:\Users\Brenda\code\EvoEngine\Extern\3rdParty\pinchot\pinchot\include -I C:\Users\Brenda\code\EvoEngine\EvoEngine_Plugins\EcoSysLab -I C:\Users\Brenda\code\EvoEngine\EvoEngine_Plugins\EcoSysLab\include -I C:\Users\Brenda\code\EvoEngine\EvoEngine_Plugins\EcoSysLab\include\MeshFormation -I C:\Users\Brenda\code\EvoEngine\EvoEngine_Plugins\EcoSysLab\include\Physics\DynamicSkeleton -I C:\Users\Brenda\code\EvoEngine\EvoEngine_Plugins\EcoSysLab\include\Physics\DynamicStrands -I C:\Users\Brenda\code\EvoEngine\EvoEngine_Plugins\EcoSysLab\include\TreeModel\Descriptors -I C:\Users\Brenda\code\EvoEngine\EvoEngine_Plugins\EcoSysLab\include\Utilities\SpatialCompetition -I C:\Users\Brenda\code\EvoEngine\EvoEngine_Plugins\EcoSysLab\include\Physics -I C:\Users\Brenda\code\EvoEngine\EvoEngine_Plugins\EcoSysLab\include\Utilities\TreeIO -I C:\Users\Brenda\code\EvoEngine\EvoEngine_Plugins\EcoSysLab\include\Volumes -I C:\Users\Brenda\code\EvoEngine\EvoEngine_Plugins\EcoSysLab\include\ClimateModel -I C:\Users\Brenda\code\EvoEngine\EvoEngine_Plugins\EcoSysLab\include\SoilModel -I C:\Users\Brenda\code\EvoEngine\EvoEngine_Plugins\EcoSysLab\include\TreeModel\StrandModel -I C:\Users\Brenda\code\EvoEngine\EvoEngine_Plugins\EcoSysLab\include\TreeModel\DynamicTreeStrandGraph -I C:\Users\Brenda\code\EvoEngine\EvoEngine_Plugins\EcoSysLab\include\TreeModel -I C:\Users\Brenda\code\EvoEngine\EvoEngine_Plugins\EcoSysLab\include\Utilities -I C:\Users\Brenda\code\EvoEngine\EvoEngine_Plugins\EcoSysLab\include\Structures -I C:\Users\Brenda\code\EvoEngine\EvoEngine_Plugins\EcoSysLab\include\Reconstruction -I C:\Users\Brenda\code\EvoEngine\EvoEngine_Plugins\DigitalAgriculture\include -I C:\Users\Brenda\code\EvoEngine\EvoEngine_Plugins\DigitalAgriculture\include\SorghumModel -I C:\Users\Brenda\code\EvoEngine\EvoEngine_Plugins\DatasetGeneration\include -I C:\Users\Brenda\code\EvoEngine\EvoEngine_Plugins\DatasetGeneration\include\SorghumModel -I C:\Users\Brenda\code\EvoEngine\EvoEngine_Plugins\LogGrading\include -I C:\Users\Brenda\code\EvoEngine\EvoEngine_Plugins\LogScanning\include -I C:\Users\Brenda\code\EvoEngine\EvoEngine_Plugins\Universe\include -I C:\Users\Brenda\code\EvoEngine\Extern\3rdParty\assimp\assimp\code\..\include -I C:\Users\Brenda\code\EvoEngine\out\build\x64-Release\Extern\3rdParty\assimp\assimp\code\..\include -I C:\Users\Brenda\code\EvoEngine\Extern\3rdParty\base64 -I C:\Users\Brenda\code\EvoEngine\Extern\3rdParty\csvpp -I C:\Users\Brenda\code\EvoEngine\Extern\3rdParty\glslang\glslang\glslang\.. -I C:\Users\Brenda\code\EvoEngine\out\build\x64-Release\include -I C:\Users\Brenda\code\EvoEngine\Extern\3rdParty\glslang\glslang\SPIRV\.. -I C:\Users\Brenda\code\EvoEngine\Extern\3rdParty\meshoptimizer\meshoptimizer\src -DWIN32 /fo EvoEngine_App\CMakeFiles\TreeDataGeneratorApp.dir\TreeDataGeneratorApp.rc.res C:\Users\Brenda\code\EvoEngine\EvoEngine_App\TreeDataGeneratorApp.rc
[6/40] C:/PROGRA~1/MIB055~1/2022/COMMUN~1/Common7/IDE/COMMON~1/MICROS~1/CMake/CMake/bin/cmcldeps.exe RC C:\Users\Brenda\code\EvoEngine\EvoEngine_App\EcoSysLabApp.rc EvoEngine_App\CMakeFiles\EcoSysLabApp.dir\EcoSysLabApp.rc.res.d EvoEngine_App\CMakeFiles\EcoSysLabApp.dir\EcoSysLabApp.rc.res "Note: including file: " "C:/Program Files (x86)/Microsoft Visual Studio/2019/Community/VC/Tools/MSVC/14.29.30133/bin/Hostx64/x64/cl.exe" C:\PROGRA~2\WI3CF2~1\10\bin\100261~1.0\x64\rc.exe -DBILLBOARD_CLOUDS_PLUGIN -DCUDA_MODULE_PLUGIN -DDATASET_GENERATION_PLUGIN -DDIGITAL_AGRICULTURE_PLUGIN -DECOSYSLAB_PLUGIN -DGPR_PLUGIN -DGPR_READING=1 -DGPR_WRITING=1 -DLOG_GRADING_PLUGIN -DLOG_SCANNING_PLUGIN -DMESH_REPAIR_PLUGIN -DNOMINMAX -DTEXTURE_BAKING_PLUGIN -DUNIVERSE_PLUGIN -DVK_NO_PROTOTYPES -DVK_USE_PLATFORM_WIN32_KHR -DXML_STATIC=1 -I C:\Users\Brenda\code\EvoEngine\Extern\3rdParty -I C:\Users\Brenda\code\EvoEngine\Extern\3rdParty\zlib\zlib -I C:\Users\Brenda\code\EvoEngine\out\build\x64-Release\Extern\3rdParty\zlib\zlib -I C:\Users\Brenda\code\EvoEngine\Extern\3rdParty\assimp -I C:\Users\Brenda\code\EvoEngine\Extern\3rdParty\assimp\assimp\include -I C:\Users\Brenda\code\EvoEngine\Extern\3rdParty\base64\base64\include -I C:\Users\Brenda\code\EvoEngine\Extern\3rdParty\csvpp\csvpp\include -I C:\Users\Brenda\code\EvoEngine\Extern\3rdParty\glfw\glfw\include -I C:\Users\Brenda\code\EvoEngine\Extern\3rdParty\glm\glm -I C:\Users\Brenda\code\EvoEngine\Extern\3rdParty\imgui\imgui -I C:\Users\Brenda\code\EvoEngine\Extern\3rdParty\imgui\imgui\backends -I C:\Users\Brenda\code\EvoEngine\Extern\3rdParty\imgui\ImGuizmo -I C:\Users\Brenda\code\EvoEngine\Extern\3rdParty\json\json\include -I C:\Users\Brenda\code\EvoEngine\Extern\3rdParty\glslang\glslang\SPIRV -I C:\Users\Brenda\code\EvoEngine\Extern\3rdParty\glslang\glslang\glslang\Public -I C:\Users\Brenda\code\EvoEngine\Extern\3rdParty\stb\stb -I C:\VulkanSDK\1.3.296.0\Include -I C:\Users\Brenda\code\EvoEngine\Extern\3rdParty\volk\volk -I C:\Users\Brenda\code\EvoEngine\Extern\3rdParty\VulkanMemoryAllocator\VulkanMemoryAllocator\include -I C:\Users\Brenda\code\EvoEngine\Extern\3rdParty\xatlas\xatlas\source\xatlas -I C:\Users\Brenda\code\EvoEngine\Extern\3rdParty\yaml-cpp\yaml-cpp\include -I C:\Users\Brenda\code\EvoEngine\Extern\3rdParty\gpr\gpr -I C:\Users\Brenda\code\EvoEngine\Extern\3rdParty\eigen\eigen\Eigen -I C:\Users\Brenda\code\EvoEngine\Extern\3rdParty\tetgen -I C:\Users\Brenda\code\EvoEngine\Extern\3rdParty\tetgen\tetgen -I C:\Users\Brenda\code\EvoEngine\Extern\3rdParty\NsightAftermath -I C:\Users\Brenda\code\EvoEngine\Extern\3rdParty\NsightAftermath\NsightAftermath\include -I C:\Users\Brenda\code\EvoEngine\EvoEngine_SDK\include -I C:\Users\Brenda\code\EvoEngine\EvoEngine_SDK\include\Core -I C:\Users\Brenda\code\EvoEngine\EvoEngine_SDK\include\Core\ECS -I C:\Users\Brenda\code\EvoEngine\EvoEngine_SDK\include\Core\Math -I C:\Users\Brenda\code\EvoEngine\EvoEngine_SDK\include\Layers -I C:\Users\Brenda\code\EvoEngine\EvoEngine_SDK\include\Assets -I C:\Users\Brenda\code\EvoEngine\EvoEngine_SDK\include\Physics -I C:\Users\Brenda\code\EvoEngine\EvoEngine_SDK\include\RayTracing -I C:\Users\Brenda\code\EvoEngine\EvoEngine_SDK\include\Rendering -I C:\Users\Brenda\code\EvoEngine\EvoEngine_SDK\include\Rendering\RenderInstances -I C:\Users\Brenda\code\EvoEngine\EvoEngine_SDK\include\Rendering\PBR -I C:\Users\Brenda\code\EvoEngine\EvoEngine_SDK\include\Rendering\Animation -I C:\Users\Brenda\code\EvoEngine\EvoEngine_SDK\include\Rendering\Renderer -I C:\Users\Brenda\code\EvoEngine\EvoEngine_SDK\include\Rendering\Geometry -I C:\Users\Brenda\code\EvoEngine\EvoEngine_SDK\include\Rendering\Texture -I C:\Users\Brenda\code\EvoEngine\EvoEngine_SDK\include\Rendering\Platform -I C:\Users\Brenda\code\EvoEngine\EvoEngine_SDK\include\Rendering\PostProcessing -I C:\Users\Brenda\code\EvoEngine\EvoEngine_SDK\include\Editor -I C:\Users\Brenda\code\EvoEngine\EvoEngine_SDK\include\Utilities -I C:\Users\Brenda\code\EvoEngine\EvoEngine_SDK\include\Utilities\NsightAftermath -I C:\Users\Brenda\code\EvoEngine\EvoEngine_SDK\include\Utilities\ProceduralNoise -I C:\Users\Brenda\code\EvoEngine\out\build\x64-Release\EvoEngine_SDK -I C:\Users\Brenda\code\EvoEngine\Extern\3rdParty\OptiX\Windows\include -I "C:\Program Files\NVIDIA GPU Computing Toolkit\CUDA\v12.6\include" -I C:\Users\Brenda\code\EvoEngine\EvoEngine_Plugins\CudaModule\include -I C:\Users\Brenda\code\EvoEngine\EvoEngine_Plugins\CudaModule\include\MLVQ -I C:\Users\Brenda\code\EvoEngine\EvoEngine_Plugins\CudaModule\include\RayTracer -I C:\Users\Brenda\code\EvoEngine\EvoEngine_Plugins\CudaModule\include\Utilities -I C:\Users\Brenda\code\EvoEngine\EvoEngine_Plugins\MeshRepair\include -I C:\Users\Brenda\code\EvoEngine\EvoEngine_Plugins\MeshRepair\include\VisibilityTest -I C:\Users\Brenda\code\EvoEngine\EvoEngine_Plugins\TextureBaking\include -I C:\Users\Brenda\code\EvoEngine\EvoEngine_Plugins\Gpr\include -I C:\Users\Brenda\code\EvoEngine\Extern\3rdParty\gpr\gpr\source\lib -I C:\Users\Brenda\code\EvoEngine\Extern\3rdParty\gpr\gpr\source\lib\common\public -I C:\Users\Brenda\code\EvoEngine\Extern\3rdParty\gpr\gpr\source\lib\vc5_common -I C:\Users\Brenda\code\EvoEngine\Extern\3rdParty\gpr\gpr\source\lib\vc5_decoder -I C:\Users\Brenda\code\EvoEngine\Extern\3rdParty\gpr\gpr\source\lib\vc5_encoder -I C:\Users\Brenda\code\EvoEngine\Extern\3rdParty\gpr\gpr\source\lib\dng_sdk -I C:\Users\Brenda\code\EvoEngine\Extern\3rdParty\gpr\gpr\source\lib\gpr_sdk\public -I C:\Users\Brenda\code\EvoEngine\EvoEngine_Plugins\BillboardClouds\include -I C:\Users\Brenda\code\EvoEngine\Extern\3rdParty\pinchot\pinchot\include -I C:\Users\Brenda\code\EvoEngine\EvoEngine_Plugins\EcoSysLab -I C:\Users\Brenda\code\EvoEngine\EvoEngine_Plugins\EcoSysLab\include -I C:\Users\Brenda\code\EvoEngine\EvoEngine_Plugins\EcoSysLab\include\MeshFormation -I C:\Users\Brenda\code\EvoEngine\EvoEngine_Plugins\EcoSysLab\include\Physics\DynamicSkeleton -I C:\Users\Brenda\code\EvoEngine\EvoEngine_Plugins\EcoSysLab\include\Physics\DynamicStrands -I C:\Users\Brenda\code\EvoEngine\EvoEngine_Plugins\EcoSysLab\include\TreeModel\Descriptors -I C:\Users\Brenda\code\EvoEngine\EvoEngine_Plugins\EcoSysLab\include\Utilities\SpatialCompetition -I C:\Users\Brenda\code\EvoEngine\EvoEngine_Plugins\EcoSysLab\include\Physics -I C:\Users\Brenda\code\EvoEngine\EvoEngine_Plugins\EcoSysLab\include\Utilities\TreeIO -I C:\Users\Brenda\code\EvoEngine\EvoEngine_Plugins\EcoSysLab\include\Volumes -I C:\Users\Brenda\code\EvoEngine\EvoEngine_Plugins\EcoSysLab\include\ClimateModel -I C:\Users\Brenda\code\EvoEngine\EvoEngine_Plugins\EcoSysLab\include\SoilModel -I C:\Users\Brenda\code\EvoEngine\EvoEngine_Plugins\EcoSysLab\include\TreeModel\StrandModel -I C:\Users\Brenda\code\EvoEngine\EvoEngine_Plugins\EcoSysLab\include\TreeModel\DynamicTreeStrandGraph -I C:\Users\Brenda\code\EvoEngine\EvoEngine_Plugins\EcoSysLab\include\TreeModel -I C:\Users\Brenda\code\EvoEngine\EvoEngine_Plugins\EcoSysLab\include\Utilities -I C:\Users\Brenda\code\EvoEngine\EvoEngine_Plugins\EcoSysLab\include\Structures -I C:\Users\Brenda\code\EvoEngine\EvoEngine_Plugins\EcoSysLab\include\Reconstruction -I C:\Users\Brenda\code\EvoEngine\EvoEngine_Plugins\DigitalAgriculture\include -I C:\Users\Brenda\code\EvoEngine\EvoEngine_Plugins\DigitalAgriculture\include\SorghumModel -I C:\Users\Brenda\code\EvoEngine\EvoEngine_Plugins\DatasetGeneration\include -I C:\Users\Brenda\code\EvoEngine\EvoEngine_Plugins\DatasetGeneration\include\SorghumModel -I C:\Users\Brenda\code\EvoEngine\EvoEngine_Plugins\LogGrading\include -I C:\Users\Brenda\code\EvoEngine\EvoEngine_Plugins\LogScanning\include -I C:\Users\Brenda\code\EvoEngine\EvoEngine_Plugins\Universe\include -I C:\Users\Brenda\code\EvoEngine\Extern\3rdParty\assimp\assimp\code\..\include -I C:\Users\Brenda\code\EvoEngine\out\build\x64-Release\Extern\3rdParty\assimp\assimp\code\..\include -I C:\Users\Brenda\code\EvoEngine\Extern\3rdParty\base64 -I C:\Users\Brenda\code\EvoEngine\Extern\3rdParty\csvpp -I C:\Users\Brenda\code\EvoEngine\Extern\3rdParty\glslang\glslang\glslang\.. -I C:\Users\Brenda\code\EvoEngine\out\build\x64-Release\include -I C:\Users\Brenda\code\EvoEngine\Extern\3rdParty\glslang\glslang\SPIRV\.. -I C:\Users\Brenda\code\EvoEngine\Extern\3rdParty\meshoptimizer\meshoptimizer\src -DWIN32 /fo EvoEngine_App\CMakeFiles\EcoSysLabApp.dir\EcoSysLabApp.rc.res C:\Users\Brenda\code\EvoEngine\EvoEngine_App\EcoSysLabApp.rc
[7/40] C:/PROGRA~1/MIB055~1/2022/COMMUN~1/Common7/IDE/COMMON~1/MICROS~1/CMake/CMake/bin/cmcldeps.exe RC C:\Users\Brenda\code\EvoEngine\EvoEngine_App\DigitalAgricultureApp.rc EvoEngine_App\CMakeFiles\DigitalAgricultureApp.dir\DigitalAgricultureApp.rc.res.d EvoEngine_App\CMakeFiles\DigitalAgricultureApp.dir\DigitalAgricultureApp.rc.res "Note: including file: " "C:/Program Files (x86)/Microsoft Visual Studio/2019/Community/VC/Tools/MSVC/14.29.30133/bin/Hostx64/x64/cl.exe" C:\PROGRA~2\WI3CF2~1\10\bin\100261~1.0\x64\rc.exe -DBILLBOARD_CLOUDS_PLUGIN -DCUDA_MODULE_PLUGIN -DDATASET_GENERATION_PLUGIN -DDIGITAL_AGRICULTURE_PLUGIN -DECOSYSLAB_PLUGIN -DGPR_PLUGIN -DGPR_READING=1 -DGPR_WRITING=1 -DLOG_GRADING_PLUGIN -DLOG_SCANNING_PLUGIN -DMESH_REPAIR_PLUGIN -DNOMINMAX -DTEXTURE_BAKING_PLUGIN -DUNIVERSE_PLUGIN -DVK_NO_PROTOTYPES -DVK_USE_PLATFORM_WIN32_KHR -DXML_STATIC=1 -I C:\Users\Brenda\code\EvoEngine\Extern\3rdParty -I C:\Users\Brenda\code\EvoEngine\Extern\3rdParty\zlib\zlib -I C:\Users\Brenda\code\EvoEngine\out\build\x64-Release\Extern\3rdParty\zlib\zlib -I C:\Users\Brenda\code\EvoEngine\Extern\3rdParty\assimp -I C:\Users\Brenda\code\EvoEngine\Extern\3rdParty\assimp\assimp\include -I C:\Users\Brenda\code\EvoEngine\Extern\3rdParty\base64\base64\include -I C:\Users\Brenda\code\EvoEngine\Extern\3rdParty\csvpp\csvpp\include -I C:\Users\Brenda\code\EvoEngine\Extern\3rdParty\glfw\glfw\include -I C:\Users\Brenda\code\EvoEngine\Extern\3rdParty\glm\glm -I C:\Users\Brenda\code\EvoEngine\Extern\3rdParty\imgui\imgui -I C:\Users\Brenda\code\EvoEngine\Extern\3rdParty\imgui\imgui\backends -I C:\Users\Brenda\code\EvoEngine\Extern\3rdParty\imgui\ImGuizmo -I C:\Users\Brenda\code\EvoEngine\Extern\3rdParty\json\json\include -I C:\Users\Brenda\code\EvoEngine\Extern\3rdParty\glslang\glslang\SPIRV -I C:\Users\Brenda\code\EvoEngine\Extern\3rdParty\glslang\glslang\glslang\Public -I C:\Users\Brenda\code\EvoEngine\Extern\3rdParty\stb\stb -I C:\VulkanSDK\1.3.296.0\Include -I C:\Users\Brenda\code\EvoEngine\Extern\3rdParty\volk\volk -I C:\Users\Brenda\code\EvoEngine\Extern\3rdParty\VulkanMemoryAllocator\VulkanMemoryAllocator\include -I C:\Users\Brenda\code\EvoEngine\Extern\3rdParty\xatlas\xatlas\source\xatlas -I C:\Users\Brenda\code\EvoEngine\Extern\3rdParty\yaml-cpp\yaml-cpp\include -I C:\Users\Brenda\code\EvoEngine\Extern\3rdParty\gpr\gpr -I C:\Users\Brenda\code\EvoEngine\Extern\3rdParty\eigen\eigen\Eigen -I C:\Users\Brenda\code\EvoEngine\Extern\3rdParty\tetgen -I C:\Users\Brenda\code\EvoEngine\Extern\3rdParty\tetgen\tetgen -I C:\Users\Brenda\code\EvoEngine\Extern\3rdParty\NsightAftermath -I C:\Users\Brenda\code\EvoEngine\Extern\3rdParty\NsightAftermath\NsightAftermath\include -I C:\Users\Brenda\code\EvoEngine\EvoEngine_SDK\include -I C:\Users\Brenda\code\EvoEngine\EvoEngine_SDK\include\Core -I C:\Users\Brenda\code\EvoEngine\EvoEngine_SDK\include\Core\ECS -I C:\Users\Brenda\code\EvoEngine\EvoEngine_SDK\include\Core\Math -I C:\Users\Brenda\code\EvoEngine\EvoEngine_SDK\include\Layers -I C:\Users\Brenda\code\EvoEngine\EvoEngine_SDK\include\Assets -I C:\Users\Brenda\code\EvoEngine\EvoEngine_SDK\include\Physics -I C:\Users\Brenda\code\EvoEngine\EvoEngine_SDK\include\RayTracing -I C:\Users\Brenda\code\EvoEngine\EvoEngine_SDK\include\Rendering -I C:\Users\Brenda\code\EvoEngine\EvoEngine_SDK\include\Rendering\RenderInstances -I C:\Users\Brenda\code\EvoEngine\EvoEngine_SDK\include\Rendering\PBR -I C:\Users\Brenda\code\EvoEngine\EvoEngine_SDK\include\Rendering\Animation -I C:\Users\Brenda\code\EvoEngine\EvoEngine_SDK\include\Rendering\Renderer -I C:\Users\Brenda\code\EvoEngine\EvoEngine_SDK\include\Rendering\Geometry -I C:\Users\Brenda\code\EvoEngine\EvoEngine_SDK\include\Rendering\Texture -I C:\Users\Brenda\code\EvoEngine\EvoEngine_SDK\include\Rendering\Platform -I C:\Users\Brenda\code\EvoEngine\EvoEngine_SDK\include\Rendering\PostProcessing -I C:\Users\Brenda\code\EvoEngine\EvoEngine_SDK\include\Editor -I C:\Users\Brenda\code\EvoEngine\EvoEngine_SDK\include\Utilities -I C:\Users\Brenda\code\EvoEngine\EvoEngine_SDK\include\Utilities\NsightAftermath -I C:\Users\Brenda\code\EvoEngine\EvoEngine_SDK\include\Utilities\ProceduralNoise -I C:\Users\Brenda\code\EvoEngine\out\build\x64-Release\EvoEngine_SDK -I C:\Users\Brenda\code\EvoEngine\Extern\3rdParty\OptiX\Windows\include -I "C:\Program Files\NVIDIA GPU Computing Toolkit\CUDA\v12.6\include" -I C:\Users\Brenda\code\EvoEngine\EvoEngine_Plugins\CudaModule\include -I C:\Users\Brenda\code\EvoEngine\EvoEngine_Plugins\CudaModule\include\MLVQ -I C:\Users\Brenda\code\EvoEngine\EvoEngine_Plugins\CudaModule\include\RayTracer -I C:\Users\Brenda\code\EvoEngine\EvoEngine_Plugins\CudaModule\include\Utilities -I C:\Users\Brenda\code\EvoEngine\EvoEngine_Plugins\MeshRepair\include -I C:\Users\Brenda\code\EvoEngine\EvoEngine_Plugins\MeshRepair\include\VisibilityTest -I C:\Users\Brenda\code\EvoEngine\EvoEngine_Plugins\TextureBaking\include -I C:\Users\Brenda\code\EvoEngine\EvoEngine_Plugins\Gpr\include -I C:\Users\Brenda\code\EvoEngine\Extern\3rdParty\gpr\gpr\source\lib -I C:\Users\Brenda\code\EvoEngine\Extern\3rdParty\gpr\gpr\source\lib\common\public -I C:\Users\Brenda\code\EvoEngine\Extern\3rdParty\gpr\gpr\source\lib\vc5_common -I C:\Users\Brenda\code\EvoEngine\Extern\3rdParty\gpr\gpr\source\lib\vc5_decoder -I C:\Users\Brenda\code\EvoEngine\Extern\3rdParty\gpr\gpr\source\lib\vc5_encoder -I C:\Users\Brenda\code\EvoEngine\Extern\3rdParty\gpr\gpr\source\lib\dng_sdk -I C:\Users\Brenda\code\EvoEngine\Extern\3rdParty\gpr\gpr\source\lib\gpr_sdk\public -I C:\Users\Brenda\code\EvoEngine\EvoEngine_Plugins\BillboardClouds\include -I C:\Users\Brenda\code\EvoEngine\Extern\3rdParty\pinchot\pinchot\include -I C:\Users\Brenda\code\EvoEngine\EvoEngine_Plugins\EcoSysLab -I C:\Users\Brenda\code\EvoEngine\EvoEngine_Plugins\EcoSysLab\include -I C:\Users\Brenda\code\EvoEngine\EvoEngine_Plugins\EcoSysLab\include\MeshFormation -I C:\Users\Brenda\code\EvoEngine\EvoEngine_Plugins\EcoSysLab\include\Physics\DynamicSkeleton -I C:\Users\Brenda\code\EvoEngine\EvoEngine_Plugins\EcoSysLab\include\Physics\DynamicStrands -I C:\Users\Brenda\code\EvoEngine\EvoEngine_Plugins\EcoSysLab\include\TreeModel\Descriptors -I C:\Users\Brenda\code\EvoEngine\EvoEngine_Plugins\EcoSysLab\include\Utilities\SpatialCompetition -I C:\Users\Brenda\code\EvoEngine\EvoEngine_Plugins\EcoSysLab\include\Physics -I C:\Users\Brenda\code\EvoEngine\EvoEngine_Plugins\EcoSysLab\include\Utilities\TreeIO -I C:\Users\Brenda\code\EvoEngine\EvoEngine_Plugins\EcoSysLab\include\Volumes -I C:\Users\Brenda\code\EvoEngine\EvoEngine_Plugins\EcoSysLab\include\ClimateModel -I C:\Users\Brenda\code\EvoEngine\EvoEngine_Plugins\EcoSysLab\include\SoilModel -I C:\Users\Brenda\code\EvoEngine\EvoEngine_Plugins\EcoSysLab\include\TreeModel\StrandModel -I C:\Users\Brenda\code\EvoEngine\EvoEngine_Plugins\EcoSysLab\include\TreeModel\DynamicTreeStrandGraph -I C:\Users\Brenda\code\EvoEngine\EvoEngine_Plugins\EcoSysLab\include\TreeModel -I C:\Users\Brenda\code\EvoEngine\EvoEngine_Plugins\EcoSysLab\include\Utilities -I C:\Users\Brenda\code\EvoEngine\EvoEngine_Plugins\EcoSysLab\include\Structures -I C:\Users\Brenda\code\EvoEngine\EvoEngine_Plugins\EcoSysLab\include\Reconstruction -I C:\Users\Brenda\code\EvoEngine\EvoEngine_Plugins\DigitalAgriculture\include -I C:\Users\Brenda\code\EvoEngine\EvoEngine_Plugins\DigitalAgriculture\include\SorghumModel -I C:\Users\Brenda\code\EvoEngine\EvoEngine_Plugins\DatasetGeneration\include -I C:\Users\Brenda\code\EvoEngine\EvoEngine_Plugins\DatasetGeneration\include\SorghumModel -I C:\Users\Brenda\code\EvoEngine\EvoEngine_Plugins\LogGrading\include -I C:\Users\Brenda\code\EvoEngine\EvoEngine_Plugins\LogScanning\include -I C:\Users\Brenda\code\EvoEngine\EvoEngine_Plugins\Universe\include -I C:\Users\Brenda\code\EvoEngine\Extern\3rdParty\assimp\assimp\code\..\include -I C:\Users\Brenda\code\EvoEngine\out\build\x64-Release\Extern\3rdParty\assimp\assimp\code\..\include -I C:\Users\Brenda\code\EvoEngine\Extern\3rdParty\base64 -I C:\Users\Brenda\code\EvoEngine\Extern\3rdParty\csvpp -I C:\Users\Brenda\code\EvoEngine\Extern\3rdParty\glslang\glslang\glslang\.. -I C:\Users\Brenda\code\EvoEngine\out\build\x64-Release\include -I C:\Users\Brenda\code\EvoEngine\Extern\3rdParty\glslang\glslang\SPIRV\.. -I C:\Users\Brenda\code\EvoEngine\Extern\3rdParty\meshoptimizer\meshoptimizer\src -DWIN32 /fo EvoEngine_App\CMakeFiles\DigitalAgricultureApp.dir\DigitalAgricultureApp.rc.res C:\Users\Brenda\code\EvoEngine\EvoEngine_App\DigitalAgricultureApp.rc
[8/40] C:/PROGRA~1/MIB055~1/2022/COMMUN~1/Common7/IDE/COMMON~1/MICROS~1/CMake/CMake/bin/cmcldeps.exe RC C:\Users\Brenda\code\EvoEngine\EvoEngine_App\SorghumDataGeneratorApp.rc EvoEngine_App\CMakeFiles\SorghumDataGeneratorApp.dir\SorghumDataGeneratorApp.rc.res.d EvoEngine_App\CMakeFiles\SorghumDataGeneratorApp.dir\SorghumDataGeneratorApp.rc.res "Note: including file: " "C:/Program Files (x86)/Microsoft Visual Studio/2019/Community/VC/Tools/MSVC/14.29.30133/bin/Hostx64/x64/cl.exe" C:\PROGRA~2\WI3CF2~1\10\bin\100261~1.0\x64\rc.exe -DBILLBOARD_CLOUDS_PLUGIN -DCUDA_MODULE_PLUGIN -DDATASET_GENERATION_PLUGIN -DDIGITAL_AGRICULTURE_PLUGIN -DECOSYSLAB_PLUGIN -DGPR_PLUGIN -DGPR_READING=1 -DGPR_WRITING=1 -DLOG_GRADING_PLUGIN -DLOG_SCANNING_PLUGIN -DMESH_REPAIR_PLUGIN -DNOMINMAX -DTEXTURE_BAKING_PLUGIN -DUNIVERSE_PLUGIN -DVK_NO_PROTOTYPES -DVK_USE_PLATFORM_WIN32_KHR -DXML_STATIC=1 -I C:\Users\Brenda\code\EvoEngine\Extern\3rdParty -I C:\Users\Brenda\code\EvoEngine\Extern\3rdParty\zlib\zlib -I C:\Users\Brenda\code\EvoEngine\out\build\x64-Release\Extern\3rdParty\zlib\zlib -I C:\Users\Brenda\code\EvoEngine\Extern\3rdParty\assimp -I C:\Users\Brenda\code\EvoEngine\Extern\3rdParty\assimp\assimp\include -I C:\Users\Brenda\code\EvoEngine\Extern\3rdParty\base64\base64\include -I C:\Users\Brenda\code\EvoEngine\Extern\3rdParty\csvpp\csvpp\include -I C:\Users\Brenda\code\EvoEngine\Extern\3rdParty\glfw\glfw\include -I C:\Users\Brenda\code\EvoEngine\Extern\3rdParty\glm\glm -I C:\Users\Brenda\code\EvoEngine\Extern\3rdParty\imgui\imgui -I C:\Users\Brenda\code\EvoEngine\Extern\3rdParty\imgui\imgui\backends -I C:\Users\Brenda\code\EvoEngine\Extern\3rdParty\imgui\ImGuizmo -I C:\Users\Brenda\code\EvoEngine\Extern\3rdParty\json\json\include -I C:\Users\Brenda\code\EvoEngine\Extern\3rdParty\glslang\glslang\SPIRV -I C:\Users\Brenda\code\EvoEngine\Extern\3rdParty\glslang\glslang\glslang\Public -I C:\Users\Brenda\code\EvoEngine\Extern\3rdParty\stb\stb -I C:\VulkanSDK\1.3.296.0\Include -I C:\Users\Brenda\code\EvoEngine\Extern\3rdParty\volk\volk -I C:\Users\Brenda\code\EvoEngine\Extern\3rdParty\VulkanMemoryAllocator\VulkanMemoryAllocator\include -I C:\Users\Brenda\code\EvoEngine\Extern\3rdParty\xatlas\xatlas\source\xatlas -I C:\Users\Brenda\code\EvoEngine\Extern\3rdParty\yaml-cpp\yaml-cpp\include -I C:\Users\Brenda\code\EvoEngine\Extern\3rdParty\gpr\gpr -I C:\Users\Brenda\code\EvoEngine\Extern\3rdParty\eigen\eigen\Eigen -I C:\Users\Brenda\code\EvoEngine\Extern\3rdParty\tetgen -I C:\Users\Brenda\code\EvoEngine\Extern\3rdParty\tetgen\tetgen -I C:\Users\Brenda\code\EvoEngine\Extern\3rdParty\NsightAftermath -I C:\Users\Brenda\code\EvoEngine\Extern\3rdParty\NsightAftermath\NsightAftermath\include -I C:\Users\Brenda\code\EvoEngine\EvoEngine_SDK\include -I C:\Users\Brenda\code\EvoEngine\EvoEngine_SDK\include\Core -I C:\Users\Brenda\code\EvoEngine\EvoEngine_SDK\include\Core\ECS -I C:\Users\Brenda\code\EvoEngine\EvoEngine_SDK\include\Core\Math -I C:\Users\Brenda\code\EvoEngine\EvoEngine_SDK\include\Layers -I C:\Users\Brenda\code\EvoEngine\EvoEngine_SDK\include\Assets -I C:\Users\Brenda\code\EvoEngine\EvoEngine_SDK\include\Physics -I C:\Users\Brenda\code\EvoEngine\EvoEngine_SDK\include\RayTracing -I C:\Users\Brenda\code\EvoEngine\EvoEngine_SDK\include\Rendering -I C:\Users\Brenda\code\EvoEngine\EvoEngine_SDK\include\Rendering\RenderInstances -I C:\Users\Brenda\code\EvoEngine\EvoEngine_SDK\include\Rendering\PBR -I C:\Users\Brenda\code\EvoEngine\EvoEngine_SDK\include\Rendering\Animation -I C:\Users\Brenda\code\EvoEngine\EvoEngine_SDK\include\Rendering\Renderer -I C:\Users\Brenda\code\EvoEngine\EvoEngine_SDK\include\Rendering\Geometry -I C:\Users\Brenda\code\EvoEngine\EvoEngine_SDK\include\Rendering\Texture -I C:\Users\Brenda\code\EvoEngine\EvoEngine_SDK\include\Rendering\Platform -I C:\Users\Brenda\code\EvoEngine\EvoEngine_SDK\include\Rendering\PostProcessing -I C:\Users\Brenda\code\EvoEngine\EvoEngine_SDK\include\Editor -I C:\Users\Brenda\code\EvoEngine\EvoEngine_SDK\include\Utilities -I C:\Users\Brenda\code\EvoEngine\EvoEngine_SDK\include\Utilities\NsightAftermath -I C:\Users\Brenda\code\EvoEngine\EvoEngine_SDK\include\Utilities\ProceduralNoise -I C:\Users\Brenda\code\EvoEngine\out\build\x64-Release\EvoEngine_SDK -I C:\Users\Brenda\code\EvoEngine\Extern\3rdParty\OptiX\Windows\include -I "C:\Program Files\NVIDIA GPU Computing Toolkit\CUDA\v12.6\include" -I C:\Users\Brenda\code\EvoEngine\EvoEngine_Plugins\CudaModule\include -I C:\Users\Brenda\code\EvoEngine\EvoEngine_Plugins\CudaModule\include\MLVQ -I C:\Users\Brenda\code\EvoEngine\EvoEngine_Plugins\CudaModule\include\RayTracer -I C:\Users\Brenda\code\EvoEngine\EvoEngine_Plugins\CudaModule\include\Utilities -I C:\Users\Brenda\code\EvoEngine\EvoEngine_Plugins\MeshRepair\include -I C:\Users\Brenda\code\EvoEngine\EvoEngine_Plugins\MeshRepair\include\VisibilityTest -I C:\Users\Brenda\code\EvoEngine\EvoEngine_Plugins\TextureBaking\include -I C:\Users\Brenda\code\EvoEngine\EvoEngine_Plugins\Gpr\include -I C:\Users\Brenda\code\EvoEngine\Extern\3rdParty\gpr\gpr\source\lib -I C:\Users\Brenda\code\EvoEngine\Extern\3rdParty\gpr\gpr\source\lib\common\public -I C:\Users\Brenda\code\EvoEngine\Extern\3rdParty\gpr\gpr\source\lib\vc5_common -I C:\Users\Brenda\code\EvoEngine\Extern\3rdParty\gpr\gpr\source\lib\vc5_decoder -I C:\Users\Brenda\code\EvoEngine\Extern\3rdParty\gpr\gpr\source\lib\vc5_encoder -I C:\Users\Brenda\code\EvoEngine\Extern\3rdParty\gpr\gpr\source\lib\dng_sdk -I C:\Users\Brenda\code\EvoEngine\Extern\3rdParty\gpr\gpr\source\lib\gpr_sdk\public -I C:\Users\Brenda\code\EvoEngine\EvoEngine_Plugins\BillboardClouds\include -I C:\Users\Brenda\code\EvoEngine\Extern\3rdParty\pinchot\pinchot\include -I C:\Users\Brenda\code\EvoEngine\EvoEngine_Plugins\EcoSysLab -I C:\Users\Brenda\code\EvoEngine\EvoEngine_Plugins\EcoSysLab\include -I C:\Users\Brenda\code\EvoEngine\EvoEngine_Plugins\EcoSysLab\include\MeshFormation -I C:\Users\Brenda\code\EvoEngine\EvoEngine_Plugins\EcoSysLab\include\Physics\DynamicSkeleton -I C:\Users\Brenda\code\EvoEngine\EvoEngine_Plugins\EcoSysLab\include\Physics\DynamicStrands -I C:\Users\Brenda\code\EvoEngine\EvoEngine_Plugins\EcoSysLab\include\TreeModel\Descriptors -I C:\Users\Brenda\code\EvoEngine\EvoEngine_Plugins\EcoSysLab\include\Utilities\SpatialCompetition -I C:\Users\Brenda\code\EvoEngine\EvoEngine_Plugins\EcoSysLab\include\Physics -I C:\Users\Brenda\code\EvoEngine\EvoEngine_Plugins\EcoSysLab\include\Utilities\TreeIO -I C:\Users\Brenda\code\EvoEngine\EvoEngine_Plugins\EcoSysLab\include\Volumes -I C:\Users\Brenda\code\EvoEngine\EvoEngine_Plugins\EcoSysLab\include\ClimateModel -I C:\Users\Brenda\code\EvoEngine\EvoEngine_Plugins\EcoSysLab\include\SoilModel -I C:\Users\Brenda\code\EvoEngine\EvoEngine_Plugins\EcoSysLab\include\TreeModel\StrandModel -I C:\Users\Brenda\code\EvoEngine\EvoEngine_Plugins\EcoSysLab\include\TreeModel\DynamicTreeStrandGraph -I C:\Users\Brenda\code\EvoEngine\EvoEngine_Plugins\EcoSysLab\include\TreeModel -I C:\Users\Brenda\code\EvoEngine\EvoEngine_Plugins\EcoSysLab\include\Utilities -I C:\Users\Brenda\code\EvoEngine\EvoEngine_Plugins\EcoSysLab\include\Structures -I C:\Users\Brenda\code\EvoEngine\EvoEngine_Plugins\EcoSysLab\include\Reconstruction -I C:\Users\Brenda\code\EvoEngine\EvoEngine_Plugins\DigitalAgriculture\include -I C:\Users\Brenda\code\EvoEngine\EvoEngine_Plugins\DigitalAgriculture\include\SorghumModel -I C:\Users\Brenda\code\EvoEngine\EvoEngine_Plugins\DatasetGeneration\include -I C:\Users\Brenda\code\EvoEngine\EvoEngine_Plugins\DatasetGeneration\include\SorghumModel -I C:\Users\Brenda\code\EvoEngine\EvoEngine_Plugins\LogGrading\include -I C:\Users\Brenda\code\EvoEngine\EvoEngine_Plugins\LogScanning\include -I C:\Users\Brenda\code\EvoEngine\EvoEngine_Plugins\Universe\include -I C:\Users\Brenda\code\EvoEngine\Extern\3rdParty\assimp\assimp\code\..\include -I C:\Users\Brenda\code\EvoEngine\out\build\x64-Release\Extern\3rdParty\assimp\assimp\code\..\include -I C:\Users\Brenda\code\EvoEngine\Extern\3rdParty\base64 -I C:\Users\Brenda\code\EvoEngine\Extern\3rdParty\csvpp -I C:\Users\Brenda\code\EvoEngine\Extern\3rdParty\glslang\glslang\glslang\.. -I C:\Users\Brenda\code\EvoEngine\out\build\x64-Release\include -I C:\Users\Brenda\code\EvoEngine\Extern\3rdParty\glslang\glslang\SPIRV\.. -I C:\Users\Brenda\code\EvoEngine\Extern\3rdParty\meshoptimizer\meshoptimizer\src -DWIN32 /fo EvoEngine_App\CMakeFiles\SorghumDataGeneratorApp.dir\SorghumDataGeneratorApp.rc.res C:\Users\Brenda\code\EvoEngine\EvoEngine_App\SorghumDataGeneratorApp.rc
[9/40] C:/PROGRA~1/MIB055~1/2022/COMMUN~1/Common7/IDE/COMMON~1/MICROS~1/CMake/CMake/bin/cmcldeps.exe RC C:\Users\Brenda\code\EvoEngine\EvoEngine_App\LogGradingApp.rc EvoEngine_App\CMakeFiles\LogGradingApp.dir\LogGradingApp.rc.res.d EvoEngine_App\CMakeFiles\LogGradingApp.dir\LogGradingApp.rc.res "Note: including file: " "C:/Program Files (x86)/Microsoft Visual Studio/2019/Community/VC/Tools/MSVC/14.29.30133/bin/Hostx64/x64/cl.exe" C:\PROGRA~2\WI3CF2~1\10\bin\100261~1.0\x64\rc.exe -DBILLBOARD_CLOUDS_PLUGIN -DCUDA_MODULE_PLUGIN -DDATASET_GENERATION_PLUGIN -DDIGITAL_AGRICULTURE_PLUGIN -DECOSYSLAB_PLUGIN -DGPR_PLUGIN -DGPR_READING=1 -DGPR_WRITING=1 -DLOG_GRADING_PLUGIN -DLOG_SCANNING_PLUGIN -DMESH_REPAIR_PLUGIN -DNOMINMAX -DTEXTURE_BAKING_PLUGIN -DUNIVERSE_PLUGIN -DVK_NO_PROTOTYPES -DVK_USE_PLATFORM_WIN32_KHR -DXML_STATIC=1 -I C:\Users\Brenda\code\EvoEngine\Extern\3rdParty -I C:\Users\Brenda\code\EvoEngine\Extern\3rdParty\zlib\zlib -I C:\Users\Brenda\code\EvoEngine\out\build\x64-Release\Extern\3rdParty\zlib\zlib -I C:\Users\Brenda\code\EvoEngine\Extern\3rdParty\assimp -I C:\Users\Brenda\code\EvoEngine\Extern\3rdParty\assimp\assimp\include -I C:\Users\Brenda\code\EvoEngine\Extern\3rdParty\base64\base64\include -I C:\Users\Brenda\code\EvoEngine\Extern\3rdParty\csvpp\csvpp\include -I C:\Users\Brenda\code\EvoEngine\Extern\3rdParty\glfw\glfw\include -I C:\Users\Brenda\code\EvoEngine\Extern\3rdParty\glm\glm -I C:\Users\Brenda\code\EvoEngine\Extern\3rdParty\imgui\imgui -I C:\Users\Brenda\code\EvoEngine\Extern\3rdParty\imgui\imgui\backends -I C:\Users\Brenda\code\EvoEngine\Extern\3rdParty\imgui\ImGuizmo -I C:\Users\Brenda\code\EvoEngine\Extern\3rdParty\json\json\include -I C:\Users\Brenda\code\EvoEngine\Extern\3rdParty\glslang\glslang\SPIRV -I C:\Users\Brenda\code\EvoEngine\Extern\3rdParty\glslang\glslang\glslang\Public -I C:\Users\Brenda\code\EvoEngine\Extern\3rdParty\stb\stb -I C:\VulkanSDK\1.3.296.0\Include -I C:\Users\Brenda\code\EvoEngine\Extern\3rdParty\volk\volk -I C:\Users\Brenda\code\EvoEngine\Extern\3rdParty\VulkanMemoryAllocator\VulkanMemoryAllocator\include -I C:\Users\Brenda\code\EvoEngine\Extern\3rdParty\xatlas\xatlas\source\xatlas -I C:\Users\Brenda\code\EvoEngine\Extern\3rdParty\yaml-cpp\yaml-cpp\include -I C:\Users\Brenda\code\EvoEngine\Extern\3rdParty\gpr\gpr -I C:\Users\Brenda\code\EvoEngine\Extern\3rdParty\eigen\eigen\Eigen -I C:\Users\Brenda\code\EvoEngine\Extern\3rdParty\tetgen -I C:\Users\Brenda\code\EvoEngine\Extern\3rdParty\tetgen\tetgen -I C:\Users\Brenda\code\EvoEngine\Extern\3rdParty\NsightAftermath -I C:\Users\Brenda\code\EvoEngine\Extern\3rdParty\NsightAftermath\NsightAftermath\include -I C:\Users\Brenda\code\EvoEngine\EvoEngine_SDK\include -I C:\Users\Brenda\code\EvoEngine\EvoEngine_SDK\include\Core -I C:\Users\Brenda\code\EvoEngine\EvoEngine_SDK\include\Core\ECS -I C:\Users\Brenda\code\EvoEngine\EvoEngine_SDK\include\Core\Math -I C:\Users\Brenda\code\EvoEngine\EvoEngine_SDK\include\Layers -I C:\Users\Brenda\code\EvoEngine\EvoEngine_SDK\include\Assets -I C:\Users\Brenda\code\EvoEngine\EvoEngine_SDK\include\Physics -I C:\Users\Brenda\code\EvoEngine\EvoEngine_SDK\include\RayTracing -I C:\Users\Brenda\code\EvoEngine\EvoEngine_SDK\include\Rendering -I C:\Users\Brenda\code\EvoEngine\EvoEngine_SDK\include\Rendering\RenderInstances -I C:\Users\Brenda\code\EvoEngine\EvoEngine_SDK\include\Rendering\PBR -I C:\Users\Brenda\code\EvoEngine\EvoEngine_SDK\include\Rendering\Animation -I C:\Users\Brenda\code\EvoEngine\EvoEngine_SDK\include\Rendering\Renderer -I C:\Users\Brenda\code\EvoEngine\EvoEngine_SDK\include\Rendering\Geometry -I C:\Users\Brenda\code\EvoEngine\EvoEngine_SDK\include\Rendering\Texture -I C:\Users\Brenda\code\EvoEngine\EvoEngine_SDK\include\Rendering\Platform -I C:\Users\Brenda\code\EvoEngine\EvoEngine_SDK\include\Rendering\PostProcessing -I C:\Users\Brenda\code\EvoEngine\EvoEngine_SDK\include\Editor -I C:\Users\Brenda\code\EvoEngine\EvoEngine_SDK\include\Utilities -I C:\Users\Brenda\code\EvoEngine\EvoEngine_SDK\include\Utilities\NsightAftermath -I C:\Users\Brenda\code\EvoEngine\EvoEngine_SDK\include\Utilities\ProceduralNoise -I C:\Users\Brenda\code\EvoEngine\out\build\x64-Release\EvoEngine_SDK -I C:\Users\Brenda\code\EvoEngine\Extern\3rdParty\OptiX\Windows\include -I "C:\Program Files\NVIDIA GPU Computing Toolkit\CUDA\v12.6\include" -I C:\Users\Brenda\code\EvoEngine\EvoEngine_Plugins\CudaModule\include -I C:\Users\Brenda\code\EvoEngine\EvoEngine_Plugins\CudaModule\include\MLVQ -I C:\Users\Brenda\code\EvoEngine\EvoEngine_Plugins\CudaModule\include\RayTracer -I C:\Users\Brenda\code\EvoEngine\EvoEngine_Plugins\CudaModule\include\Utilities -I C:\Users\Brenda\code\EvoEngine\EvoEngine_Plugins\MeshRepair\include -I C:\Users\Brenda\code\EvoEngine\EvoEngine_Plugins\MeshRepair\include\VisibilityTest -I C:\Users\Brenda\code\EvoEngine\EvoEngine_Plugins\TextureBaking\include -I C:\Users\Brenda\code\EvoEngine\EvoEngine_Plugins\Gpr\include -I C:\Users\Brenda\code\EvoEngine\Extern\3rdParty\gpr\gpr\source\lib -I C:\Users\Brenda\code\EvoEngine\Extern\3rdParty\gpr\gpr\source\lib\common\public -I C:\Users\Brenda\code\EvoEngine\Extern\3rdParty\gpr\gpr\source\lib\vc5_common -I C:\Users\Brenda\code\EvoEngine\Extern\3rdParty\gpr\gpr\source\lib\vc5_decoder -I C:\Users\Brenda\code\EvoEngine\Extern\3rdParty\gpr\gpr\source\lib\vc5_encoder -I C:\Users\Brenda\code\EvoEngine\Extern\3rdParty\gpr\gpr\source\lib\dng_sdk -I C:\Users\Brenda\code\EvoEngine\Extern\3rdParty\gpr\gpr\source\lib\gpr_sdk\public -I C:\Users\Brenda\code\EvoEngine\EvoEngine_Plugins\BillboardClouds\include -I C:\Users\Brenda\code\EvoEngine\Extern\3rdParty\pinchot\pinchot\include -I C:\Users\Brenda\code\EvoEngine\EvoEngine_Plugins\EcoSysLab -I C:\Users\Brenda\code\EvoEngine\EvoEngine_Plugins\EcoSysLab\include -I C:\Users\Brenda\code\EvoEngine\EvoEngine_Plugins\EcoSysLab\include\MeshFormation -I C:\Users\Brenda\code\EvoEngine\EvoEngine_Plugins\EcoSysLab\include\Physics\DynamicSkeleton -I C:\Users\Brenda\code\EvoEngine\EvoEngine_Plugins\EcoSysLab\include\Physics\DynamicStrands -I C:\Users\Brenda\code\EvoEngine\EvoEngine_Plugins\EcoSysLab\include\TreeModel\Descriptors -I C:\Users\Brenda\code\EvoEngine\EvoEngine_Plugins\EcoSysLab\include\Utilities\SpatialCompetition -I C:\Users\Brenda\code\EvoEngine\EvoEngine_Plugins\EcoSysLab\include\Physics -I C:\Users\Brenda\code\EvoEngine\EvoEngine_Plugins\EcoSysLab\include\Utilities\TreeIO -I C:\Users\Brenda\code\EvoEngine\EvoEngine_Plugins\EcoSysLab\include\Volumes -I C:\Users\Brenda\code\EvoEngine\EvoEngine_Plugins\EcoSysLab\include\ClimateModel -I C:\Users\Brenda\code\EvoEngine\EvoEngine_Plugins\EcoSysLab\include\SoilModel -I C:\Users\Brenda\code\EvoEngine\EvoEngine_Plugins\EcoSysLab\include\TreeModel\StrandModel -I C:\Users\Brenda\code\EvoEngine\EvoEngine_Plugins\EcoSysLab\include\TreeModel\DynamicTreeStrandGraph -I C:\Users\Brenda\code\EvoEngine\EvoEngine_Plugins\EcoSysLab\include\TreeModel -I C:\Users\Brenda\code\EvoEngine\EvoEngine_Plugins\EcoSysLab\include\Utilities -I C:\Users\Brenda\code\EvoEngine\EvoEngine_Plugins\EcoSysLab\include\Structures -I C:\Users\Brenda\code\EvoEngine\EvoEngine_Plugins\EcoSysLab\include\Reconstruction -I C:\Users\Brenda\code\EvoEngine\EvoEngine_Plugins\DigitalAgriculture\include -I C:\Users\Brenda\code\EvoEngine\EvoEngine_Plugins\DigitalAgriculture\include\SorghumModel -I C:\Users\Brenda\code\EvoEngine\EvoEngine_Plugins\DatasetGeneration\include -I C:\Users\Brenda\code\EvoEngine\EvoEngine_Plugins\DatasetGeneration\include\SorghumModel -I C:\Users\Brenda\code\EvoEngine\EvoEngine_Plugins\LogGrading\include -I C:\Users\Brenda\code\EvoEngine\EvoEngine_Plugins\LogScanning\include -I C:\Users\Brenda\code\EvoEngine\EvoEngine_Plugins\Universe\include -I C:\Users\Brenda\code\EvoEngine\Extern\3rdParty\assimp\assimp\code\..\include -I C:\Users\Brenda\code\EvoEngine\out\build\x64-Release\Extern\3rdParty\assimp\assimp\code\..\include -I C:\Users\Brenda\code\EvoEngine\Extern\3rdParty\base64 -I C:\Users\Brenda\code\EvoEngine\Extern\3rdParty\csvpp -I C:\Users\Brenda\code\EvoEngine\Extern\3rdParty\glslang\glslang\glslang\.. -I C:\Users\Brenda\code\EvoEngine\out\build\x64-Release\include -I C:\Users\Brenda\code\EvoEngine\Extern\3rdParty\glslang\glslang\SPIRV\.. -I C:\Users\Brenda\code\EvoEngine\Extern\3rdParty\meshoptimizer\meshoptimizer\src -DWIN32 /fo EvoEngine_App\CMakeFiles\LogGradingApp.dir\LogGradingApp.rc.res C:\Users\Brenda\code\EvoEngine\EvoEngine_App\LogGradingApp.rc
[10/40] C:\WINDOWS\system32\cmd.exe /C "cd . && C:\PROGRA~2\MICROS~2\2019\COMMUN~1\VC\Tools\MSVC\1429~1.301\bin\Hostx64\x64\lib.exe /nologo /machine:x64 /out:EvoEngine_Plugins\DigitalAgriculture\DigitalAgriculturePlugin.lib EvoEngine_Plugins\DigitalAgriculture\CMakeFiles\DigitalAgriculturePlugin.dir\cmake_pch.cxx.obj EvoEngine_Plugins\DigitalAgriculture\CMakeFiles\DigitalAgriculturePlugin.dir\src\CBTFGroup.cpp.obj EvoEngine_Plugins\DigitalAgriculture\CMakeFiles\DigitalAgriculturePlugin.dir\src\CBTFImporter.cpp.obj EvoEngine_Plugins\DigitalAgriculture\CMakeFiles\DigitalAgriculturePlugin.dir\src\PARSensorGroup.cpp.obj EvoEngine_Plugins\DigitalAgriculture\CMakeFiles\DigitalAgriculturePlugin.dir\src\SkyIlluminance.cpp.obj EvoEngine_Plugins\DigitalAgriculture\CMakeFiles\DigitalAgriculturePlugin.dir\src\Sorghum.cpp.obj EvoEngine_Plugins\DigitalAgriculture\CMakeFiles\DigitalAgriculturePlugin.dir\src\SorghumCoordinates.cpp.obj EvoEngine_Plugins\DigitalAgriculture\CMakeFiles\DigitalAgriculturePlugin.dir\src\SorghumDescriptor.cpp.obj EvoEngine_Plugins\DigitalAgriculture\CMakeFiles\DigitalAgriculturePlugin.dir\src\SorghumDescriptorReconstruction.cpp.obj EvoEngine_Plugins\DigitalAgriculture\CMakeFiles\DigitalAgriculturePlugin.dir\src\SorghumField.cpp.obj EvoEngine_Plugins\DigitalAgriculture\CMakeFiles\DigitalAgriculturePlugin.dir\src\SorghumGenerator.cpp.obj EvoEngine_Plugins\DigitalAgriculture\CMakeFiles\DigitalAgriculturePlugin.dir\src\SorghumGrowthStages.cpp.obj EvoEngine_Plugins\DigitalAgriculture\CMakeFiles\DigitalAgriculturePlugin.dir\src\SorghumLayer.cpp.obj EvoEngine_Plugins\DigitalAgriculture\CMakeFiles\DigitalAgriculturePlugin.dir\src\SorghumSpline.cpp.obj EvoEngine_Plugins\DigitalAgriculture\CMakeFiles\DigitalAgriculturePlugin.dir\src\SorghumState.cpp.obj && cd ."
[11/40] C:\WINDOWS\system32\cmd.exe /C "cd . && C:\PROGRA~2\MICROS~2\2019\COMMUN~1\VC\Tools\MSVC\1429~1.301\bin\Hostx64\x64\lib.exe /nologo /machine:x64 /out:EvoEngine_Plugins\DatasetGeneration\DatasetGenerationPlugin.lib EvoEngine_Plugins\DatasetGeneration\CMakeFiles\DatasetGenerationPlugin.dir\cmake_pch.cxx.obj EvoEngine_Plugins\DatasetGeneration\CMakeFiles\DatasetGenerationPlugin.dir\src\DatasetGenerator.cpp.obj EvoEngine_Plugins\DatasetGeneration\CMakeFiles\DatasetGenerationPlugin.dir\src\SorghumPointCloudScanner.cpp.obj EvoEngine_Plugins\DatasetGeneration\CMakeFiles\DatasetGenerationPlugin.dir\src\TreePointCloudScanner.cpp.obj && cd ."
[12/40] C:\WINDOWS\system32\cmd.exe /C "cd . && C:\PROGRA~2\MICROS~2\2019\COMMUN~1\VC\Tools\MSVC\1429~1.301\bin\Hostx64\x64\lib.exe /nologo /machine:x64 /out:EvoEngine_Plugins\LogGrading\LogGradingPlugin.lib EvoEngine_Plugins\LogGrading\CMakeFiles\LogGradingPlugin.dir\cmake_pch.cxx.obj EvoEngine_Plugins\LogGrading\CMakeFiles\LogGradingPlugin.dir\src\LogGrader.cpp.obj EvoEngine_Plugins\LogGrading\CMakeFiles\LogGradingPlugin.dir\src\LogWood.cpp.obj && cd ."
[13/40] C:\WINDOWS\system32\cmd.exe /C "cd . && C:\PROGRA~2\MICROS~2\2019\COMMUN~1\VC\Tools\MSVC\1429~1.301\bin\Hostx64\x64\lib.exe /nologo /machine:x64 /out:EvoEngine_Plugins\LogScanning\LogScanningPlugin.lib EvoEngine_Plugins\LogScanning\CMakeFiles\LogScanningPlugin.dir\cmake_pch.cxx.obj EvoEngine_Plugins\LogScanning\CMakeFiles\LogScanningPlugin.dir\src\JoeScanScanner.cpp.obj EvoEngine_Plugins\LogScanning\CMakeFiles\LogScanningPlugin.dir\src\LogScan.cpp.obj EvoEngine_Plugins\LogScanning\CMakeFiles\LogScanningPlugin.dir\src\LogScanReconstruction.cpp.obj && cd ."
[14/40] C:\WINDOWS\system32\cmd.exe /C "cd . && C:\PROGRA~2\MICROS~2\2019\COMMUN~1\VC\Tools\MSVC\1429~1.301\bin\Hostx64\x64\lib.exe /nologo /machine:x64 /out:EvoEngine_Plugins\Universe\UniversePlugin.lib EvoEngine_Plugins\Universe\CMakeFiles\UniversePlugin.dir\cmake_pch.cxx.obj EvoEngine_Plugins\Universe\CMakeFiles\UniversePlugin.dir\src\PerlinNoiseStage.cpp.obj EvoEngine_Plugins\Universe\CMakeFiles\UniversePlugin.dir\src\PlanetTerrain.cpp.obj EvoEngine_Plugins\Universe\CMakeFiles\UniversePlugin.dir\src\TerrainChunk.cpp.obj EvoEngine_Plugins\Universe\CMakeFiles\UniversePlugin.dir\src\TerrainConstructionStageBase.cpp.obj EvoEngine_Plugins\Universe\CMakeFiles\UniversePlugin.dir\src\UniverseLayer.cpp.obj && cd ."
[15/40] C:\PROGRA~1\MIB055~1\2022\COMMUN~1\VC\Tools\MSVC\1444~1.352\bin\Hostx64\x64\cl.exe  /nologo /TP -DBILLBOARD_CLOUDS_PLUGIN -DCUDA_MODULE_PLUGIN -DDATASET_GENERATION_PLUGIN -DDIGITAL_AGRICULTURE_PLUGIN -DECOSYSLAB_PLUGIN -DGPR_PLUGIN -DGPR_READING=1 -DGPR_WRITING=1 -DLOG_GRADING_PLUGIN -DLOG_SCANNING_PLUGIN -DMESH_REPAIR_PLUGIN -DNOMINMAX -DTEXTURE_BAKING_PLUGIN -DUNIVERSE_PLUGIN -DVK_NO_PROTOTYPES -DVK_USE_PLATFORM_WIN32_KHR -DXML_STATIC=1 -IC:\Users\Brenda\code\EvoEngine\Extern\3rdParty -IC:\Users\Brenda\code\EvoEngine\Extern\3rdParty\zlib\zlib -IC:\Users\Brenda\code\EvoEngine\out\build\x64-Release\Extern\3rdParty\zlib\zlib -IC:\Users\Brenda\code\EvoEngine\Extern\3rdParty\assimp -IC:\Users\Brenda\code\EvoEngine\Extern\3rdParty\assimp\assimp\include -IC:\Users\Brenda\code\EvoEngine\Extern\3rdParty\base64\base64\include -IC:\Users\Brenda\code\EvoEngine\Extern\3rdParty\csvpp\csvpp\include -IC:\Users\Brenda\code\EvoEngine\Extern\3rdParty\glfw\glfw\include -IC:\Users\Brenda\code\EvoEngine\Extern\3rdParty\glm\glm -IC:\Users\Brenda\code\EvoEngine\Extern\3rdParty\imgui\imgui -IC:\Users\Brenda\code\EvoEngine\Extern\3rdParty\imgui\imgui\backends -IC:\Users\Brenda\code\EvoEngine\Extern\3rdParty\imgui\ImGuizmo -IC:\Users\Brenda\code\EvoEngine\Extern\3rdParty\json\json\include -IC:\Users\Brenda\code\EvoEngine\Extern\3rdParty\glslang\glslang\SPIRV -IC:\Users\Brenda\code\EvoEngine\Extern\3rdParty\glslang\glslang\glslang\Public -IC:\Users\Brenda\code\EvoEngine\Extern\3rdParty\stb\stb -IC:\VulkanSDK\1.3.296.0\Include -IC:\Users\Brenda\code\EvoEngine\Extern\3rdParty\volk\volk -IC:\Users\Brenda\code\EvoEngine\Extern\3rdParty\VulkanMemoryAllocator\VulkanMemoryAllocator\include -IC:\Users\Brenda\code\EvoEngine\Extern\3rdParty\xatlas\xatlas\source\xatlas -IC:\Users\Brenda\code\EvoEngine\Extern\3rdParty\yaml-cpp\yaml-cpp\include -IC:\Users\Brenda\code\EvoEngine\Extern\3rdParty\gpr\gpr -IC:\Users\Brenda\code\EvoEngine\Extern\3rdParty\eigen\eigen\Eigen -IC:\Users\Brenda\code\EvoEngine\Extern\3rdParty\tetgen -IC:\Users\Brenda\code\EvoEngine\Extern\3rdParty\tetgen\tetgen -IC:\Users\Brenda\code\EvoEngine\Extern\3rdParty\NsightAftermath -IC:\Users\Brenda\code\EvoEngine\Extern\3rdParty\NsightAftermath\NsightAftermath\include -IC:\Users\Brenda\code\EvoEngine\EvoEngine_SDK\include -IC:\Users\Brenda\code\EvoEngine\EvoEngine_SDK\include\Core -IC:\Users\Brenda\code\EvoEngine\EvoEngine_SDK\include\Core\ECS -IC:\Users\Brenda\code\EvoEngine\EvoEngine_SDK\include\Core\Math -IC:\Users\Brenda\code\EvoEngine\EvoEngine_SDK\include\Layers -IC:\Users\Brenda\code\EvoEngine\EvoEngine_SDK\include\Assets -IC:\Users\Brenda\code\EvoEngine\EvoEngine_SDK\include\Physics -IC:\Users\Brenda\code\EvoEngine\EvoEngine_SDK\include\RayTracing -IC:\Users\Brenda\code\EvoEngine\EvoEngine_SDK\include\Rendering -IC:\Users\Brenda\code\EvoEngine\EvoEngine_SDK\include\Rendering\RenderInstances -IC:\Users\Brenda\code\EvoEngine\EvoEngine_SDK\include\Rendering\PBR -IC:\Users\Brenda\code\EvoEngine\EvoEngine_SDK\include\Rendering\Animation -IC:\Users\Brenda\code\EvoEngine\EvoEngine_SDK\include\Rendering\Renderer -IC:\Users\Brenda\code\EvoEngine\EvoEngine_SDK\include\Rendering\Geometry -IC:\Users\Brenda\code\EvoEngine\EvoEngine_SDK\include\Rendering\Texture -IC:\Users\Brenda\code\EvoEngine\EvoEngine_SDK\include\Rendering\Platform -IC:\Users\Brenda\code\EvoEngine\EvoEngine_SDK\include\Rendering\PostProcessing -IC:\Users\Brenda\code\EvoEngine\EvoEngine_SDK\include\Editor -IC:\Users\Brenda\code\EvoEngine\EvoEngine_SDK\include\Utilities -IC:\Users\Brenda\code\EvoEngine\EvoEngine_SDK\include\Utilities\NsightAftermath -IC:\Users\Brenda\code\EvoEngine\EvoEngine_SDK\include\Utilities\ProceduralNoise -IC:\Users\Brenda\code\EvoEngine\out\build\x64-Release\EvoEngine_SDK -IC:\Users\Brenda\code\EvoEngine\Extern\3rdParty\OptiX\Windows\include -I"C:\Program Files\NVIDIA GPU Computing Toolkit\CUDA\v12.6\include" -IC:\Users\Brenda\code\EvoEngine\EvoEngine_Plugins\CudaModule\include -IC:\Users\Brenda\code\EvoEngine\EvoEngine_Plugins\CudaModule\include\MLVQ -IC:\Users\Brenda\code\EvoEngine\EvoEngine_Plugins\CudaModule\include\RayTracer -IC:\Users\Brenda\code\EvoEngine\EvoEngine_Plugins\CudaModule\include\Utilities -IC:\Users\Brenda\code\EvoEngine\EvoEngine_Plugins\MeshRepair\include -IC:\Users\Brenda\code\EvoEngine\EvoEngine_Plugins\MeshRepair\include\VisibilityTest -IC:\Users\Brenda\code\EvoEngine\EvoEngine_Plugins\TextureBaking\include -IC:\Users\Brenda\code\EvoEngine\EvoEngine_Plugins\Gpr\include -IC:\Users\Brenda\code\EvoEngine\Extern\3rdParty\gpr\gpr\source\lib -IC:\Users\Brenda\code\EvoEngine\Extern\3rdParty\gpr\gpr\source\lib\common\public -IC:\Users\Brenda\code\EvoEngine\Extern\3rdParty\gpr\gpr\source\lib\vc5_common -IC:\Users\Brenda\code\EvoEngine\Extern\3rdParty\gpr\gpr\source\lib\vc5_decoder -IC:\Users\Brenda\code\EvoEngine\Extern\3rdParty\gpr\gpr\source\lib\vc5_encoder -IC:\Users\Brenda\code\EvoEngine\Extern\3rdParty\gpr\gpr\source\lib\dng_sdk -IC:\Users\Brenda\code\EvoEngine\Extern\3rdParty\gpr\gpr\source\lib\gpr_sdk\public -IC:\Users\Brenda\code\EvoEngine\EvoEngine_Plugins\BillboardClouds\include -IC:\Users\Brenda\code\EvoEngine\Extern\3rdParty\pinchot\pinchot\include -IC:\Users\Brenda\code\EvoEngine\EvoEngine_Plugins\EcoSysLab -IC:\Users\Brenda\code\EvoEngine\EvoEngine_Plugins\EcoSysLab\include -IC:\Users\Brenda\code\EvoEngine\EvoEngine_Plugins\EcoSysLab\include\MeshFormation -IC:\Users\Brenda\code\EvoEngine\EvoEngine_Plugins\EcoSysLab\include\Physics\DynamicSkeleton -IC:\Users\Brenda\code\EvoEngine\EvoEngine_Plugins\EcoSysLab\include\Physics\DynamicStrands -IC:\Users\Brenda\code\EvoEngine\EvoEngine_Plugins\EcoSysLab\include\TreeModel\Descriptors -IC:\Users\Brenda\code\EvoEngine\EvoEngine_Plugins\EcoSysLab\include\Utilities\SpatialCompetition -IC:\Users\Brenda\code\EvoEngine\EvoEngine_Plugins\EcoSysLab\include\Physics -IC:\Users\Brenda\code\EvoEngine\EvoEngine_Plugins\EcoSysLab\include\Utilities\TreeIO -IC:\Users\Brenda\code\EvoEngine\EvoEngine_Plugins\EcoSysLab\include\Volumes -IC:\Users\Brenda\code\EvoEngine\EvoEngine_Plugins\EcoSysLab\include\ClimateModel -IC:\Users\Brenda\code\EvoEngine\EvoEngine_Plugins\EcoSysLab\include\SoilModel -IC:\Users\Brenda\code\EvoEngine\EvoEngine_Plugins\EcoSysLab\include\TreeModel\StrandModel -IC:\Users\Brenda\code\EvoEngine\EvoEngine_Plugins\EcoSysLab\include\TreeModel\DynamicTreeStrandGraph -IC:\Users\Brenda\code\EvoEngine\EvoEngine_Plugins\EcoSysLab\include\TreeModel -IC:\Users\Brenda\code\EvoEngine\EvoEngine_Plugins\EcoSysLab\include\Utilities -IC:\Users\Brenda\code\EvoEngine\EvoEngine_Plugins\EcoSysLab\include\Structures -IC:\Users\Brenda\code\EvoEngine\EvoEngine_Plugins\EcoSysLab\include\Reconstruction -IC:\Users\Brenda\code\EvoEngine\EvoEngine_Plugins\DigitalAgriculture\include -IC:\Users\Brenda\code\EvoEngine\EvoEngine_Plugins\DigitalAgriculture\include\SorghumModel -IC:\Users\Brenda\code\EvoEngine\EvoEngine_Plugins\DatasetGeneration\include -IC:\Users\Brenda\code\EvoEngine\EvoEngine_Plugins\DatasetGeneration\include\SorghumModel -IC:\Users\Brenda\code\EvoEngine\EvoEngine_Plugins\LogGrading\include -IC:\Users\Brenda\code\EvoEngine\EvoEngine_Plugins\LogScanning\include -IC:\Users\Brenda\code\EvoEngine\EvoEngine_Plugins\Universe\include -IC:\Users\Brenda\code\EvoEngine\Extern\3rdParty\assimp\assimp\code\..\include -IC:\Users\Brenda\code\EvoEngine\out\build\x64-Release\Extern\3rdParty\assimp\assimp\code\..\include -IC:\Users\Brenda\code\EvoEngine\Extern\3rdParty\base64 -IC:\Users\Brenda\code\EvoEngine\Extern\3rdParty\csvpp -IC:\Users\Brenda\code\EvoEngine\Extern\3rdParty\glslang\glslang\glslang\.. -IC:\Users\Brenda\code\EvoEngine\out\build\x64-Release\include -IC:\Users\Brenda\code\EvoEngine\Extern\3rdParty\glslang\glslang\SPIRV\.. -IC:\Users\Brenda\code\EvoEngine\Extern\3rdParty\meshoptimizer\meshoptimizer\src /DWIN32 /D_WINDOWS /GR /EHsc /O2 /Ob2 /DNDEBUG -std:c++17 -MD /YuC:/Users/Brenda/code/EvoEngine/out/build/x64-Release/EvoEngine_App/CMakeFiles/DigitalAgricultureApp.dir/cmake_pch.hxx /FpC:/Users/Brenda/code/EvoEngine/out/build/x64-Release/EvoEngine_App/CMakeFiles/DigitalAgricultureApp.dir/./cmake_pch.cxx.pch /FIC:/Users/Brenda/code/EvoEngine/out/build/x64-Release/EvoEngine_App/CMakeFiles/DigitalAgricultureApp.dir/cmake_pch.hxx /showIncludes /FoEvoEngine_App\CMakeFiles\DigitalAgricultureApp.dir\DigitalAgricultureApp.cpp.obj /FdEvoEngine_App\CMakeFiles\DigitalAgricultureApp.dir\ /FS -c C:\Users\Brenda\code\EvoEngine\EvoEngine_App\DigitalAgricultureApp.cpp
[16/40] C:\WINDOWS\system32\cmd.exe /C "cd . && "C:\Program Files\Microsoft Visual Studio\2022\Community\Common7\IDE\CommonExtensions\Microsoft\CMake\CMake\bin\cmake.exe" -E vs_link_exe --msvc-ver=1929 --intdir=EvoEngine_App\CMakeFiles\DigitalAgricultureApp.dir --rc=C:\PROGRA~2\WI3CF2~1\10\bin\100261~1.0\x64\rc.exe --mt=C:\PROGRA~2\WI3CF2~1\10\bin\100261~1.0\x64\mt.exe --manifests  -- C:\PROGRA~2\MICROS~2\2019\COMMUN~1\VC\Tools\MSVC\1429~1.301\bin\Hostx64\x64\link.exe /nologo @CMakeFiles\DigitalAgricultureApp.rsp  /out:EvoEngine_App\DigitalAgricultureApp.exe /implib:EvoEngine_App\DigitalAgricultureApp.lib /pdb:EvoEngine_App\DigitalAgricultureApp.pdb /version:0.0 /machine:x64 /INCREMENTAL:NO /subsystem:console && C:\WINDOWS\system32\cmd.exe /C "cd /D C:\Users\Brenda\code\EvoEngine\out\build\x64-Release\EvoEngine_App && C:\Windows\System32\WindowsPowerShell\v1.0\powershell.exe -noprofile -executionpolicy Bypass -file "C:/Program Files/Microsoft Visual Studio/2022/Community/VC/vcpkg/scripts/buildsystems/msbuild/applocal.ps1" -targetBinary C:/Users/Brenda/code/EvoEngine/out/build/x64-Release/EvoEngine_App/DigitalAgricultureApp.exe -installedDir "C:/Program Files/Microsoft Visual Studio/2022/Community/VC/vcpkg/installed/x64-windows/bin" -OutVariable out""
Visual Studio Non-Incremental Link
LINK:
C:\PROGRA~2\MICROS~2\2019\COMMUN~1\VC\Tools\MSVC\1429~1.301\bin\Hostx64\x64\link.exe /nologo @CMakeFiles\DigitalAgricultureApp.rsp /out:EvoEngine_App\DigitalAgricultureApp.exe /implib:EvoEngine_App\DigitalAgricultureApp.lib /pdb:EvoEngine_App\DigitalAgricultureApp.pdb /version:0.0 /machine:x64 /INCREMENTAL:NO /subsystem:console /MANIFEST:EMBED,ID=1
   Creating library EvoEngine_App\DigitalAgricultureApp.lib and object EvoEngine_App\DigitalAgricultureApp.exp
LINK : warning LNK4098: defaultlib 'LIBCMT' conflicts with use of other libs; use /NODEFAULTLIB:library
[17/40] C:\PROGRA~1\MIB055~1\2022\COMMUN~1\VC\Tools\MSVC\1444~1.352\bin\Hostx64\x64\cl.exe  /nologo /TP -DBILLBOARD_CLOUDS_PLUGIN -DCUDA_MODULE_PLUGIN -DDATASET_GENERATION_PLUGIN -DDIGITAL_AGRICULTURE_PLUGIN -DECOSYSLAB_PLUGIN -DGPR_PLUGIN -DGPR_READING=1 -DGPR_WRITING=1 -DLOG_GRADING_PLUGIN -DLOG_SCANNING_PLUGIN -DMESH_REPAIR_PLUGIN -DNOMINMAX -DTEXTURE_BAKING_PLUGIN -DUNIVERSE_PLUGIN -DVK_NO_PROTOTYPES -DVK_USE_PLATFORM_WIN32_KHR -DXML_STATIC=1 -IC:\Users\Brenda\code\EvoEngine\Extern\3rdParty -IC:\Users\Brenda\code\EvoEngine\Extern\3rdParty\zlib\zlib -IC:\Users\Brenda\code\EvoEngine\out\build\x64-Release\Extern\3rdParty\zlib\zlib -IC:\Users\Brenda\code\EvoEngine\Extern\3rdParty\assimp -IC:\Users\Brenda\code\EvoEngine\Extern\3rdParty\assimp\assimp\include -IC:\Users\Brenda\code\EvoEngine\Extern\3rdParty\base64\base64\include -IC:\Users\Brenda\code\EvoEngine\Extern\3rdParty\csvpp\csvpp\include -IC:\Users\Brenda\code\EvoEngine\Extern\3rdParty\glfw\glfw\include -IC:\Users\Brenda\code\EvoEngine\Extern\3rdParty\glm\glm -IC:\Users\Brenda\code\EvoEngine\Extern\3rdParty\imgui\imgui -IC:\Users\Brenda\code\EvoEngine\Extern\3rdParty\imgui\imgui\backends -IC:\Users\Brenda\code\EvoEngine\Extern\3rdParty\imgui\ImGuizmo -IC:\Users\Brenda\code\EvoEngine\Extern\3rdParty\json\json\include -IC:\Users\Brenda\code\EvoEngine\Extern\3rdParty\glslang\glslang\SPIRV -IC:\Users\Brenda\code\EvoEngine\Extern\3rdParty\glslang\glslang\glslang\Public -IC:\Users\Brenda\code\EvoEngine\Extern\3rdParty\stb\stb -IC:\VulkanSDK\1.3.296.0\Include -IC:\Users\Brenda\code\EvoEngine\Extern\3rdParty\volk\volk -IC:\Users\Brenda\code\EvoEngine\Extern\3rdParty\VulkanMemoryAllocator\VulkanMemoryAllocator\include -IC:\Users\Brenda\code\EvoEngine\Extern\3rdParty\xatlas\xatlas\source\xatlas -IC:\Users\Brenda\code\EvoEngine\Extern\3rdParty\yaml-cpp\yaml-cpp\include -IC:\Users\Brenda\code\EvoEngine\Extern\3rdParty\gpr\gpr -IC:\Users\Brenda\code\EvoEngine\Extern\3rdParty\eigen\eigen\Eigen -IC:\Users\Brenda\code\EvoEngine\Extern\3rdParty\tetgen -IC:\Users\Brenda\code\EvoEngine\Extern\3rdParty\tetgen\tetgen -IC:\Users\Brenda\code\EvoEngine\Extern\3rdParty\NsightAftermath -IC:\Users\Brenda\code\EvoEngine\Extern\3rdParty\NsightAftermath\NsightAftermath\include -IC:\Users\Brenda\code\EvoEngine\EvoEngine_SDK\include -IC:\Users\Brenda\code\EvoEngine\EvoEngine_SDK\include\Core -IC:\Users\Brenda\code\EvoEngine\EvoEngine_SDK\include\Core\ECS -IC:\Users\Brenda\code\EvoEngine\EvoEngine_SDK\include\Core\Math -IC:\Users\Brenda\code\EvoEngine\EvoEngine_SDK\include\Layers -IC:\Users\Brenda\code\EvoEngine\EvoEngine_SDK\include\Assets -IC:\Users\Brenda\code\EvoEngine\EvoEngine_SDK\include\Physics -IC:\Users\Brenda\code\EvoEngine\EvoEngine_SDK\include\RayTracing -IC:\Users\Brenda\code\EvoEngine\EvoEngine_SDK\include\Rendering -IC:\Users\Brenda\code\EvoEngine\EvoEngine_SDK\include\Rendering\RenderInstances -IC:\Users\Brenda\code\EvoEngine\EvoEngine_SDK\include\Rendering\PBR -IC:\Users\Brenda\code\EvoEngine\EvoEngine_SDK\include\Rendering\Animation -IC:\Users\Brenda\code\EvoEngine\EvoEngine_SDK\include\Rendering\Renderer -IC:\Users\Brenda\code\EvoEngine\EvoEngine_SDK\include\Rendering\Geometry -IC:\Users\Brenda\code\EvoEngine\EvoEngine_SDK\include\Rendering\Texture -IC:\Users\Brenda\code\EvoEngine\EvoEngine_SDK\include\Rendering\Platform -IC:\Users\Brenda\code\EvoEngine\EvoEngine_SDK\include\Rendering\PostProcessing -IC:\Users\Brenda\code\EvoEngine\EvoEngine_SDK\include\Editor -IC:\Users\Brenda\code\EvoEngine\EvoEngine_SDK\include\Utilities -IC:\Users\Brenda\code\EvoEngine\EvoEngine_SDK\include\Utilities\NsightAftermath -IC:\Users\Brenda\code\EvoEngine\EvoEngine_SDK\include\Utilities\ProceduralNoise -IC:\Users\Brenda\code\EvoEngine\out\build\x64-Release\EvoEngine_SDK -IC:\Users\Brenda\code\EvoEngine\Extern\3rdParty\OptiX\Windows\include -I"C:\Program Files\NVIDIA GPU Computing Toolkit\CUDA\v12.6\include" -IC:\Users\Brenda\code\EvoEngine\EvoEngine_Plugins\CudaModule\include -IC:\Users\Brenda\code\EvoEngine\EvoEngine_Plugins\CudaModule\include\MLVQ -IC:\Users\Brenda\code\EvoEngine\EvoEngine_Plugins\CudaModule\include\RayTracer -IC:\Users\Brenda\code\EvoEngine\EvoEngine_Plugins\CudaModule\include\Utilities -IC:\Users\Brenda\code\EvoEngine\EvoEngine_Plugins\MeshRepair\include -IC:\Users\Brenda\code\EvoEngine\EvoEngine_Plugins\MeshRepair\include\VisibilityTest -IC:\Users\Brenda\code\EvoEngine\EvoEngine_Plugins\TextureBaking\include -IC:\Users\Brenda\code\EvoEngine\EvoEngine_Plugins\Gpr\include -IC:\Users\Brenda\code\EvoEngine\Extern\3rdParty\gpr\gpr\source\lib -IC:\Users\Brenda\code\EvoEngine\Extern\3rdParty\gpr\gpr\source\lib\common\public -IC:\Users\Brenda\code\EvoEngine\Extern\3rdParty\gpr\gpr\source\lib\vc5_common -IC:\Users\Brenda\code\EvoEngine\Extern\3rdParty\gpr\gpr\source\lib\vc5_decoder -IC:\Users\Brenda\code\EvoEngine\Extern\3rdParty\gpr\gpr\source\lib\vc5_encoder -IC:\Users\Brenda\code\EvoEngine\Extern\3rdParty\gpr\gpr\source\lib\dng_sdk -IC:\Users\Brenda\code\EvoEngine\Extern\3rdParty\gpr\gpr\source\lib\gpr_sdk\public -IC:\Users\Brenda\code\EvoEngine\EvoEngine_Plugins\BillboardClouds\include -IC:\Users\Brenda\code\EvoEngine\Extern\3rdParty\pinchot\pinchot\include -IC:\Users\Brenda\code\EvoEngine\EvoEngine_Plugins\EcoSysLab -IC:\Users\Brenda\code\EvoEngine\EvoEngine_Plugins\EcoSysLab\include -IC:\Users\Brenda\code\EvoEngine\EvoEngine_Plugins\EcoSysLab\include\MeshFormation -IC:\Users\Brenda\code\EvoEngine\EvoEngine_Plugins\EcoSysLab\include\Physics\DynamicSkeleton -IC:\Users\Brenda\code\EvoEngine\EvoEngine_Plugins\EcoSysLab\include\Physics\DynamicStrands -IC:\Users\Brenda\code\EvoEngine\EvoEngine_Plugins\EcoSysLab\include\TreeModel\Descriptors -IC:\Users\Brenda\code\EvoEngine\EvoEngine_Plugins\EcoSysLab\include\Utilities\SpatialCompetition -IC:\Users\Brenda\code\EvoEngine\EvoEngine_Plugins\EcoSysLab\include\Physics -IC:\Users\Brenda\code\EvoEngine\EvoEngine_Plugins\EcoSysLab\include\Utilities\TreeIO -IC:\Users\Brenda\code\EvoEngine\EvoEngine_Plugins\EcoSysLab\include\Volumes -IC:\Users\Brenda\code\EvoEngine\EvoEngine_Plugins\EcoSysLab\include\ClimateModel -IC:\Users\Brenda\code\EvoEngine\EvoEngine_Plugins\EcoSysLab\include\SoilModel -IC:\Users\Brenda\code\EvoEngine\EvoEngine_Plugins\EcoSysLab\include\TreeModel\StrandModel -IC:\Users\Brenda\code\EvoEngine\EvoEngine_Plugins\EcoSysLab\include\TreeModel\DynamicTreeStrandGraph -IC:\Users\Brenda\code\EvoEngine\EvoEngine_Plugins\EcoSysLab\include\TreeModel -IC:\Users\Brenda\code\EvoEngine\EvoEngine_Plugins\EcoSysLab\include\Utilities -IC:\Users\Brenda\code\EvoEngine\EvoEngine_Plugins\EcoSysLab\include\Structures -IC:\Users\Brenda\code\EvoEngine\EvoEngine_Plugins\EcoSysLab\include\Reconstruction -IC:\Users\Brenda\code\EvoEngine\EvoEngine_Plugins\DigitalAgriculture\include -IC:\Users\Brenda\code\EvoEngine\EvoEngine_Plugins\DigitalAgriculture\include\SorghumModel -IC:\Users\Brenda\code\EvoEngine\EvoEngine_Plugins\DatasetGeneration\include -IC:\Users\Brenda\code\EvoEngine\EvoEngine_Plugins\DatasetGeneration\include\SorghumModel -IC:\Users\Brenda\code\EvoEngine\EvoEngine_Plugins\LogGrading\include -IC:\Users\Brenda\code\EvoEngine\EvoEngine_Plugins\LogScanning\include -IC:\Users\Brenda\code\EvoEngine\EvoEngine_Plugins\Universe\include -IC:\Users\Brenda\code\EvoEngine\Extern\3rdParty\assimp\assimp\code\..\include -IC:\Users\Brenda\code\EvoEngine\out\build\x64-Release\Extern\3rdParty\assimp\assimp\code\..\include -IC:\Users\Brenda\code\EvoEngine\Extern\3rdParty\base64 -IC:\Users\Brenda\code\EvoEngine\Extern\3rdParty\csvpp -IC:\Users\Brenda\code\EvoEngine\Extern\3rdParty\glslang\glslang\glslang\.. -IC:\Users\Brenda\code\EvoEngine\out\build\x64-Release\include -IC:\Users\Brenda\code\EvoEngine\Extern\3rdParty\glslang\glslang\SPIRV\.. -IC:\Users\Brenda\code\EvoEngine\Extern\3rdParty\meshoptimizer\meshoptimizer\src /DWIN32 /D_WINDOWS /GR /EHsc /O2 /Ob2 /DNDEBUG -std:c++17 -MD /YuC:/Users/Brenda/code/EvoEngine/out/build/x64-Release/EvoEngine_App/CMakeFiles/EcoSysLabApp.dir/cmake_pch.hxx /FpC:/Users/Brenda/code/EvoEngine/out/build/x64-Release/EvoEngine_App/CMakeFiles/EcoSysLabApp.dir/./cmake_pch.cxx.pch /FIC:/Users/Brenda/code/EvoEngine/out/build/x64-Release/EvoEngine_App/CMakeFiles/EcoSysLabApp.dir/cmake_pch.hxx /showIncludes /FoEvoEngine_App\CMakeFiles\EcoSysLabApp.dir\EcoSysLabApp.cpp.obj /FdEvoEngine_App\CMakeFiles\EcoSysLabApp.dir\ /FS -c C:\Users\Brenda\code\EvoEngine\EvoEngine_App\EcoSysLabApp.cpp
C:\Program Files\Microsoft Visual Studio\2022\Community\VC\Tools\MSVC\14.44.35207\include\xmemory(732): warning C4267: 'argument': conversion from 'size_t' to 'eco_sys_lab_plugin::SkeletonNodeHandle', possible loss of data
C:\Program Files\Microsoft Visual Studio\2022\Community\VC\Tools\MSVC\14.44.35207\include\xmemory(732): note: the template instantiation context (the oldest one first) is
C:\Users\Brenda\code\EvoEngine\EvoEngine_Plugins\EcoSysLab\include\TreeModel\StrandModel\StrandModel.hpp(58): note: see reference to class template instantiation 'eco_sys_lab_plugin::Skeleton<eco_sys_lab_plugin::StrandModelSkeletonData,eco_sys_lab_plugin::StrandModelFlowData,eco_sys_lab_plugin::StrandModelNodeData>' being compiled
C:\Users\Brenda\code\EvoEngine\EvoEngine_Plugins\EcoSysLab\include\Structures\Skeleton.hpp(922): note: while compiling class template member function 'eco_sys_lab_plugin::Skeleton<eco_sys_lab_plugin::StrandModelSkeletonData,eco_sys_lab_plugin::StrandModelFlowData,eco_sys_lab_plugin::StrandModelNodeData>::Skeleton(unsigned int)'
C:\Users\Brenda\code\EvoEngine\EvoEngine_Plugins\EcoSysLab\include\TreeModel\StrandModel\StrandModel.hpp(128): note: see the first reference to 'eco_sys_lab_plugin::Skeleton<eco_sys_lab_plugin::StrandModelSkeletonData,eco_sys_lab_plugin::StrandModelFlowData,eco_sys_lab_plugin::StrandModelNodeData>::Skeleton' in 'eco_sys_lab_plugin::StrandModel::StrandModel'
C:\Users\Brenda\code\EvoEngine\EvoEngine_Plugins\EcoSysLab\include\Structures\Skeleton.hpp(1138): note: while compiling class template member function 'eco_sys_lab_plugin::SkeletonNodeHandle eco_sys_lab_plugin::Skeleton<eco_sys_lab_plugin::StrandModelSkeletonData,eco_sys_lab_plugin::StrandModelFlowData,eco_sys_lab_plugin::StrandModelNodeData>::AllocateNode(void)'
C:\Users\Brenda\code\EvoEngine\EvoEngine_Plugins\EcoSysLab\include\Structures\Skeleton.hpp(1140): note: see reference to function template instantiation 'eco_sys_lab_plugin::SkeletonNode<NodeData> &std::vector<eco_sys_lab_plugin::SkeletonNode<NodeData>,std::allocator<eco_sys_lab_plugin::SkeletonNode<NodeData>>>::emplace_back<unsigned __int64>(unsigned __int64 &&)' being compiled
        with
        [
            NodeData=eco_sys_lab_plugin::StrandModelNodeData
        ]
C:\Program Files\Microsoft Visual Studio\2022\Community\VC\Tools\MSVC\14.44.35207\include\vector(924): note: see reference to function template instantiation '_Ty &std::vector<_Ty,std::allocator<_Ty>>::_Emplace_one_at_back<unsigned __int64>(unsigned __int64 &&)' being compiled
        with
        [
            _Ty=eco_sys_lab_plugin::SkeletonNode<eco_sys_lab_plugin::StrandModelNodeData>
        ]
C:\Program Files\Microsoft Visual Studio\2022\Community\VC\Tools\MSVC\14.44.35207\include\vector(845): note: see reference to function template instantiation '_Ty &std::vector<_Ty,std::allocator<_Ty>>::_Emplace_back_with_unused_capacity<unsigned __int64>(unsigned __int64 &&)' being compiled
        with
        [
            _Ty=eco_sys_lab_plugin::SkeletonNode<eco_sys_lab_plugin::StrandModelNodeData>
        ]
C:\Program Files\Microsoft Visual Studio\2022\Community\VC\Tools\MSVC\14.44.35207\include\vector(863): note: see reference to function template instantiation 'void std::_Default_allocator_traits<_Alloc>::construct<_Ty,unsigned __int64>(_Alloc &,_Objty *const ,unsigned __int64 &&)' being compiled
        with
        [
            _Alloc=std::allocator<eco_sys_lab_plugin::SkeletonNode<eco_sys_lab_plugin::StrandModelNodeData>>,
            _Ty=eco_sys_lab_plugin::SkeletonNode<eco_sys_lab_plugin::StrandModelNodeData>,
            _Objty=eco_sys_lab_plugin::SkeletonNode<eco_sys_lab_plugin::StrandModelNodeData>
        ]
C:\Program Files\Microsoft Visual Studio\2022\Community\VC\Tools\MSVC\14.44.35207\include\xmemory(732): warning C4267: 'argument': conversion from 'size_t' to 'eco_sys_lab_plugin::SkeletonFlowHandle', possible loss of data
C:\Program Files\Microsoft Visual Studio\2022\Community\VC\Tools\MSVC\14.44.35207\include\xmemory(732): note: the template instantiation context (the oldest one first) is
C:\Users\Brenda\code\EvoEngine\EvoEngine_Plugins\EcoSysLab\include\Structures\Skeleton.hpp(1130): note: while compiling class template member function 'eco_sys_lab_plugin::SkeletonFlowHandle eco_sys_lab_plugin::Skeleton<eco_sys_lab_plugin::StrandModelSkeletonData,eco_sys_lab_plugin::StrandModelFlowData,eco_sys_lab_plugin::StrandModelNodeData>::AllocateFlow(void)'
C:\Users\Brenda\code\EvoEngine\EvoEngine_Plugins\EcoSysLab\include\Structures\Skeleton.hpp(1132): note: see reference to function template instantiation 'eco_sys_lab_plugin::SkeletonFlow<FlowData> &std::vector<eco_sys_lab_plugin::SkeletonFlow<FlowData>,std::allocator<eco_sys_lab_plugin::SkeletonFlow<FlowData>>>::emplace_back<unsigned __int64>(unsigned __int64 &&)' being compiled
        with
        [
            FlowData=eco_sys_lab_plugin::StrandModelFlowData
        ]
C:\Program Files\Microsoft Visual Studio\2022\Community\VC\Tools\MSVC\14.44.35207\include\vector(924): note: see reference to function template instantiation '_Ty &std::vector<_Ty,std::allocator<_Ty>>::_Emplace_one_at_back<unsigned __int64>(unsigned __int64 &&)' being compiled
        with
        [
            _Ty=eco_sys_lab_plugin::SkeletonFlow<eco_sys_lab_plugin::StrandModelFlowData>
        ]
C:\Program Files\Microsoft Visual Studio\2022\Community\VC\Tools\MSVC\14.44.35207\include\vector(845): note: see reference to function template instantiation '_Ty &std::vector<_Ty,std::allocator<_Ty>>::_Emplace_back_with_unused_capacity<unsigned __int64>(unsigned __int64 &&)' being compiled
        with
        [
            _Ty=eco_sys_lab_plugin::SkeletonFlow<eco_sys_lab_plugin::StrandModelFlowData>
        ]
C:\Program Files\Microsoft Visual Studio\2022\Community\VC\Tools\MSVC\14.44.35207\include\vector(863): note: see reference to function template instantiation 'void std::_Default_allocator_traits<_Alloc>::construct<_Ty,unsigned __int64>(_Alloc &,_Objty *const ,unsigned __int64 &&)' being compiled
        with
        [
            _Alloc=std::allocator<eco_sys_lab_plugin::SkeletonFlow<eco_sys_lab_plugin::StrandModelFlowData>>,
            _Ty=eco_sys_lab_plugin::SkeletonFlow<eco_sys_lab_plugin::StrandModelFlowData>,
            _Objty=eco_sys_lab_plugin::SkeletonFlow<eco_sys_lab_plugin::StrandModelFlowData>
        ]
[18/40] C:\PROGRA~1\MIB055~1\2022\COMMUN~1\VC\Tools\MSVC\1444~1.352\bin\Hostx64\x64\cl.exe  /nologo /TP -DBILLBOARD_CLOUDS_PLUGIN -DCUDA_MODULE_PLUGIN -DDATASET_GENERATION_PLUGIN -DDIGITAL_AGRICULTURE_PLUGIN -DECOSYSLAB_PLUGIN -DGPR_PLUGIN -DGPR_READING=1 -DGPR_WRITING=1 -DLOG_GRADING_PLUGIN -DLOG_SCANNING_PLUGIN -DMESH_REPAIR_PLUGIN -DNOMINMAX -DTEXTURE_BAKING_PLUGIN -DUNIVERSE_PLUGIN -DVK_NO_PROTOTYPES -DVK_USE_PLATFORM_WIN32_KHR -DXML_STATIC=1 -IC:\Users\Brenda\code\EvoEngine\Extern\3rdParty -IC:\Users\Brenda\code\EvoEngine\Extern\3rdParty\zlib\zlib -IC:\Users\Brenda\code\EvoEngine\out\build\x64-Release\Extern\3rdParty\zlib\zlib -IC:\Users\Brenda\code\EvoEngine\Extern\3rdParty\assimp -IC:\Users\Brenda\code\EvoEngine\Extern\3rdParty\assimp\assimp\include -IC:\Users\Brenda\code\EvoEngine\Extern\3rdParty\base64\base64\include -IC:\Users\Brenda\code\EvoEngine\Extern\3rdParty\csvpp\csvpp\include -IC:\Users\Brenda\code\EvoEngine\Extern\3rdParty\glfw\glfw\include -IC:\Users\Brenda\code\EvoEngine\Extern\3rdParty\glm\glm -IC:\Users\Brenda\code\EvoEngine\Extern\3rdParty\imgui\imgui -IC:\Users\Brenda\code\EvoEngine\Extern\3rdParty\imgui\imgui\backends -IC:\Users\Brenda\code\EvoEngine\Extern\3rdParty\imgui\ImGuizmo -IC:\Users\Brenda\code\EvoEngine\Extern\3rdParty\json\json\include -IC:\Users\Brenda\code\EvoEngine\Extern\3rdParty\glslang\glslang\SPIRV -IC:\Users\Brenda\code\EvoEngine\Extern\3rdParty\glslang\glslang\glslang\Public -IC:\Users\Brenda\code\EvoEngine\Extern\3rdParty\stb\stb -IC:\VulkanSDK\1.3.296.0\Include -IC:\Users\Brenda\code\EvoEngine\Extern\3rdParty\volk\volk -IC:\Users\Brenda\code\EvoEngine\Extern\3rdParty\VulkanMemoryAllocator\VulkanMemoryAllocator\include -IC:\Users\Brenda\code\EvoEngine\Extern\3rdParty\xatlas\xatlas\source\xatlas -IC:\Users\Brenda\code\EvoEngine\Extern\3rdParty\yaml-cpp\yaml-cpp\include -IC:\Users\Brenda\code\EvoEngine\Extern\3rdParty\gpr\gpr -IC:\Users\Brenda\code\EvoEngine\Extern\3rdParty\eigen\eigen\Eigen -IC:\Users\Brenda\code\EvoEngine\Extern\3rdParty\tetgen -IC:\Users\Brenda\code\EvoEngine\Extern\3rdParty\tetgen\tetgen -IC:\Users\Brenda\code\EvoEngine\Extern\3rdParty\NsightAftermath -IC:\Users\Brenda\code\EvoEngine\Extern\3rdParty\NsightAftermath\NsightAftermath\include -IC:\Users\Brenda\code\EvoEngine\EvoEngine_SDK\include -IC:\Users\Brenda\code\EvoEngine\EvoEngine_SDK\include\Core -IC:\Users\Brenda\code\EvoEngine\EvoEngine_SDK\include\Core\ECS -IC:\Users\Brenda\code\EvoEngine\EvoEngine_SDK\include\Core\Math -IC:\Users\Brenda\code\EvoEngine\EvoEngine_SDK\include\Layers -IC:\Users\Brenda\code\EvoEngine\EvoEngine_SDK\include\Assets -IC:\Users\Brenda\code\EvoEngine\EvoEngine_SDK\include\Physics -IC:\Users\Brenda\code\EvoEngine\EvoEngine_SDK\include\RayTracing -IC:\Users\Brenda\code\EvoEngine\EvoEngine_SDK\include\Rendering -IC:\Users\Brenda\code\EvoEngine\EvoEngine_SDK\include\Rendering\RenderInstances -IC:\Users\Brenda\code\EvoEngine\EvoEngine_SDK\include\Rendering\PBR -IC:\Users\Brenda\code\EvoEngine\EvoEngine_SDK\include\Rendering\Animation -IC:\Users\Brenda\code\EvoEngine\EvoEngine_SDK\include\Rendering\Renderer -IC:\Users\Brenda\code\EvoEngine\EvoEngine_SDK\include\Rendering\Geometry -IC:\Users\Brenda\code\EvoEngine\EvoEngine_SDK\include\Rendering\Texture -IC:\Users\Brenda\code\EvoEngine\EvoEngine_SDK\include\Rendering\Platform -IC:\Users\Brenda\code\EvoEngine\EvoEngine_SDK\include\Rendering\PostProcessing -IC:\Users\Brenda\code\EvoEngine\EvoEngine_SDK\include\Editor -IC:\Users\Brenda\code\EvoEngine\EvoEngine_SDK\include\Utilities -IC:\Users\Brenda\code\EvoEngine\EvoEngine_SDK\include\Utilities\NsightAftermath -IC:\Users\Brenda\code\EvoEngine\EvoEngine_SDK\include\Utilities\ProceduralNoise -IC:\Users\Brenda\code\EvoEngine\out\build\x64-Release\EvoEngine_SDK -IC:\Users\Brenda\code\EvoEngine\Extern\3rdParty\OptiX\Windows\include -I"C:\Program Files\NVIDIA GPU Computing Toolkit\CUDA\v12.6\include" -IC:\Users\Brenda\code\EvoEngine\EvoEngine_Plugins\CudaModule\include -IC:\Users\Brenda\code\EvoEngine\EvoEngine_Plugins\CudaModule\include\MLVQ -IC:\Users\Brenda\code\EvoEngine\EvoEngine_Plugins\CudaModule\include\RayTracer -IC:\Users\Brenda\code\EvoEngine\EvoEngine_Plugins\CudaModule\include\Utilities -IC:\Users\Brenda\code\EvoEngine\EvoEngine_Plugins\MeshRepair\include -IC:\Users\Brenda\code\EvoEngine\EvoEngine_Plugins\MeshRepair\include\VisibilityTest -IC:\Users\Brenda\code\EvoEngine\EvoEngine_Plugins\TextureBaking\include -IC:\Users\Brenda\code\EvoEngine\EvoEngine_Plugins\Gpr\include -IC:\Users\Brenda\code\EvoEngine\Extern\3rdParty\gpr\gpr\source\lib -IC:\Users\Brenda\code\EvoEngine\Extern\3rdParty\gpr\gpr\source\lib\common\public -IC:\Users\Brenda\code\EvoEngine\Extern\3rdParty\gpr\gpr\source\lib\vc5_common -IC:\Users\Brenda\code\EvoEngine\Extern\3rdParty\gpr\gpr\source\lib\vc5_decoder -IC:\Users\Brenda\code\EvoEngine\Extern\3rdParty\gpr\gpr\source\lib\vc5_encoder -IC:\Users\Brenda\code\EvoEngine\Extern\3rdParty\gpr\gpr\source\lib\dng_sdk -IC:\Users\Brenda\code\EvoEngine\Extern\3rdParty\gpr\gpr\source\lib\gpr_sdk\public -IC:\Users\Brenda\code\EvoEngine\EvoEngine_Plugins\BillboardClouds\include -IC:\Users\Brenda\code\EvoEngine\Extern\3rdParty\pinchot\pinchot\include -IC:\Users\Brenda\code\EvoEngine\EvoEngine_Plugins\EcoSysLab -IC:\Users\Brenda\code\EvoEngine\EvoEngine_Plugins\EcoSysLab\include -IC:\Users\Brenda\code\EvoEngine\EvoEngine_Plugins\EcoSysLab\include\MeshFormation -IC:\Users\Brenda\code\EvoEngine\EvoEngine_Plugins\EcoSysLab\include\Physics\DynamicSkeleton -IC:\Users\Brenda\code\EvoEngine\EvoEngine_Plugins\EcoSysLab\include\Physics\DynamicStrands -IC:\Users\Brenda\code\EvoEngine\EvoEngine_Plugins\EcoSysLab\include\TreeModel\Descriptors -IC:\Users\Brenda\code\EvoEngine\EvoEngine_Plugins\EcoSysLab\include\Utilities\SpatialCompetition -IC:\Users\Brenda\code\EvoEngine\EvoEngine_Plugins\EcoSysLab\include\Physics -IC:\Users\Brenda\code\EvoEngine\EvoEngine_Plugins\EcoSysLab\include\Utilities\TreeIO -IC:\Users\Brenda\code\EvoEngine\EvoEngine_Plugins\EcoSysLab\include\Volumes -IC:\Users\Brenda\code\EvoEngine\EvoEngine_Plugins\EcoSysLab\include\ClimateModel -IC:\Users\Brenda\code\EvoEngine\EvoEngine_Plugins\EcoSysLab\include\SoilModel -IC:\Users\Brenda\code\EvoEngine\EvoEngine_Plugins\EcoSysLab\include\TreeModel\StrandModel -IC:\Users\Brenda\code\EvoEngine\EvoEngine_Plugins\EcoSysLab\include\TreeModel\DynamicTreeStrandGraph -IC:\Users\Brenda\code\EvoEngine\EvoEngine_Plugins\EcoSysLab\include\TreeModel -IC:\Users\Brenda\code\EvoEngine\EvoEngine_Plugins\EcoSysLab\include\Utilities -IC:\Users\Brenda\code\EvoEngine\EvoEngine_Plugins\EcoSysLab\include\Structures -IC:\Users\Brenda\code\EvoEngine\EvoEngine_Plugins\EcoSysLab\include\Reconstruction -IC:\Users\Brenda\code\EvoEngine\EvoEngine_Plugins\DigitalAgriculture\include -IC:\Users\Brenda\code\EvoEngine\EvoEngine_Plugins\DigitalAgriculture\include\SorghumModel -IC:\Users\Brenda\code\EvoEngine\EvoEngine_Plugins\DatasetGeneration\include -IC:\Users\Brenda\code\EvoEngine\EvoEngine_Plugins\DatasetGeneration\include\SorghumModel -IC:\Users\Brenda\code\EvoEngine\EvoEngine_Plugins\LogGrading\include -IC:\Users\Brenda\code\EvoEngine\EvoEngine_Plugins\LogScanning\include -IC:\Users\Brenda\code\EvoEngine\EvoEngine_Plugins\Universe\include -IC:\Users\Brenda\code\EvoEngine\Extern\3rdParty\assimp\assimp\code\..\include -IC:\Users\Brenda\code\EvoEngine\out\build\x64-Release\Extern\3rdParty\assimp\assimp\code\..\include -IC:\Users\Brenda\code\EvoEngine\Extern\3rdParty\base64 -IC:\Users\Brenda\code\EvoEngine\Extern\3rdParty\csvpp -IC:\Users\Brenda\code\EvoEngine\Extern\3rdParty\glslang\glslang\glslang\.. -IC:\Users\Brenda\code\EvoEngine\out\build\x64-Release\include -IC:\Users\Brenda\code\EvoEngine\Extern\3rdParty\glslang\glslang\SPIRV\.. -IC:\Users\Brenda\code\EvoEngine\Extern\3rdParty\meshoptimizer\meshoptimizer\src /DWIN32 /D_WINDOWS /GR /EHsc /O2 /Ob2 /DNDEBUG -std:c++17 -MD /YuC:/Users/Brenda/code/EvoEngine/out/build/x64-Release/EvoEngine_App/CMakeFiles/DemoApp.dir/cmake_pch.hxx /FpC:/Users/Brenda/code/EvoEngine/out/build/x64-Release/EvoEngine_App/CMakeFiles/DemoApp.dir/./cmake_pch.cxx.pch /FIC:/Users/Brenda/code/EvoEngine/out/build/x64-Release/EvoEngine_App/CMakeFiles/DemoApp.dir/cmake_pch.hxx /showIncludes /FoEvoEngine_App\CMakeFiles\DemoApp.dir\DemoApp.cpp.obj /FdEvoEngine_App\CMakeFiles\DemoApp.dir\ /FS -c C:\Users\Brenda\code\EvoEngine\EvoEngine_App\DemoApp.cpp
C:\Program Files\Microsoft Visual Studio\2022\Community\VC\Tools\MSVC\14.44.35207\include\xmemory(732): warning C4267: 'argument': conversion from 'size_t' to 'eco_sys_lab_plugin::SkeletonNodeHandle', possible loss of data
C:\Program Files\Microsoft Visual Studio\2022\Community\VC\Tools\MSVC\14.44.35207\include\xmemory(732): note: the template instantiation context (the oldest one first) is
C:\Users\Brenda\code\EvoEngine\EvoEngine_Plugins\EcoSysLab\include\TreeModel\StrandModel\StrandModel.hpp(58): note: see reference to class template instantiation 'eco_sys_lab_plugin::Skeleton<eco_sys_lab_plugin::StrandModelSkeletonData,eco_sys_lab_plugin::StrandModelFlowData,eco_sys_lab_plugin::StrandModelNodeData>' being compiled
C:\Users\Brenda\code\EvoEngine\EvoEngine_Plugins\EcoSysLab\include\Structures\Skeleton.hpp(922): note: while compiling class template member function 'eco_sys_lab_plugin::Skeleton<eco_sys_lab_plugin::StrandModelSkeletonData,eco_sys_lab_plugin::StrandModelFlowData,eco_sys_lab_plugin::StrandModelNodeData>::Skeleton(unsigned int)'
C:\Users\Brenda\code\EvoEngine\EvoEngine_Plugins\EcoSysLab\include\TreeModel\StrandModel\StrandModel.hpp(128): note: see the first reference to 'eco_sys_lab_plugin::Skeleton<eco_sys_lab_plugin::StrandModelSkeletonData,eco_sys_lab_plugin::StrandModelFlowData,eco_sys_lab_plugin::StrandModelNodeData>::Skeleton' in 'eco_sys_lab_plugin::StrandModel::StrandModel'
C:\Users\Brenda\code\EvoEngine\EvoEngine_Plugins\EcoSysLab\include\Structures\Skeleton.hpp(1138): note: while compiling class template member function 'eco_sys_lab_plugin::SkeletonNodeHandle eco_sys_lab_plugin::Skeleton<eco_sys_lab_plugin::StrandModelSkeletonData,eco_sys_lab_plugin::StrandModelFlowData,eco_sys_lab_plugin::StrandModelNodeData>::AllocateNode(void)'
C:\Users\Brenda\code\EvoEngine\EvoEngine_Plugins\EcoSysLab\include\Structures\Skeleton.hpp(1140): note: see reference to function template instantiation 'eco_sys_lab_plugin::SkeletonNode<NodeData> &std::vector<eco_sys_lab_plugin::SkeletonNode<NodeData>,std::allocator<eco_sys_lab_plugin::SkeletonNode<NodeData>>>::emplace_back<unsigned __int64>(unsigned __int64 &&)' being compiled
        with
        [
            NodeData=eco_sys_lab_plugin::StrandModelNodeData
        ]
C:\Program Files\Microsoft Visual Studio\2022\Community\VC\Tools\MSVC\14.44.35207\include\vector(924): note: see reference to function template instantiation '_Ty &std::vector<_Ty,std::allocator<_Ty>>::_Emplace_one_at_back<unsigned __int64>(unsigned __int64 &&)' being compiled
        with
        [
            _Ty=eco_sys_lab_plugin::SkeletonNode<eco_sys_lab_plugin::StrandModelNodeData>
        ]
C:\Program Files\Microsoft Visual Studio\2022\Community\VC\Tools\MSVC\14.44.35207\include\vector(845): note: see reference to function template instantiation '_Ty &std::vector<_Ty,std::allocator<_Ty>>::_Emplace_back_with_unused_capacity<unsigned __int64>(unsigned __int64 &&)' being compiled
        with
        [
            _Ty=eco_sys_lab_plugin::SkeletonNode<eco_sys_lab_plugin::StrandModelNodeData>
        ]
C:\Program Files\Microsoft Visual Studio\2022\Community\VC\Tools\MSVC\14.44.35207\include\vector(863): note: see reference to function template instantiation 'void std::_Default_allocator_traits<_Alloc>::construct<_Ty,unsigned __int64>(_Alloc &,_Objty *const ,unsigned __int64 &&)' being compiled
        with
        [
            _Alloc=std::allocator<eco_sys_lab_plugin::SkeletonNode<eco_sys_lab_plugin::StrandModelNodeData>>,
            _Ty=eco_sys_lab_plugin::SkeletonNode<eco_sys_lab_plugin::StrandModelNodeData>,
            _Objty=eco_sys_lab_plugin::SkeletonNode<eco_sys_lab_plugin::StrandModelNodeData>
        ]
C:\Program Files\Microsoft Visual Studio\2022\Community\VC\Tools\MSVC\14.44.35207\include\xmemory(732): warning C4267: 'argument': conversion from 'size_t' to 'eco_sys_lab_plugin::SkeletonFlowHandle', possible loss of data
C:\Program Files\Microsoft Visual Studio\2022\Community\VC\Tools\MSVC\14.44.35207\include\xmemory(732): note: the template instantiation context (the oldest one first) is
C:\Users\Brenda\code\EvoEngine\EvoEngine_Plugins\EcoSysLab\include\Structures\Skeleton.hpp(1130): note: while compiling class template member function 'eco_sys_lab_plugin::SkeletonFlowHandle eco_sys_lab_plugin::Skeleton<eco_sys_lab_plugin::StrandModelSkeletonData,eco_sys_lab_plugin::StrandModelFlowData,eco_sys_lab_plugin::StrandModelNodeData>::AllocateFlow(void)'
C:\Users\Brenda\code\EvoEngine\EvoEngine_Plugins\EcoSysLab\include\Structures\Skeleton.hpp(1132): note: see reference to function template instantiation 'eco_sys_lab_plugin::SkeletonFlow<FlowData> &std::vector<eco_sys_lab_plugin::SkeletonFlow<FlowData>,std::allocator<eco_sys_lab_plugin::SkeletonFlow<FlowData>>>::emplace_back<unsigned __int64>(unsigned __int64 &&)' being compiled
        with
        [
            FlowData=eco_sys_lab_plugin::StrandModelFlowData
        ]
C:\Program Files\Microsoft Visual Studio\2022\Community\VC\Tools\MSVC\14.44.35207\include\vector(924): note: see reference to function template instantiation '_Ty &std::vector<_Ty,std::allocator<_Ty>>::_Emplace_one_at_back<unsigned __int64>(unsigned __int64 &&)' being compiled
        with
        [
            _Ty=eco_sys_lab_plugin::SkeletonFlow<eco_sys_lab_plugin::StrandModelFlowData>
        ]
C:\Program Files\Microsoft Visual Studio\2022\Community\VC\Tools\MSVC\14.44.35207\include\vector(845): note: see reference to function template instantiation '_Ty &std::vector<_Ty,std::allocator<_Ty>>::_Emplace_back_with_unused_capacity<unsigned __int64>(unsigned __int64 &&)' being compiled
        with
        [
            _Ty=eco_sys_lab_plugin::SkeletonFlow<eco_sys_lab_plugin::StrandModelFlowData>
        ]
C:\Program Files\Microsoft Visual Studio\2022\Community\VC\Tools\MSVC\14.44.35207\include\vector(863): note: see reference to function template instantiation 'void std::_Default_allocator_traits<_Alloc>::construct<_Ty,unsigned __int64>(_Alloc &,_Objty *const ,unsigned __int64 &&)' being compiled
        with
        [
            _Alloc=std::allocator<eco_sys_lab_plugin::SkeletonFlow<eco_sys_lab_plugin::StrandModelFlowData>>,
            _Ty=eco_sys_lab_plugin::SkeletonFlow<eco_sys_lab_plugin::StrandModelFlowData>,
            _Objty=eco_sys_lab_plugin::SkeletonFlow<eco_sys_lab_plugin::StrandModelFlowData>
        ]
[19/40] C:\PROGRA~1\MIB055~1\2022\COMMUN~1\VC\Tools\MSVC\1444~1.352\bin\Hostx64\x64\cl.exe  /nologo /TP -DBILLBOARD_CLOUDS_PLUGIN -DCUDA_MODULE_PLUGIN -DDATASET_GENERATION_PLUGIN -DDIGITAL_AGRICULTURE_PLUGIN -DECOSYSLAB_PLUGIN -DGPR_PLUGIN -DGPR_READING=1 -DGPR_WRITING=1 -DLOG_GRADING_PLUGIN -DLOG_SCANNING_PLUGIN -DMESH_REPAIR_PLUGIN -DNOMINMAX -DTEXTURE_BAKING_PLUGIN -DUNIVERSE_PLUGIN -DVK_NO_PROTOTYPES -DVK_USE_PLATFORM_WIN32_KHR -DXML_STATIC=1 -IC:\Users\Brenda\code\EvoEngine\Extern\3rdParty -IC:\Users\Brenda\code\EvoEngine\Extern\3rdParty\zlib\zlib -IC:\Users\Brenda\code\EvoEngine\out\build\x64-Release\Extern\3rdParty\zlib\zlib -IC:\Users\Brenda\code\EvoEngine\Extern\3rdParty\assimp -IC:\Users\Brenda\code\EvoEngine\Extern\3rdParty\assimp\assimp\include -IC:\Users\Brenda\code\EvoEngine\Extern\3rdParty\base64\base64\include -IC:\Users\Brenda\code\EvoEngine\Extern\3rdParty\csvpp\csvpp\include -IC:\Users\Brenda\code\EvoEngine\Extern\3rdParty\glfw\glfw\include -IC:\Users\Brenda\code\EvoEngine\Extern\3rdParty\glm\glm -IC:\Users\Brenda\code\EvoEngine\Extern\3rdParty\imgui\imgui -IC:\Users\Brenda\code\EvoEngine\Extern\3rdParty\imgui\imgui\backends -IC:\Users\Brenda\code\EvoEngine\Extern\3rdParty\imgui\ImGuizmo -IC:\Users\Brenda\code\EvoEngine\Extern\3rdParty\json\json\include -IC:\Users\Brenda\code\EvoEngine\Extern\3rdParty\glslang\glslang\SPIRV -IC:\Users\Brenda\code\EvoEngine\Extern\3rdParty\glslang\glslang\glslang\Public -IC:\Users\Brenda\code\EvoEngine\Extern\3rdParty\stb\stb -IC:\VulkanSDK\1.3.296.0\Include -IC:\Users\Brenda\code\EvoEngine\Extern\3rdParty\volk\volk -IC:\Users\Brenda\code\EvoEngine\Extern\3rdParty\VulkanMemoryAllocator\VulkanMemoryAllocator\include -IC:\Users\Brenda\code\EvoEngine\Extern\3rdParty\xatlas\xatlas\source\xatlas -IC:\Users\Brenda\code\EvoEngine\Extern\3rdParty\yaml-cpp\yaml-cpp\include -IC:\Users\Brenda\code\EvoEngine\Extern\3rdParty\gpr\gpr -IC:\Users\Brenda\code\EvoEngine\Extern\3rdParty\eigen\eigen\Eigen -IC:\Users\Brenda\code\EvoEngine\Extern\3rdParty\tetgen -IC:\Users\Brenda\code\EvoEngine\Extern\3rdParty\tetgen\tetgen -IC:\Users\Brenda\code\EvoEngine\Extern\3rdParty\NsightAftermath -IC:\Users\Brenda\code\EvoEngine\Extern\3rdParty\NsightAftermath\NsightAftermath\include -IC:\Users\Brenda\code\EvoEngine\EvoEngine_SDK\include -IC:\Users\Brenda\code\EvoEngine\EvoEngine_SDK\include\Core -IC:\Users\Brenda\code\EvoEngine\EvoEngine_SDK\include\Core\ECS -IC:\Users\Brenda\code\EvoEngine\EvoEngine_SDK\include\Core\Math -IC:\Users\Brenda\code\EvoEngine\EvoEngine_SDK\include\Layers -IC:\Users\Brenda\code\EvoEngine\EvoEngine_SDK\include\Assets -IC:\Users\Brenda\code\EvoEngine\EvoEngine_SDK\include\Physics -IC:\Users\Brenda\code\EvoEngine\EvoEngine_SDK\include\RayTracing -IC:\Users\Brenda\code\EvoEngine\EvoEngine_SDK\include\Rendering -IC:\Users\Brenda\code\EvoEngine\EvoEngine_SDK\include\Rendering\RenderInstances -IC:\Users\Brenda\code\EvoEngine\EvoEngine_SDK\include\Rendering\PBR -IC:\Users\Brenda\code\EvoEngine\EvoEngine_SDK\include\Rendering\Animation -IC:\Users\Brenda\code\EvoEngine\EvoEngine_SDK\include\Rendering\Renderer -IC:\Users\Brenda\code\EvoEngine\EvoEngine_SDK\include\Rendering\Geometry -IC:\Users\Brenda\code\EvoEngine\EvoEngine_SDK\include\Rendering\Texture -IC:\Users\Brenda\code\EvoEngine\EvoEngine_SDK\include\Rendering\Platform -IC:\Users\Brenda\code\EvoEngine\EvoEngine_SDK\include\Rendering\PostProcessing -IC:\Users\Brenda\code\EvoEngine\EvoEngine_SDK\include\Editor -IC:\Users\Brenda\code\EvoEngine\EvoEngine_SDK\include\Utilities -IC:\Users\Brenda\code\EvoEngine\EvoEngine_SDK\include\Utilities\NsightAftermath -IC:\Users\Brenda\code\EvoEngine\EvoEngine_SDK\include\Utilities\ProceduralNoise -IC:\Users\Brenda\code\EvoEngine\out\build\x64-Release\EvoEngine_SDK -IC:\Users\Brenda\code\EvoEngine\Extern\3rdParty\OptiX\Windows\include -I"C:\Program Files\NVIDIA GPU Computing Toolkit\CUDA\v12.6\include" -IC:\Users\Brenda\code\EvoEngine\EvoEngine_Plugins\CudaModule\include -IC:\Users\Brenda\code\EvoEngine\EvoEngine_Plugins\CudaModule\include\MLVQ -IC:\Users\Brenda\code\EvoEngine\EvoEngine_Plugins\CudaModule\include\RayTracer -IC:\Users\Brenda\code\EvoEngine\EvoEngine_Plugins\CudaModule\include\Utilities -IC:\Users\Brenda\code\EvoEngine\EvoEngine_Plugins\MeshRepair\include -IC:\Users\Brenda\code\EvoEngine\EvoEngine_Plugins\MeshRepair\include\VisibilityTest -IC:\Users\Brenda\code\EvoEngine\EvoEngine_Plugins\TextureBaking\include -IC:\Users\Brenda\code\EvoEngine\EvoEngine_Plugins\Gpr\include -IC:\Users\Brenda\code\EvoEngine\Extern\3rdParty\gpr\gpr\source\lib -IC:\Users\Brenda\code\EvoEngine\Extern\3rdParty\gpr\gpr\source\lib\common\public -IC:\Users\Brenda\code\EvoEngine\Extern\3rdParty\gpr\gpr\source\lib\vc5_common -IC:\Users\Brenda\code\EvoEngine\Extern\3rdParty\gpr\gpr\source\lib\vc5_decoder -IC:\Users\Brenda\code\EvoEngine\Extern\3rdParty\gpr\gpr\source\lib\vc5_encoder -IC:\Users\Brenda\code\EvoEngine\Extern\3rdParty\gpr\gpr\source\lib\dng_sdk -IC:\Users\Brenda\code\EvoEngine\Extern\3rdParty\gpr\gpr\source\lib\gpr_sdk\public -IC:\Users\Brenda\code\EvoEngine\EvoEngine_Plugins\BillboardClouds\include -IC:\Users\Brenda\code\EvoEngine\Extern\3rdParty\pinchot\pinchot\include -IC:\Users\Brenda\code\EvoEngine\EvoEngine_Plugins\EcoSysLab -IC:\Users\Brenda\code\EvoEngine\EvoEngine_Plugins\EcoSysLab\include -IC:\Users\Brenda\code\EvoEngine\EvoEngine_Plugins\EcoSysLab\include\MeshFormation -IC:\Users\Brenda\code\EvoEngine\EvoEngine_Plugins\EcoSysLab\include\Physics\DynamicSkeleton -IC:\Users\Brenda\code\EvoEngine\EvoEngine_Plugins\EcoSysLab\include\Physics\DynamicStrands -IC:\Users\Brenda\code\EvoEngine\EvoEngine_Plugins\EcoSysLab\include\TreeModel\Descriptors -IC:\Users\Brenda\code\EvoEngine\EvoEngine_Plugins\EcoSysLab\include\Utilities\SpatialCompetition -IC:\Users\Brenda\code\EvoEngine\EvoEngine_Plugins\EcoSysLab\include\Physics -IC:\Users\Brenda\code\EvoEngine\EvoEngine_Plugins\EcoSysLab\include\Utilities\TreeIO -IC:\Users\Brenda\code\EvoEngine\EvoEngine_Plugins\EcoSysLab\include\Volumes -IC:\Users\Brenda\code\EvoEngine\EvoEngine_Plugins\EcoSysLab\include\ClimateModel -IC:\Users\Brenda\code\EvoEngine\EvoEngine_Plugins\EcoSysLab\include\SoilModel -IC:\Users\Brenda\code\EvoEngine\EvoEngine_Plugins\EcoSysLab\include\TreeModel\StrandModel -IC:\Users\Brenda\code\EvoEngine\EvoEngine_Plugins\EcoSysLab\include\TreeModel\DynamicTreeStrandGraph -IC:\Users\Brenda\code\EvoEngine\EvoEngine_Plugins\EcoSysLab\include\TreeModel -IC:\Users\Brenda\code\EvoEngine\EvoEngine_Plugins\EcoSysLab\include\Utilities -IC:\Users\Brenda\code\EvoEngine\EvoEngine_Plugins\EcoSysLab\include\Structures -IC:\Users\Brenda\code\EvoEngine\EvoEngine_Plugins\EcoSysLab\include\Reconstruction -IC:\Users\Brenda\code\EvoEngine\EvoEngine_Plugins\DigitalAgriculture\include -IC:\Users\Brenda\code\EvoEngine\EvoEngine_Plugins\DigitalAgriculture\include\SorghumModel -IC:\Users\Brenda\code\EvoEngine\EvoEngine_Plugins\DatasetGeneration\include -IC:\Users\Brenda\code\EvoEngine\EvoEngine_Plugins\DatasetGeneration\include\SorghumModel -IC:\Users\Brenda\code\EvoEngine\EvoEngine_Plugins\LogGrading\include -IC:\Users\Brenda\code\EvoEngine\EvoEngine_Plugins\LogScanning\include -IC:\Users\Brenda\code\EvoEngine\EvoEngine_Plugins\Universe\include -IC:\Users\Brenda\code\EvoEngine\Extern\3rdParty\assimp\assimp\code\..\include -IC:\Users\Brenda\code\EvoEngine\out\build\x64-Release\Extern\3rdParty\assimp\assimp\code\..\include -IC:\Users\Brenda\code\EvoEngine\Extern\3rdParty\base64 -IC:\Users\Brenda\code\EvoEngine\Extern\3rdParty\csvpp -IC:\Users\Brenda\code\EvoEngine\Extern\3rdParty\glslang\glslang\glslang\.. -IC:\Users\Brenda\code\EvoEngine\out\build\x64-Release\include -IC:\Users\Brenda\code\EvoEngine\Extern\3rdParty\glslang\glslang\SPIRV\.. -IC:\Users\Brenda\code\EvoEngine\Extern\3rdParty\meshoptimizer\meshoptimizer\src /DWIN32 /D_WINDOWS /GR /EHsc /O2 /Ob2 /DNDEBUG -std:c++17 -MD /YcC:/Users/Brenda/code/EvoEngine/out/build/x64-Release/EvoEngine_App/CMakeFiles/LogGradingApp.dir/cmake_pch.hxx /FpC:/Users/Brenda/code/EvoEngine/out/build/x64-Release/EvoEngine_App/CMakeFiles/LogGradingApp.dir/./cmake_pch.cxx.pch /FIC:/Users/Brenda/code/EvoEngine/out/build/x64-Release/EvoEngine_App/CMakeFiles/LogGradingApp.dir/cmake_pch.hxx /showIncludes /FoEvoEngine_App\CMakeFiles\LogGradingApp.dir\cmake_pch.cxx.obj /FdEvoEngine_App\CMakeFiles\LogGradingApp.dir\ /FS -c C:\Users\Brenda\code\EvoEngine\out\build\x64-Release\EvoEngine_App\CMakeFiles\LogGradingApp.dir\cmake_pch.cxx
[20/40] C:\PROGRA~1\MIB055~1\2022\COMMUN~1\VC\Tools\MSVC\1444~1.352\bin\Hostx64\x64\cl.exe  /nologo /TP -DBILLBOARD_CLOUDS_PLUGIN -DCUDA_MODULE_PLUGIN -DDATASET_GENERATION_PLUGIN -DDIGITAL_AGRICULTURE_PLUGIN -DECOSYSLAB_PLUGIN -DGPR_PLUGIN -DGPR_READING=1 -DGPR_WRITING=1 -DLOG_GRADING_PLUGIN -DLOG_SCANNING_PLUGIN -DMESH_REPAIR_PLUGIN -DNOMINMAX -DPyDigitalAgriculture_EXPORTS -DTEXTURE_BAKING_PLUGIN -DUNIVERSE_PLUGIN -DVK_NO_PROTOTYPES -DVK_USE_PLATFORM_WIN32_KHR -DXML_STATIC=1 -IC:\Users\Brenda\code\EvoEngine\Extern\3rdParty -IC:\Users\Brenda\code\EvoEngine\Extern\3rdParty\zlib\zlib -IC:\Users\Brenda\code\EvoEngine\out\build\x64-Release\Extern\3rdParty\zlib\zlib -IC:\Users\Brenda\code\EvoEngine\Extern\3rdParty\assimp -IC:\Users\Brenda\code\EvoEngine\Extern\3rdParty\assimp\assimp\include -IC:\Users\Brenda\code\EvoEngine\Extern\3rdParty\base64\base64\include -IC:\Users\Brenda\code\EvoEngine\Extern\3rdParty\csvpp\csvpp\include -IC:\Users\Brenda\code\EvoEngine\Extern\3rdParty\glfw\glfw\include -IC:\Users\Brenda\code\EvoEngine\Extern\3rdParty\glm\glm -IC:\Users\Brenda\code\EvoEngine\Extern\3rdParty\imgui\imgui -IC:\Users\Brenda\code\EvoEngine\Extern\3rdParty\imgui\imgui\backends -IC:\Users\Brenda\code\EvoEngine\Extern\3rdParty\imgui\ImGuizmo -IC:\Users\Brenda\code\EvoEngine\Extern\3rdParty\json\json\include -IC:\Users\Brenda\code\EvoEngine\Extern\3rdParty\glslang\glslang\SPIRV -IC:\Users\Brenda\code\EvoEngine\Extern\3rdParty\glslang\glslang\glslang\Public -IC:\Users\Brenda\code\EvoEngine\Extern\3rdParty\stb\stb -IC:\VulkanSDK\1.3.296.0\Include -IC:\Users\Brenda\code\EvoEngine\Extern\3rdParty\volk\volk -IC:\Users\Brenda\code\EvoEngine\Extern\3rdParty\VulkanMemoryAllocator\VulkanMemoryAllocator\include -IC:\Users\Brenda\code\EvoEngine\Extern\3rdParty\xatlas\xatlas\source\xatlas -IC:\Users\Brenda\code\EvoEngine\Extern\3rdParty\yaml-cpp\yaml-cpp\include -IC:\Users\Brenda\code\EvoEngine\Extern\3rdParty\gpr\gpr -IC:\Users\Brenda\code\EvoEngine\Extern\3rdParty\eigen\eigen\Eigen -IC:\Users\Brenda\code\EvoEngine\Extern\3rdParty\tetgen -IC:\Users\Brenda\code\EvoEngine\Extern\3rdParty\tetgen\tetgen -IC:\Users\Brenda\code\EvoEngine\Extern\3rdParty\NsightAftermath -IC:\Users\Brenda\code\EvoEngine\Extern\3rdParty\NsightAftermath\NsightAftermath\include -IC:\Users\Brenda\code\EvoEngine\EvoEngine_SDK\include -IC:\Users\Brenda\code\EvoEngine\EvoEngine_SDK\include\Core -IC:\Users\Brenda\code\EvoEngine\EvoEngine_SDK\include\Core\ECS -IC:\Users\Brenda\code\EvoEngine\EvoEngine_SDK\include\Core\Math -IC:\Users\Brenda\code\EvoEngine\EvoEngine_SDK\include\Layers -IC:\Users\Brenda\code\EvoEngine\EvoEngine_SDK\include\Assets -IC:\Users\Brenda\code\EvoEngine\EvoEngine_SDK\include\Physics -IC:\Users\Brenda\code\EvoEngine\EvoEngine_SDK\include\RayTracing -IC:\Users\Brenda\code\EvoEngine\EvoEngine_SDK\include\Rendering -IC:\Users\Brenda\code\EvoEngine\EvoEngine_SDK\include\Rendering\RenderInstances -IC:\Users\Brenda\code\EvoEngine\EvoEngine_SDK\include\Rendering\PBR -IC:\Users\Brenda\code\EvoEngine\EvoEngine_SDK\include\Rendering\Animation -IC:\Users\Brenda\code\EvoEngine\EvoEngine_SDK\include\Rendering\Renderer -IC:\Users\Brenda\code\EvoEngine\EvoEngine_SDK\include\Rendering\Geometry -IC:\Users\Brenda\code\EvoEngine\EvoEngine_SDK\include\Rendering\Texture -IC:\Users\Brenda\code\EvoEngine\EvoEngine_SDK\include\Rendering\Platform -IC:\Users\Brenda\code\EvoEngine\EvoEngine_SDK\include\Rendering\PostProcessing -IC:\Users\Brenda\code\EvoEngine\EvoEngine_SDK\include\Editor -IC:\Users\Brenda\code\EvoEngine\EvoEngine_SDK\include\Utilities -IC:\Users\Brenda\code\EvoEngine\EvoEngine_SDK\include\Utilities\NsightAftermath -IC:\Users\Brenda\code\EvoEngine\EvoEngine_SDK\include\Utilities\ProceduralNoise -IC:\Users\Brenda\code\EvoEngine\out\build\x64-Release\EvoEngine_SDK -IC:\Users\Brenda\code\EvoEngine\Extern\3rdParty\OptiX\Windows\include -I"C:\Program Files\NVIDIA GPU Computing Toolkit\CUDA\v12.6\include" -IC:\Users\Brenda\code\EvoEngine\EvoEngine_Plugins\CudaModule\include -IC:\Users\Brenda\code\EvoEngine\EvoEngine_Plugins\CudaModule\include\MLVQ -IC:\Users\Brenda\code\EvoEngine\EvoEngine_Plugins\CudaModule\include\RayTracer -IC:\Users\Brenda\code\EvoEngine\EvoEngine_Plugins\CudaModule\include\Utilities -IC:\Users\Brenda\code\EvoEngine\EvoEngine_Plugins\MeshRepair\include -IC:\Users\Brenda\code\EvoEngine\EvoEngine_Plugins\MeshRepair\include\VisibilityTest -IC:\Users\Brenda\code\EvoEngine\EvoEngine_Plugins\TextureBaking\include -IC:\Users\Brenda\code\EvoEngine\EvoEngine_Plugins\Gpr\include -IC:\Users\Brenda\code\EvoEngine\Extern\3rdParty\gpr\gpr\source\lib -IC:\Users\Brenda\code\EvoEngine\Extern\3rdParty\gpr\gpr\source\lib\common\public -IC:\Users\Brenda\code\EvoEngine\Extern\3rdParty\gpr\gpr\source\lib\vc5_common -IC:\Users\Brenda\code\EvoEngine\Extern\3rdParty\gpr\gpr\source\lib\vc5_decoder -IC:\Users\Brenda\code\EvoEngine\Extern\3rdParty\gpr\gpr\source\lib\vc5_encoder -IC:\Users\Brenda\code\EvoEngine\Extern\3rdParty\gpr\gpr\source\lib\dng_sdk -IC:\Users\Brenda\code\EvoEngine\Extern\3rdParty\gpr\gpr\source\lib\gpr_sdk\public -IC:\Users\Brenda\code\EvoEngine\EvoEngine_Plugins\BillboardClouds\include -IC:\Users\Brenda\code\EvoEngine\Extern\3rdParty\pinchot\pinchot\include -IC:\Users\Brenda\code\EvoEngine\EvoEngine_Plugins\EcoSysLab -IC:\Users\Brenda\code\EvoEngine\EvoEngine_Plugins\EcoSysLab\include -IC:\Users\Brenda\code\EvoEngine\EvoEngine_Plugins\EcoSysLab\include\MeshFormation -IC:\Users\Brenda\code\EvoEngine\EvoEngine_Plugins\EcoSysLab\include\Physics\DynamicSkeleton -IC:\Users\Brenda\code\EvoEngine\EvoEngine_Plugins\EcoSysLab\include\Physics\DynamicStrands -IC:\Users\Brenda\code\EvoEngine\EvoEngine_Plugins\EcoSysLab\include\TreeModel\Descriptors -IC:\Users\Brenda\code\EvoEngine\EvoEngine_Plugins\EcoSysLab\include\Utilities\SpatialCompetition -IC:\Users\Brenda\code\EvoEngine\EvoEngine_Plugins\EcoSysLab\include\Physics -IC:\Users\Brenda\code\EvoEngine\EvoEngine_Plugins\EcoSysLab\include\Utilities\TreeIO -IC:\Users\Brenda\code\EvoEngine\EvoEngine_Plugins\EcoSysLab\include\Volumes -IC:\Users\Brenda\code\EvoEngine\EvoEngine_Plugins\EcoSysLab\include\ClimateModel -IC:\Users\Brenda\code\EvoEngine\EvoEngine_Plugins\EcoSysLab\include\SoilModel -IC:\Users\Brenda\code\EvoEngine\EvoEngine_Plugins\EcoSysLab\include\TreeModel\StrandModel -IC:\Users\Brenda\code\EvoEngine\EvoEngine_Plugins\EcoSysLab\include\TreeModel\DynamicTreeStrandGraph -IC:\Users\Brenda\code\EvoEngine\EvoEngine_Plugins\EcoSysLab\include\TreeModel -IC:\Users\Brenda\code\EvoEngine\EvoEngine_Plugins\EcoSysLab\include\Utilities -IC:\Users\Brenda\code\EvoEngine\EvoEngine_Plugins\EcoSysLab\include\Structures -IC:\Users\Brenda\code\EvoEngine\EvoEngine_Plugins\EcoSysLab\include\Reconstruction -IC:\Users\Brenda\code\EvoEngine\EvoEngine_Plugins\DigitalAgriculture\include -IC:\Users\Brenda\code\EvoEngine\EvoEngine_Plugins\DigitalAgriculture\include\SorghumModel -IC:\Users\Brenda\code\EvoEngine\EvoEngine_Plugins\DatasetGeneration\include -IC:\Users\Brenda\code\EvoEngine\EvoEngine_Plugins\DatasetGeneration\include\SorghumModel -IC:\Users\Brenda\code\EvoEngine\EvoEngine_Plugins\LogGrading\include -IC:\Users\Brenda\code\EvoEngine\EvoEngine_Plugins\LogScanning\include -IC:\Users\Brenda\code\EvoEngine\EvoEngine_Plugins\Universe\include -IC:\Users\Brenda\code\EvoEngine\PythonBinding\include -IC:\Users\Brenda\code\EvoEngine\Extern\3rdParty\assimp\assimp\code\..\include -IC:\Users\Brenda\code\EvoEngine\out\build\x64-Release\Extern\3rdParty\assimp\assimp\code\..\include -IC:\Users\Brenda\code\EvoEngine\Extern\3rdParty\base64 -IC:\Users\Brenda\code\EvoEngine\Extern\3rdParty\csvpp -IC:\Users\Brenda\code\EvoEngine\Extern\3rdParty\glslang\glslang\glslang\.. -IC:\Users\Brenda\code\EvoEngine\out\build\x64-Release\include -IC:\Users\Brenda\code\EvoEngine\Extern\3rdParty\glslang\glslang\SPIRV\.. -IC:\Users\Brenda\code\EvoEngine\Extern\3rdParty\meshoptimizer\meshoptimizer\src -external:IC:\Users\Brenda\code\EvoEngine\Extern\3rdParty\pybind11\pybind11\include -external:IC:\Users\Brenda\AppData\Local\Programs\Python\Python39\include -external:W0 /DWIN32 /D_WINDOWS /GR /EHsc /O2 /Ob2 /DNDEBUG -std:c++17 -MD /bigobj /MP /YcC:/Users/Brenda/code/EvoEngine/out/build/x64-Release/PythonBinding/CMakeFiles/PyDigitalAgriculture.dir/cmake_pch.hxx /FpC:/Users/Brenda/code/EvoEngine/out/build/x64-Release/PythonBinding/CMakeFiles/PyDigitalAgriculture.dir/./cmake_pch.cxx.pch /FIC:/Users/Brenda/code/EvoEngine/out/build/x64-Release/PythonBinding/CMakeFiles/PyDigitalAgriculture.dir/cmake_pch.hxx /showIncludes /FoPythonBinding\CMakeFiles\PyDigitalAgriculture.dir\cmake_pch.cxx.obj /FdPythonBinding\CMakeFiles\PyDigitalAgriculture.dir\ /FS -c C:\Users\Brenda\code\EvoEngine\out\build\x64-Release\PythonBinding\CMakeFiles\PyDigitalAgriculture.dir\cmake_pch.cxx
[21/40] C:\PROGRA~1\MIB055~1\2022\COMMUN~1\VC\Tools\MSVC\1444~1.352\bin\Hostx64\x64\cl.exe  /nologo /TP -DBILLBOARD_CLOUDS_PLUGIN -DCUDA_MODULE_PLUGIN -DDATASET_GENERATION_PLUGIN -DDIGITAL_AGRICULTURE_PLUGIN -DECOSYSLAB_PLUGIN -DGPR_PLUGIN -DGPR_READING=1 -DGPR_WRITING=1 -DLOG_GRADING_PLUGIN -DLOG_SCANNING_PLUGIN -DMESH_REPAIR_PLUGIN -DNOMINMAX -DTEXTURE_BAKING_PLUGIN -DUNIVERSE_PLUGIN -DVK_NO_PROTOTYPES -DVK_USE_PLATFORM_WIN32_KHR -DXML_STATIC=1 -IC:\Users\Brenda\code\EvoEngine\Extern\3rdParty -IC:\Users\Brenda\code\EvoEngine\Extern\3rdParty\zlib\zlib -IC:\Users\Brenda\code\EvoEngine\out\build\x64-Release\Extern\3rdParty\zlib\zlib -IC:\Users\Brenda\code\EvoEngine\Extern\3rdParty\assimp -IC:\Users\Brenda\code\EvoEngine\Extern\3rdParty\assimp\assimp\include -IC:\Users\Brenda\code\EvoEngine\Extern\3rdParty\base64\base64\include -IC:\Users\Brenda\code\EvoEngine\Extern\3rdParty\csvpp\csvpp\include -IC:\Users\Brenda\code\EvoEngine\Extern\3rdParty\glfw\glfw\include -IC:\Users\Brenda\code\EvoEngine\Extern\3rdParty\glm\glm -IC:\Users\Brenda\code\EvoEngine\Extern\3rdParty\imgui\imgui -IC:\Users\Brenda\code\EvoEngine\Extern\3rdParty\imgui\imgui\backends -IC:\Users\Brenda\code\EvoEngine\Extern\3rdParty\imgui\ImGuizmo -IC:\Users\Brenda\code\EvoEngine\Extern\3rdParty\json\json\include -IC:\Users\Brenda\code\EvoEngine\Extern\3rdParty\glslang\glslang\SPIRV -IC:\Users\Brenda\code\EvoEngine\Extern\3rdParty\glslang\glslang\glslang\Public -IC:\Users\Brenda\code\EvoEngine\Extern\3rdParty\stb\stb -IC:\VulkanSDK\1.3.296.0\Include -IC:\Users\Brenda\code\EvoEngine\Extern\3rdParty\volk\volk -IC:\Users\Brenda\code\EvoEngine\Extern\3rdParty\VulkanMemoryAllocator\VulkanMemoryAllocator\include -IC:\Users\Brenda\code\EvoEngine\Extern\3rdParty\xatlas\xatlas\source\xatlas -IC:\Users\Brenda\code\EvoEngine\Extern\3rdParty\yaml-cpp\yaml-cpp\include -IC:\Users\Brenda\code\EvoEngine\Extern\3rdParty\gpr\gpr -IC:\Users\Brenda\code\EvoEngine\Extern\3rdParty\eigen\eigen\Eigen -IC:\Users\Brenda\code\EvoEngine\Extern\3rdParty\tetgen -IC:\Users\Brenda\code\EvoEngine\Extern\3rdParty\tetgen\tetgen -IC:\Users\Brenda\code\EvoEngine\Extern\3rdParty\NsightAftermath -IC:\Users\Brenda\code\EvoEngine\Extern\3rdParty\NsightAftermath\NsightAftermath\include -IC:\Users\Brenda\code\EvoEngine\EvoEngine_SDK\include -IC:\Users\Brenda\code\EvoEngine\EvoEngine_SDK\include\Core -IC:\Users\Brenda\code\EvoEngine\EvoEngine_SDK\include\Core\ECS -IC:\Users\Brenda\code\EvoEngine\EvoEngine_SDK\include\Core\Math -IC:\Users\Brenda\code\EvoEngine\EvoEngine_SDK\include\Layers -IC:\Users\Brenda\code\EvoEngine\EvoEngine_SDK\include\Assets -IC:\Users\Brenda\code\EvoEngine\EvoEngine_SDK\include\Physics -IC:\Users\Brenda\code\EvoEngine\EvoEngine_SDK\include\RayTracing -IC:\Users\Brenda\code\EvoEngine\EvoEngine_SDK\include\Rendering -IC:\Users\Brenda\code\EvoEngine\EvoEngine_SDK\include\Rendering\RenderInstances -IC:\Users\Brenda\code\EvoEngine\EvoEngine_SDK\include\Rendering\PBR -IC:\Users\Brenda\code\EvoEngine\EvoEngine_SDK\include\Rendering\Animation -IC:\Users\Brenda\code\EvoEngine\EvoEngine_SDK\include\Rendering\Renderer -IC:\Users\Brenda\code\EvoEngine\EvoEngine_SDK\include\Rendering\Geometry -IC:\Users\Brenda\code\EvoEngine\EvoEngine_SDK\include\Rendering\Texture -IC:\Users\Brenda\code\EvoEngine\EvoEngine_SDK\include\Rendering\Platform -IC:\Users\Brenda\code\EvoEngine\EvoEngine_SDK\include\Rendering\PostProcessing -IC:\Users\Brenda\code\EvoEngine\EvoEngine_SDK\include\Editor -IC:\Users\Brenda\code\EvoEngine\EvoEngine_SDK\include\Utilities -IC:\Users\Brenda\code\EvoEngine\EvoEngine_SDK\include\Utilities\NsightAftermath -IC:\Users\Brenda\code\EvoEngine\EvoEngine_SDK\include\Utilities\ProceduralNoise -IC:\Users\Brenda\code\EvoEngine\out\build\x64-Release\EvoEngine_SDK -IC:\Users\Brenda\code\EvoEngine\Extern\3rdParty\OptiX\Windows\include -I"C:\Program Files\NVIDIA GPU Computing Toolkit\CUDA\v12.6\include" -IC:\Users\Brenda\code\EvoEngine\EvoEngine_Plugins\CudaModule\include -IC:\Users\Brenda\code\EvoEngine\EvoEngine_Plugins\CudaModule\include\MLVQ -IC:\Users\Brenda\code\EvoEngine\EvoEngine_Plugins\CudaModule\include\RayTracer -IC:\Users\Brenda\code\EvoEngine\EvoEngine_Plugins\CudaModule\include\Utilities -IC:\Users\Brenda\code\EvoEngine\EvoEngine_Plugins\MeshRepair\include -IC:\Users\Brenda\code\EvoEngine\EvoEngine_Plugins\MeshRepair\include\VisibilityTest -IC:\Users\Brenda\code\EvoEngine\EvoEngine_Plugins\TextureBaking\include -IC:\Users\Brenda\code\EvoEngine\EvoEngine_Plugins\Gpr\include -IC:\Users\Brenda\code\EvoEngine\Extern\3rdParty\gpr\gpr\source\lib -IC:\Users\Brenda\code\EvoEngine\Extern\3rdParty\gpr\gpr\source\lib\common\public -IC:\Users\Brenda\code\EvoEngine\Extern\3rdParty\gpr\gpr\source\lib\vc5_common -IC:\Users\Brenda\code\EvoEngine\Extern\3rdParty\gpr\gpr\source\lib\vc5_decoder -IC:\Users\Brenda\code\EvoEngine\Extern\3rdParty\gpr\gpr\source\lib\vc5_encoder -IC:\Users\Brenda\code\EvoEngine\Extern\3rdParty\gpr\gpr\source\lib\dng_sdk -IC:\Users\Brenda\code\EvoEngine\Extern\3rdParty\gpr\gpr\source\lib\gpr_sdk\public -IC:\Users\Brenda\code\EvoEngine\EvoEngine_Plugins\BillboardClouds\include -IC:\Users\Brenda\code\EvoEngine\Extern\3rdParty\pinchot\pinchot\include -IC:\Users\Brenda\code\EvoEngine\EvoEngine_Plugins\EcoSysLab -IC:\Users\Brenda\code\EvoEngine\EvoEngine_Plugins\EcoSysLab\include -IC:\Users\Brenda\code\EvoEngine\EvoEngine_Plugins\EcoSysLab\include\MeshFormation -IC:\Users\Brenda\code\EvoEngine\EvoEngine_Plugins\EcoSysLab\include\Physics\DynamicSkeleton -IC:\Users\Brenda\code\EvoEngine\EvoEngine_Plugins\EcoSysLab\include\Physics\DynamicStrands -IC:\Users\Brenda\code\EvoEngine\EvoEngine_Plugins\EcoSysLab\include\TreeModel\Descriptors -IC:\Users\Brenda\code\EvoEngine\EvoEngine_Plugins\EcoSysLab\include\Utilities\SpatialCompetition -IC:\Users\Brenda\code\EvoEngine\EvoEngine_Plugins\EcoSysLab\include\Physics -IC:\Users\Brenda\code\EvoEngine\EvoEngine_Plugins\EcoSysLab\include\Utilities\TreeIO -IC:\Users\Brenda\code\EvoEngine\EvoEngine_Plugins\EcoSysLab\include\Volumes -IC:\Users\Brenda\code\EvoEngine\EvoEngine_Plugins\EcoSysLab\include\ClimateModel -IC:\Users\Brenda\code\EvoEngine\EvoEngine_Plugins\EcoSysLab\include\SoilModel -IC:\Users\Brenda\code\EvoEngine\EvoEngine_Plugins\EcoSysLab\include\TreeModel\StrandModel -IC:\Users\Brenda\code\EvoEngine\EvoEngine_Plugins\EcoSysLab\include\TreeModel\DynamicTreeStrandGraph -IC:\Users\Brenda\code\EvoEngine\EvoEngine_Plugins\EcoSysLab\include\TreeModel -IC:\Users\Brenda\code\EvoEngine\EvoEngine_Plugins\EcoSysLab\include\Utilities -IC:\Users\Brenda\code\EvoEngine\EvoEngine_Plugins\EcoSysLab\include\Structures -IC:\Users\Brenda\code\EvoEngine\EvoEngine_Plugins\EcoSysLab\include\Reconstruction -IC:\Users\Brenda\code\EvoEngine\EvoEngine_Plugins\DigitalAgriculture\include -IC:\Users\Brenda\code\EvoEngine\EvoEngine_Plugins\DigitalAgriculture\include\SorghumModel -IC:\Users\Brenda\code\EvoEngine\EvoEngine_Plugins\DatasetGeneration\include -IC:\Users\Brenda\code\EvoEngine\EvoEngine_Plugins\DatasetGeneration\include\SorghumModel -IC:\Users\Brenda\code\EvoEngine\EvoEngine_Plugins\LogGrading\include -IC:\Users\Brenda\code\EvoEngine\EvoEngine_Plugins\LogScanning\include -IC:\Users\Brenda\code\EvoEngine\EvoEngine_Plugins\Universe\include -IC:\Users\Brenda\code\EvoEngine\Extern\3rdParty\assimp\assimp\code\..\include -IC:\Users\Brenda\code\EvoEngine\out\build\x64-Release\Extern\3rdParty\assimp\assimp\code\..\include -IC:\Users\Brenda\code\EvoEngine\Extern\3rdParty\base64 -IC:\Users\Brenda\code\EvoEngine\Extern\3rdParty\csvpp -IC:\Users\Brenda\code\EvoEngine\Extern\3rdParty\glslang\glslang\glslang\.. -IC:\Users\Brenda\code\EvoEngine\out\build\x64-Release\include -IC:\Users\Brenda\code\EvoEngine\Extern\3rdParty\glslang\glslang\SPIRV\.. -IC:\Users\Brenda\code\EvoEngine\Extern\3rdParty\meshoptimizer\meshoptimizer\src /DWIN32 /D_WINDOWS /GR /EHsc /O2 /Ob2 /DNDEBUG -std:c++17 -MD /YcC:/Users/Brenda/code/EvoEngine/out/build/x64-Release/EvoEngine_App/CMakeFiles/SorghumDataGeneratorApp.dir/cmake_pch.hxx /FpC:/Users/Brenda/code/EvoEngine/out/build/x64-Release/EvoEngine_App/CMakeFiles/SorghumDataGeneratorApp.dir/./cmake_pch.cxx.pch /FIC:/Users/Brenda/code/EvoEngine/out/build/x64-Release/EvoEngine_App/CMakeFiles/SorghumDataGeneratorApp.dir/cmake_pch.hxx /showIncludes /FoEvoEngine_App\CMakeFiles\SorghumDataGeneratorApp.dir\cmake_pch.cxx.obj /FdEvoEngine_App\CMakeFiles\SorghumDataGeneratorApp.dir\ /FS -c C:\Users\Brenda\code\EvoEngine\out\build\x64-Release\EvoEngine_App\CMakeFiles\SorghumDataGeneratorApp.dir\cmake_pch.cxx
[22/40] C:\PROGRA~1\MIB055~1\2022\COMMUN~1\VC\Tools\MSVC\1444~1.352\bin\Hostx64\x64\cl.exe  /nologo /TP -DBILLBOARD_CLOUDS_PLUGIN -DCUDA_MODULE_PLUGIN -DDATASET_GENERATION_PLUGIN -DDIGITAL_AGRICULTURE_PLUGIN -DECOSYSLAB_PLUGIN -DGPR_PLUGIN -DGPR_READING=1 -DGPR_WRITING=1 -DLOG_GRADING_PLUGIN -DLOG_SCANNING_PLUGIN -DMESH_REPAIR_PLUGIN -DNOMINMAX -DTEXTURE_BAKING_PLUGIN -DUNIVERSE_PLUGIN -DVK_NO_PROTOTYPES -DVK_USE_PLATFORM_WIN32_KHR -DXML_STATIC=1 -IC:\Users\Brenda\code\EvoEngine\Extern\3rdParty -IC:\Users\Brenda\code\EvoEngine\Extern\3rdParty\zlib\zlib -IC:\Users\Brenda\code\EvoEngine\out\build\x64-Release\Extern\3rdParty\zlib\zlib -IC:\Users\Brenda\code\EvoEngine\Extern\3rdParty\assimp -IC:\Users\Brenda\code\EvoEngine\Extern\3rdParty\assimp\assimp\include -IC:\Users\Brenda\code\EvoEngine\Extern\3rdParty\base64\base64\include -IC:\Users\Brenda\code\EvoEngine\Extern\3rdParty\csvpp\csvpp\include -IC:\Users\Brenda\code\EvoEngine\Extern\3rdParty\glfw\glfw\include -IC:\Users\Brenda\code\EvoEngine\Extern\3rdParty\glm\glm -IC:\Users\Brenda\code\EvoEngine\Extern\3rdParty\imgui\imgui -IC:\Users\Brenda\code\EvoEngine\Extern\3rdParty\imgui\imgui\backends -IC:\Users\Brenda\code\EvoEngine\Extern\3rdParty\imgui\ImGuizmo -IC:\Users\Brenda\code\EvoEngine\Extern\3rdParty\json\json\include -IC:\Users\Brenda\code\EvoEngine\Extern\3rdParty\glslang\glslang\SPIRV -IC:\Users\Brenda\code\EvoEngine\Extern\3rdParty\glslang\glslang\glslang\Public -IC:\Users\Brenda\code\EvoEngine\Extern\3rdParty\stb\stb -IC:\VulkanSDK\1.3.296.0\Include -IC:\Users\Brenda\code\EvoEngine\Extern\3rdParty\volk\volk -IC:\Users\Brenda\code\EvoEngine\Extern\3rdParty\VulkanMemoryAllocator\VulkanMemoryAllocator\include -IC:\Users\Brenda\code\EvoEngine\Extern\3rdParty\xatlas\xatlas\source\xatlas -IC:\Users\Brenda\code\EvoEngine\Extern\3rdParty\yaml-cpp\yaml-cpp\include -IC:\Users\Brenda\code\EvoEngine\Extern\3rdParty\gpr\gpr -IC:\Users\Brenda\code\EvoEngine\Extern\3rdParty\eigen\eigen\Eigen -IC:\Users\Brenda\code\EvoEngine\Extern\3rdParty\tetgen -IC:\Users\Brenda\code\EvoEngine\Extern\3rdParty\tetgen\tetgen -IC:\Users\Brenda\code\EvoEngine\Extern\3rdParty\NsightAftermath -IC:\Users\Brenda\code\EvoEngine\Extern\3rdParty\NsightAftermath\NsightAftermath\include -IC:\Users\Brenda\code\EvoEngine\EvoEngine_SDK\include -IC:\Users\Brenda\code\EvoEngine\EvoEngine_SDK\include\Core -IC:\Users\Brenda\code\EvoEngine\EvoEngine_SDK\include\Core\ECS -IC:\Users\Brenda\code\EvoEngine\EvoEngine_SDK\include\Core\Math -IC:\Users\Brenda\code\EvoEngine\EvoEngine_SDK\include\Layers -IC:\Users\Brenda\code\EvoEngine\EvoEngine_SDK\include\Assets -IC:\Users\Brenda\code\EvoEngine\EvoEngine_SDK\include\Physics -IC:\Users\Brenda\code\EvoEngine\EvoEngine_SDK\include\RayTracing -IC:\Users\Brenda\code\EvoEngine\EvoEngine_SDK\include\Rendering -IC:\Users\Brenda\code\EvoEngine\EvoEngine_SDK\include\Rendering\RenderInstances -IC:\Users\Brenda\code\EvoEngine\EvoEngine_SDK\include\Rendering\PBR -IC:\Users\Brenda\code\EvoEngine\EvoEngine_SDK\include\Rendering\Animation -IC:\Users\Brenda\code\EvoEngine\EvoEngine_SDK\include\Rendering\Renderer -IC:\Users\Brenda\code\EvoEngine\EvoEngine_SDK\include\Rendering\Geometry -IC:\Users\Brenda\code\EvoEngine\EvoEngine_SDK\include\Rendering\Texture -IC:\Users\Brenda\code\EvoEngine\EvoEngine_SDK\include\Rendering\Platform -IC:\Users\Brenda\code\EvoEngine\EvoEngine_SDK\include\Rendering\PostProcessing -IC:\Users\Brenda\code\EvoEngine\EvoEngine_SDK\include\Editor -IC:\Users\Brenda\code\EvoEngine\EvoEngine_SDK\include\Utilities -IC:\Users\Brenda\code\EvoEngine\EvoEngine_SDK\include\Utilities\NsightAftermath -IC:\Users\Brenda\code\EvoEngine\EvoEngine_SDK\include\Utilities\ProceduralNoise -IC:\Users\Brenda\code\EvoEngine\out\build\x64-Release\EvoEngine_SDK -IC:\Users\Brenda\code\EvoEngine\Extern\3rdParty\OptiX\Windows\include -I"C:\Program Files\NVIDIA GPU Computing Toolkit\CUDA\v12.6\include" -IC:\Users\Brenda\code\EvoEngine\EvoEngine_Plugins\CudaModule\include -IC:\Users\Brenda\code\EvoEngine\EvoEngine_Plugins\CudaModule\include\MLVQ -IC:\Users\Brenda\code\EvoEngine\EvoEngine_Plugins\CudaModule\include\RayTracer -IC:\Users\Brenda\code\EvoEngine\EvoEngine_Plugins\CudaModule\include\Utilities -IC:\Users\Brenda\code\EvoEngine\EvoEngine_Plugins\MeshRepair\include -IC:\Users\Brenda\code\EvoEngine\EvoEngine_Plugins\MeshRepair\include\VisibilityTest -IC:\Users\Brenda\code\EvoEngine\EvoEngine_Plugins\TextureBaking\include -IC:\Users\Brenda\code\EvoEngine\EvoEngine_Plugins\Gpr\include -IC:\Users\Brenda\code\EvoEngine\Extern\3rdParty\gpr\gpr\source\lib -IC:\Users\Brenda\code\EvoEngine\Extern\3rdParty\gpr\gpr\source\lib\common\public -IC:\Users\Brenda\code\EvoEngine\Extern\3rdParty\gpr\gpr\source\lib\vc5_common -IC:\Users\Brenda\code\EvoEngine\Extern\3rdParty\gpr\gpr\source\lib\vc5_decoder -IC:\Users\Brenda\code\EvoEngine\Extern\3rdParty\gpr\gpr\source\lib\vc5_encoder -IC:\Users\Brenda\code\EvoEngine\Extern\3rdParty\gpr\gpr\source\lib\dng_sdk -IC:\Users\Brenda\code\EvoEngine\Extern\3rdParty\gpr\gpr\source\lib\gpr_sdk\public -IC:\Users\Brenda\code\EvoEngine\EvoEngine_Plugins\BillboardClouds\include -IC:\Users\Brenda\code\EvoEngine\Extern\3rdParty\pinchot\pinchot\include -IC:\Users\Brenda\code\EvoEngine\EvoEngine_Plugins\EcoSysLab -IC:\Users\Brenda\code\EvoEngine\EvoEngine_Plugins\EcoSysLab\include -IC:\Users\Brenda\code\EvoEngine\EvoEngine_Plugins\EcoSysLab\include\MeshFormation -IC:\Users\Brenda\code\EvoEngine\EvoEngine_Plugins\EcoSysLab\include\Physics\DynamicSkeleton -IC:\Users\Brenda\code\EvoEngine\EvoEngine_Plugins\EcoSysLab\include\Physics\DynamicStrands -IC:\Users\Brenda\code\EvoEngine\EvoEngine_Plugins\EcoSysLab\include\TreeModel\Descriptors -IC:\Users\Brenda\code\EvoEngine\EvoEngine_Plugins\EcoSysLab\include\Utilities\SpatialCompetition -IC:\Users\Brenda\code\EvoEngine\EvoEngine_Plugins\EcoSysLab\include\Physics -IC:\Users\Brenda\code\EvoEngine\EvoEngine_Plugins\EcoSysLab\include\Utilities\TreeIO -IC:\Users\Brenda\code\EvoEngine\EvoEngine_Plugins\EcoSysLab\include\Volumes -IC:\Users\Brenda\code\EvoEngine\EvoEngine_Plugins\EcoSysLab\include\ClimateModel -IC:\Users\Brenda\code\EvoEngine\EvoEngine_Plugins\EcoSysLab\include\SoilModel -IC:\Users\Brenda\code\EvoEngine\EvoEngine_Plugins\EcoSysLab\include\TreeModel\StrandModel -IC:\Users\Brenda\code\EvoEngine\EvoEngine_Plugins\EcoSysLab\include\TreeModel\DynamicTreeStrandGraph -IC:\Users\Brenda\code\EvoEngine\EvoEngine_Plugins\EcoSysLab\include\TreeModel -IC:\Users\Brenda\code\EvoEngine\EvoEngine_Plugins\EcoSysLab\include\Utilities -IC:\Users\Brenda\code\EvoEngine\EvoEngine_Plugins\EcoSysLab\include\Structures -IC:\Users\Brenda\code\EvoEngine\EvoEngine_Plugins\EcoSysLab\include\Reconstruction -IC:\Users\Brenda\code\EvoEngine\EvoEngine_Plugins\DigitalAgriculture\include -IC:\Users\Brenda\code\EvoEngine\EvoEngine_Plugins\DigitalAgriculture\include\SorghumModel -IC:\Users\Brenda\code\EvoEngine\EvoEngine_Plugins\DatasetGeneration\include -IC:\Users\Brenda\code\EvoEngine\EvoEngine_Plugins\DatasetGeneration\include\SorghumModel -IC:\Users\Brenda\code\EvoEngine\EvoEngine_Plugins\LogGrading\include -IC:\Users\Brenda\code\EvoEngine\EvoEngine_Plugins\LogScanning\include -IC:\Users\Brenda\code\EvoEngine\EvoEngine_Plugins\Universe\include -IC:\Users\Brenda\code\EvoEngine\Extern\3rdParty\assimp\assimp\code\..\include -IC:\Users\Brenda\code\EvoEngine\out\build\x64-Release\Extern\3rdParty\assimp\assimp\code\..\include -IC:\Users\Brenda\code\EvoEngine\Extern\3rdParty\base64 -IC:\Users\Brenda\code\EvoEngine\Extern\3rdParty\csvpp -IC:\Users\Brenda\code\EvoEngine\Extern\3rdParty\glslang\glslang\glslang\.. -IC:\Users\Brenda\code\EvoEngine\out\build\x64-Release\include -IC:\Users\Brenda\code\EvoEngine\Extern\3rdParty\glslang\glslang\SPIRV\.. -IC:\Users\Brenda\code\EvoEngine\Extern\3rdParty\meshoptimizer\meshoptimizer\src /DWIN32 /D_WINDOWS /GR /EHsc /O2 /Ob2 /DNDEBUG -std:c++17 -MD /YcC:/Users/Brenda/code/EvoEngine/out/build/x64-Release/EvoEngine_App/CMakeFiles/TreeDataGeneratorApp.dir/cmake_pch.hxx /FpC:/Users/Brenda/code/EvoEngine/out/build/x64-Release/EvoEngine_App/CMakeFiles/TreeDataGeneratorApp.dir/./cmake_pch.cxx.pch /FIC:/Users/Brenda/code/EvoEngine/out/build/x64-Release/EvoEngine_App/CMakeFiles/TreeDataGeneratorApp.dir/cmake_pch.hxx /showIncludes /FoEvoEngine_App\CMakeFiles\TreeDataGeneratorApp.dir\cmake_pch.cxx.obj /FdEvoEngine_App\CMakeFiles\TreeDataGeneratorApp.dir\ /FS -c C:\Users\Brenda\code\EvoEngine\out\build\x64-Release\EvoEngine_App\CMakeFiles\TreeDataGeneratorApp.dir\cmake_pch.cxx
[23/40] C:\PROGRA~1\MIB055~1\2022\COMMUN~1\VC\Tools\MSVC\1444~1.352\bin\Hostx64\x64\cl.exe  /nologo /TP -DBILLBOARD_CLOUDS_PLUGIN -DCUDA_MODULE_PLUGIN -DDATASET_GENERATION_PLUGIN -DDIGITAL_AGRICULTURE_PLUGIN -DECOSYSLAB_PLUGIN -DGPR_PLUGIN -DGPR_READING=1 -DGPR_WRITING=1 -DLOG_GRADING_PLUGIN -DLOG_SCANNING_PLUGIN -DMESH_REPAIR_PLUGIN -DNOMINMAX -DPyEcoSysLab_EXPORTS -DTEXTURE_BAKING_PLUGIN -DUNIVERSE_PLUGIN -DVK_NO_PROTOTYPES -DVK_USE_PLATFORM_WIN32_KHR -DXML_STATIC=1 -IC:\Users\Brenda\code\EvoEngine\Extern\3rdParty -IC:\Users\Brenda\code\EvoEngine\Extern\3rdParty\zlib\zlib -IC:\Users\Brenda\code\EvoEngine\out\build\x64-Release\Extern\3rdParty\zlib\zlib -IC:\Users\Brenda\code\EvoEngine\Extern\3rdParty\assimp -IC:\Users\Brenda\code\EvoEngine\Extern\3rdParty\assimp\assimp\include -IC:\Users\Brenda\code\EvoEngine\Extern\3rdParty\base64\base64\include -IC:\Users\Brenda\code\EvoEngine\Extern\3rdParty\csvpp\csvpp\include -IC:\Users\Brenda\code\EvoEngine\Extern\3rdParty\glfw\glfw\include -IC:\Users\Brenda\code\EvoEngine\Extern\3rdParty\glm\glm -IC:\Users\Brenda\code\EvoEngine\Extern\3rdParty\imgui\imgui -IC:\Users\Brenda\code\EvoEngine\Extern\3rdParty\imgui\imgui\backends -IC:\Users\Brenda\code\EvoEngine\Extern\3rdParty\imgui\ImGuizmo -IC:\Users\Brenda\code\EvoEngine\Extern\3rdParty\json\json\include -IC:\Users\Brenda\code\EvoEngine\Extern\3rdParty\glslang\glslang\SPIRV -IC:\Users\Brenda\code\EvoEngine\Extern\3rdParty\glslang\glslang\glslang\Public -IC:\Users\Brenda\code\EvoEngine\Extern\3rdParty\stb\stb -IC:\VulkanSDK\1.3.296.0\Include -IC:\Users\Brenda\code\EvoEngine\Extern\3rdParty\volk\volk -IC:\Users\Brenda\code\EvoEngine\Extern\3rdParty\VulkanMemoryAllocator\VulkanMemoryAllocator\include -IC:\Users\Brenda\code\EvoEngine\Extern\3rdParty\xatlas\xatlas\source\xatlas -IC:\Users\Brenda\code\EvoEngine\Extern\3rdParty\yaml-cpp\yaml-cpp\include -IC:\Users\Brenda\code\EvoEngine\Extern\3rdParty\gpr\gpr -IC:\Users\Brenda\code\EvoEngine\Extern\3rdParty\eigen\eigen\Eigen -IC:\Users\Brenda\code\EvoEngine\Extern\3rdParty\tetgen -IC:\Users\Brenda\code\EvoEngine\Extern\3rdParty\tetgen\tetgen -IC:\Users\Brenda\code\EvoEngine\Extern\3rdParty\NsightAftermath -IC:\Users\Brenda\code\EvoEngine\Extern\3rdParty\NsightAftermath\NsightAftermath\include -IC:\Users\Brenda\code\EvoEngine\EvoEngine_SDK\include -IC:\Users\Brenda\code\EvoEngine\EvoEngine_SDK\include\Core -IC:\Users\Brenda\code\EvoEngine\EvoEngine_SDK\include\Core\ECS -IC:\Users\Brenda\code\EvoEngine\EvoEngine_SDK\include\Core\Math -IC:\Users\Brenda\code\EvoEngine\EvoEngine_SDK\include\Layers -IC:\Users\Brenda\code\EvoEngine\EvoEngine_SDK\include\Assets -IC:\Users\Brenda\code\EvoEngine\EvoEngine_SDK\include\Physics -IC:\Users\Brenda\code\EvoEngine\EvoEngine_SDK\include\RayTracing -IC:\Users\Brenda\code\EvoEngine\EvoEngine_SDK\include\Rendering -IC:\Users\Brenda\code\EvoEngine\EvoEngine_SDK\include\Rendering\RenderInstances -IC:\Users\Brenda\code\EvoEngine\EvoEngine_SDK\include\Rendering\PBR -IC:\Users\Brenda\code\EvoEngine\EvoEngine_SDK\include\Rendering\Animation -IC:\Users\Brenda\code\EvoEngine\EvoEngine_SDK\include\Rendering\Renderer -IC:\Users\Brenda\code\EvoEngine\EvoEngine_SDK\include\Rendering\Geometry -IC:\Users\Brenda\code\EvoEngine\EvoEngine_SDK\include\Rendering\Texture -IC:\Users\Brenda\code\EvoEngine\EvoEngine_SDK\include\Rendering\Platform -IC:\Users\Brenda\code\EvoEngine\EvoEngine_SDK\include\Rendering\PostProcessing -IC:\Users\Brenda\code\EvoEngine\EvoEngine_SDK\include\Editor -IC:\Users\Brenda\code\EvoEngine\EvoEngine_SDK\include\Utilities -IC:\Users\Brenda\code\EvoEngine\EvoEngine_SDK\include\Utilities\NsightAftermath -IC:\Users\Brenda\code\EvoEngine\EvoEngine_SDK\include\Utilities\ProceduralNoise -IC:\Users\Brenda\code\EvoEngine\out\build\x64-Release\EvoEngine_SDK -IC:\Users\Brenda\code\EvoEngine\Extern\3rdParty\OptiX\Windows\include -I"C:\Program Files\NVIDIA GPU Computing Toolkit\CUDA\v12.6\include" -IC:\Users\Brenda\code\EvoEngine\EvoEngine_Plugins\CudaModule\include -IC:\Users\Brenda\code\EvoEngine\EvoEngine_Plugins\CudaModule\include\MLVQ -IC:\Users\Brenda\code\EvoEngine\EvoEngine_Plugins\CudaModule\include\RayTracer -IC:\Users\Brenda\code\EvoEngine\EvoEngine_Plugins\CudaModule\include\Utilities -IC:\Users\Brenda\code\EvoEngine\EvoEngine_Plugins\MeshRepair\include -IC:\Users\Brenda\code\EvoEngine\EvoEngine_Plugins\MeshRepair\include\VisibilityTest -IC:\Users\Brenda\code\EvoEngine\EvoEngine_Plugins\TextureBaking\include -IC:\Users\Brenda\code\EvoEngine\EvoEngine_Plugins\Gpr\include -IC:\Users\Brenda\code\EvoEngine\Extern\3rdParty\gpr\gpr\source\lib -IC:\Users\Brenda\code\EvoEngine\Extern\3rdParty\gpr\gpr\source\lib\common\public -IC:\Users\Brenda\code\EvoEngine\Extern\3rdParty\gpr\gpr\source\lib\vc5_common -IC:\Users\Brenda\code\EvoEngine\Extern\3rdParty\gpr\gpr\source\lib\vc5_decoder -IC:\Users\Brenda\code\EvoEngine\Extern\3rdParty\gpr\gpr\source\lib\vc5_encoder -IC:\Users\Brenda\code\EvoEngine\Extern\3rdParty\gpr\gpr\source\lib\dng_sdk -IC:\Users\Brenda\code\EvoEngine\Extern\3rdParty\gpr\gpr\source\lib\gpr_sdk\public -IC:\Users\Brenda\code\EvoEngine\EvoEngine_Plugins\BillboardClouds\include -IC:\Users\Brenda\code\EvoEngine\Extern\3rdParty\pinchot\pinchot\include -IC:\Users\Brenda\code\EvoEngine\EvoEngine_Plugins\EcoSysLab -IC:\Users\Brenda\code\EvoEngine\EvoEngine_Plugins\EcoSysLab\include -IC:\Users\Brenda\code\EvoEngine\EvoEngine_Plugins\EcoSysLab\include\MeshFormation -IC:\Users\Brenda\code\EvoEngine\EvoEngine_Plugins\EcoSysLab\include\Physics\DynamicSkeleton -IC:\Users\Brenda\code\EvoEngine\EvoEngine_Plugins\EcoSysLab\include\Physics\DynamicStrands -IC:\Users\Brenda\code\EvoEngine\EvoEngine_Plugins\EcoSysLab\include\TreeModel\Descriptors -IC:\Users\Brenda\code\EvoEngine\EvoEngine_Plugins\EcoSysLab\include\Utilities\SpatialCompetition -IC:\Users\Brenda\code\EvoEngine\EvoEngine_Plugins\EcoSysLab\include\Physics -IC:\Users\Brenda\code\EvoEngine\EvoEngine_Plugins\EcoSysLab\include\Utilities\TreeIO -IC:\Users\Brenda\code\EvoEngine\EvoEngine_Plugins\EcoSysLab\include\Volumes -IC:\Users\Brenda\code\EvoEngine\EvoEngine_Plugins\EcoSysLab\include\ClimateModel -IC:\Users\Brenda\code\EvoEngine\EvoEngine_Plugins\EcoSysLab\include\SoilModel -IC:\Users\Brenda\code\EvoEngine\EvoEngine_Plugins\EcoSysLab\include\TreeModel\StrandModel -IC:\Users\Brenda\code\EvoEngine\EvoEngine_Plugins\EcoSysLab\include\TreeModel\DynamicTreeStrandGraph -IC:\Users\Brenda\code\EvoEngine\EvoEngine_Plugins\EcoSysLab\include\TreeModel -IC:\Users\Brenda\code\EvoEngine\EvoEngine_Plugins\EcoSysLab\include\Utilities -IC:\Users\Brenda\code\EvoEngine\EvoEngine_Plugins\EcoSysLab\include\Structures -IC:\Users\Brenda\code\EvoEngine\EvoEngine_Plugins\EcoSysLab\include\Reconstruction -IC:\Users\Brenda\code\EvoEngine\EvoEngine_Plugins\DigitalAgriculture\include -IC:\Users\Brenda\code\EvoEngine\EvoEngine_Plugins\DigitalAgriculture\include\SorghumModel -IC:\Users\Brenda\code\EvoEngine\EvoEngine_Plugins\DatasetGeneration\include -IC:\Users\Brenda\code\EvoEngine\EvoEngine_Plugins\DatasetGeneration\include\SorghumModel -IC:\Users\Brenda\code\EvoEngine\EvoEngine_Plugins\LogGrading\include -IC:\Users\Brenda\code\EvoEngine\EvoEngine_Plugins\LogScanning\include -IC:\Users\Brenda\code\EvoEngine\EvoEngine_Plugins\Universe\include -IC:\Users\Brenda\code\EvoEngine\PythonBinding\include -IC:\Users\Brenda\code\EvoEngine\Extern\3rdParty\assimp\assimp\code\..\include -IC:\Users\Brenda\code\EvoEngine\out\build\x64-Release\Extern\3rdParty\assimp\assimp\code\..\include -IC:\Users\Brenda\code\EvoEngine\Extern\3rdParty\base64 -IC:\Users\Brenda\code\EvoEngine\Extern\3rdParty\csvpp -IC:\Users\Brenda\code\EvoEngine\Extern\3rdParty\glslang\glslang\glslang\.. -IC:\Users\Brenda\code\EvoEngine\out\build\x64-Release\include -IC:\Users\Brenda\code\EvoEngine\Extern\3rdParty\glslang\glslang\SPIRV\.. -IC:\Users\Brenda\code\EvoEngine\Extern\3rdParty\meshoptimizer\meshoptimizer\src -external:IC:\Users\Brenda\code\EvoEngine\Extern\3rdParty\pybind11\pybind11\include -external:IC:\Users\Brenda\AppData\Local\Programs\Python\Python39\include -external:W0 /DWIN32 /D_WINDOWS /GR /EHsc /O2 /Ob2 /DNDEBUG -std:c++17 -MD /bigobj /MP /YcC:/Users/Brenda/code/EvoEngine/out/build/x64-Release/PythonBinding/CMakeFiles/PyEcoSysLab.dir/cmake_pch.hxx /FpC:/Users/Brenda/code/EvoEngine/out/build/x64-Release/PythonBinding/CMakeFiles/PyEcoSysLab.dir/./cmake_pch.cxx.pch /FIC:/Users/Brenda/code/EvoEngine/out/build/x64-Release/PythonBinding/CMakeFiles/PyEcoSysLab.dir/cmake_pch.hxx /showIncludes /FoPythonBinding\CMakeFiles\PyEcoSysLab.dir\cmake_pch.cxx.obj /FdPythonBinding\CMakeFiles\PyEcoSysLab.dir\ /FS -c C:\Users\Brenda\code\EvoEngine\out\build\x64-Release\PythonBinding\CMakeFiles\PyEcoSysLab.dir\cmake_pch.cxx
[24/40] C:\WINDOWS\system32\cmd.exe /C "cd . && "C:\Program Files\Microsoft Visual Studio\2022\Community\Common7\IDE\CommonExtensions\Microsoft\CMake\CMake\bin\cmake.exe" -E vs_link_exe --msvc-ver=1929 --intdir=EvoEngine_App\CMakeFiles\EcoSysLabApp.dir --rc=C:\PROGRA~2\WI3CF2~1\10\bin\100261~1.0\x64\rc.exe --mt=C:\PROGRA~2\WI3CF2~1\10\bin\100261~1.0\x64\mt.exe --manifests  -- C:\PROGRA~2\MICROS~2\2019\COMMUN~1\VC\Tools\MSVC\1429~1.301\bin\Hostx64\x64\link.exe /nologo @CMakeFiles\EcoSysLabApp.rsp  /out:EvoEngine_App\EcoSysLabApp.exe /implib:EvoEngine_App\EcoSysLabApp.lib /pdb:EvoEngine_App\EcoSysLabApp.pdb /version:0.0 /machine:x64 /INCREMENTAL:NO /subsystem:console && C:\WINDOWS\system32\cmd.exe /C "cd /D C:\Users\Brenda\code\EvoEngine\out\build\x64-Release\EvoEngine_App && C:\Windows\System32\WindowsPowerShell\v1.0\powershell.exe -noprofile -executionpolicy Bypass -file "C:/Program Files/Microsoft Visual Studio/2022/Community/VC/vcpkg/scripts/buildsystems/msbuild/applocal.ps1" -targetBinary C:/Users/Brenda/code/EvoEngine/out/build/x64-Release/EvoEngine_App/EcoSysLabApp.exe -installedDir "C:/Program Files/Microsoft Visual Studio/2022/Community/VC/vcpkg/installed/x64-windows/bin" -OutVariable out""
Visual Studio Non-Incremental Link
LINK:
C:\PROGRA~2\MICROS~2\2019\COMMUN~1\VC\Tools\MSVC\1429~1.301\bin\Hostx64\x64\link.exe /nologo @CMakeFiles\EcoSysLabApp.rsp /out:EvoEngine_App\EcoSysLabApp.exe /implib:EvoEngine_App\EcoSysLabApp.lib /pdb:EvoEngine_App\EcoSysLabApp.pdb /version:0.0 /machine:x64 /INCREMENTAL:NO /subsystem:console /MANIFEST:EMBED,ID=1
   Creating library EvoEngine_App\EcoSysLabApp.lib and object EvoEngine_App\EcoSysLabApp.exp
LINK : warning LNK4098: defaultlib 'LIBCMT' conflicts with use of other libs; use /NODEFAULTLIB:library
[25/40] C:\WINDOWS\system32\cmd.exe /C "cd . && "C:\Program Files\Microsoft Visual Studio\2022\Community\Common7\IDE\CommonExtensions\Microsoft\CMake\CMake\bin\cmake.exe" -E vs_link_exe --msvc-ver=1929 --intdir=EvoEngine_App\CMakeFiles\DemoApp.dir --rc=C:\PROGRA~2\WI3CF2~1\10\bin\100261~1.0\x64\rc.exe --mt=C:\PROGRA~2\WI3CF2~1\10\bin\100261~1.0\x64\mt.exe --manifests  -- C:\PROGRA~2\MICROS~2\2019\COMMUN~1\VC\Tools\MSVC\1429~1.301\bin\Hostx64\x64\link.exe /nologo @CMakeFiles\DemoApp.rsp  /out:EvoEngine_App\DemoApp.exe /implib:EvoEngine_App\DemoApp.lib /pdb:EvoEngine_App\DemoApp.pdb /version:0.0 /machine:x64 /INCREMENTAL:NO /subsystem:console && C:\WINDOWS\system32\cmd.exe /C "cd /D C:\Users\Brenda\code\EvoEngine\out\build\x64-Release\EvoEngine_App && C:\Windows\System32\WindowsPowerShell\v1.0\powershell.exe -noprofile -executionpolicy Bypass -file "C:/Program Files/Microsoft Visual Studio/2022/Community/VC/vcpkg/scripts/buildsystems/msbuild/applocal.ps1" -targetBinary C:/Users/Brenda/code/EvoEngine/out/build/x64-Release/EvoEngine_App/DemoApp.exe -installedDir "C:/Program Files/Microsoft Visual Studio/2022/Community/VC/vcpkg/installed/x64-windows/bin" -OutVariable out""
Visual Studio Non-Incremental Link
LINK:
C:\PROGRA~2\MICROS~2\2019\COMMUN~1\VC\Tools\MSVC\1429~1.301\bin\Hostx64\x64\link.exe /nologo @CMakeFiles\DemoApp.rsp /out:EvoEngine_App\DemoApp.exe /implib:EvoEngine_App\DemoApp.lib /pdb:EvoEngine_App\DemoApp.pdb /version:0.0 /machine:x64 /INCREMENTAL:NO /subsystem:console /MANIFEST:EMBED,ID=1
   Creating library EvoEngine_App\DemoApp.lib and object EvoEngine_App\DemoApp.exp
LINK : warning LNK4098: defaultlib 'LIBCMT' conflicts with use of other libs; use /NODEFAULTLIB:library
[26/40] C:\PROGRA~1\MIB055~1\2022\COMMUN~1\VC\Tools\MSVC\1444~1.352\bin\Hostx64\x64\cl.exe  /nologo /TP -DBILLBOARD_CLOUDS_PLUGIN -DCUDA_MODULE_PLUGIN -DDATASET_GENERATION_PLUGIN -DDIGITAL_AGRICULTURE_PLUGIN -DECOSYSLAB_PLUGIN -DGPR_PLUGIN -DGPR_READING=1 -DGPR_WRITING=1 -DLOG_GRADING_PLUGIN -DLOG_SCANNING_PLUGIN -DMESH_REPAIR_PLUGIN -DNOMINMAX -DTEXTURE_BAKING_PLUGIN -DUNIVERSE_PLUGIN -DVK_NO_PROTOTYPES -DVK_USE_PLATFORM_WIN32_KHR -DXML_STATIC=1 -IC:\Users\Brenda\code\EvoEngine\Extern\3rdParty -IC:\Users\Brenda\code\EvoEngine\Extern\3rdParty\zlib\zlib -IC:\Users\Brenda\code\EvoEngine\out\build\x64-Release\Extern\3rdParty\zlib\zlib -IC:\Users\Brenda\code\EvoEngine\Extern\3rdParty\assimp -IC:\Users\Brenda\code\EvoEngine\Extern\3rdParty\assimp\assimp\include -IC:\Users\Brenda\code\EvoEngine\Extern\3rdParty\base64\base64\include -IC:\Users\Brenda\code\EvoEngine\Extern\3rdParty\csvpp\csvpp\include -IC:\Users\Brenda\code\EvoEngine\Extern\3rdParty\glfw\glfw\include -IC:\Users\Brenda\code\EvoEngine\Extern\3rdParty\glm\glm -IC:\Users\Brenda\code\EvoEngine\Extern\3rdParty\imgui\imgui -IC:\Users\Brenda\code\EvoEngine\Extern\3rdParty\imgui\imgui\backends -IC:\Users\Brenda\code\EvoEngine\Extern\3rdParty\imgui\ImGuizmo -IC:\Users\Brenda\code\EvoEngine\Extern\3rdParty\json\json\include -IC:\Users\Brenda\code\EvoEngine\Extern\3rdParty\glslang\glslang\SPIRV -IC:\Users\Brenda\code\EvoEngine\Extern\3rdParty\glslang\glslang\glslang\Public -IC:\Users\Brenda\code\EvoEngine\Extern\3rdParty\stb\stb -IC:\VulkanSDK\1.3.296.0\Include -IC:\Users\Brenda\code\EvoEngine\Extern\3rdParty\volk\volk -IC:\Users\Brenda\code\EvoEngine\Extern\3rdParty\VulkanMemoryAllocator\VulkanMemoryAllocator\include -IC:\Users\Brenda\code\EvoEngine\Extern\3rdParty\xatlas\xatlas\source\xatlas -IC:\Users\Brenda\code\EvoEngine\Extern\3rdParty\yaml-cpp\yaml-cpp\include -IC:\Users\Brenda\code\EvoEngine\Extern\3rdParty\gpr\gpr -IC:\Users\Brenda\code\EvoEngine\Extern\3rdParty\eigen\eigen\Eigen -IC:\Users\Brenda\code\EvoEngine\Extern\3rdParty\tetgen -IC:\Users\Brenda\code\EvoEngine\Extern\3rdParty\tetgen\tetgen -IC:\Users\Brenda\code\EvoEngine\Extern\3rdParty\NsightAftermath -IC:\Users\Brenda\code\EvoEngine\Extern\3rdParty\NsightAftermath\NsightAftermath\include -IC:\Users\Brenda\code\EvoEngine\EvoEngine_SDK\include -IC:\Users\Brenda\code\EvoEngine\EvoEngine_SDK\include\Core -IC:\Users\Brenda\code\EvoEngine\EvoEngine_SDK\include\Core\ECS -IC:\Users\Brenda\code\EvoEngine\EvoEngine_SDK\include\Core\Math -IC:\Users\Brenda\code\EvoEngine\EvoEngine_SDK\include\Layers -IC:\Users\Brenda\code\EvoEngine\EvoEngine_SDK\include\Assets -IC:\Users\Brenda\code\EvoEngine\EvoEngine_SDK\include\Physics -IC:\Users\Brenda\code\EvoEngine\EvoEngine_SDK\include\RayTracing -IC:\Users\Brenda\code\EvoEngine\EvoEngine_SDK\include\Rendering -IC:\Users\Brenda\code\EvoEngine\EvoEngine_SDK\include\Rendering\RenderInstances -IC:\Users\Brenda\code\EvoEngine\EvoEngine_SDK\include\Rendering\PBR -IC:\Users\Brenda\code\EvoEngine\EvoEngine_SDK\include\Rendering\Animation -IC:\Users\Brenda\code\EvoEngine\EvoEngine_SDK\include\Rendering\Renderer -IC:\Users\Brenda\code\EvoEngine\EvoEngine_SDK\include\Rendering\Geometry -IC:\Users\Brenda\code\EvoEngine\EvoEngine_SDK\include\Rendering\Texture -IC:\Users\Brenda\code\EvoEngine\EvoEngine_SDK\include\Rendering\Platform -IC:\Users\Brenda\code\EvoEngine\EvoEngine_SDK\include\Rendering\PostProcessing -IC:\Users\Brenda\code\EvoEngine\EvoEngine_SDK\include\Editor -IC:\Users\Brenda\code\EvoEngine\EvoEngine_SDK\include\Utilities -IC:\Users\Brenda\code\EvoEngine\EvoEngine_SDK\include\Utilities\NsightAftermath -IC:\Users\Brenda\code\EvoEngine\EvoEngine_SDK\include\Utilities\ProceduralNoise -IC:\Users\Brenda\code\EvoEngine\out\build\x64-Release\EvoEngine_SDK -IC:\Users\Brenda\code\EvoEngine\Extern\3rdParty\OptiX\Windows\include -I"C:\Program Files\NVIDIA GPU Computing Toolkit\CUDA\v12.6\include" -IC:\Users\Brenda\code\EvoEngine\EvoEngine_Plugins\CudaModule\include -IC:\Users\Brenda\code\EvoEngine\EvoEngine_Plugins\CudaModule\include\MLVQ -IC:\Users\Brenda\code\EvoEngine\EvoEngine_Plugins\CudaModule\include\RayTracer -IC:\Users\Brenda\code\EvoEngine\EvoEngine_Plugins\CudaModule\include\Utilities -IC:\Users\Brenda\code\EvoEngine\EvoEngine_Plugins\MeshRepair\include -IC:\Users\Brenda\code\EvoEngine\EvoEngine_Plugins\MeshRepair\include\VisibilityTest -IC:\Users\Brenda\code\EvoEngine\EvoEngine_Plugins\TextureBaking\include -IC:\Users\Brenda\code\EvoEngine\EvoEngine_Plugins\Gpr\include -IC:\Users\Brenda\code\EvoEngine\Extern\3rdParty\gpr\gpr\source\lib -IC:\Users\Brenda\code\EvoEngine\Extern\3rdParty\gpr\gpr\source\lib\common\public -IC:\Users\Brenda\code\EvoEngine\Extern\3rdParty\gpr\gpr\source\lib\vc5_common -IC:\Users\Brenda\code\EvoEngine\Extern\3rdParty\gpr\gpr\source\lib\vc5_decoder -IC:\Users\Brenda\code\EvoEngine\Extern\3rdParty\gpr\gpr\source\lib\vc5_encoder -IC:\Users\Brenda\code\EvoEngine\Extern\3rdParty\gpr\gpr\source\lib\dng_sdk -IC:\Users\Brenda\code\EvoEngine\Extern\3rdParty\gpr\gpr\source\lib\gpr_sdk\public -IC:\Users\Brenda\code\EvoEngine\EvoEngine_Plugins\BillboardClouds\include -IC:\Users\Brenda\code\EvoEngine\Extern\3rdParty\pinchot\pinchot\include -IC:\Users\Brenda\code\EvoEngine\EvoEngine_Plugins\EcoSysLab -IC:\Users\Brenda\code\EvoEngine\EvoEngine_Plugins\EcoSysLab\include -IC:\Users\Brenda\code\EvoEngine\EvoEngine_Plugins\EcoSysLab\include\MeshFormation -IC:\Users\Brenda\code\EvoEngine\EvoEngine_Plugins\EcoSysLab\include\Physics\DynamicSkeleton -IC:\Users\Brenda\code\EvoEngine\EvoEngine_Plugins\EcoSysLab\include\Physics\DynamicStrands -IC:\Users\Brenda\code\EvoEngine\EvoEngine_Plugins\EcoSysLab\include\TreeModel\Descriptors -IC:\Users\Brenda\code\EvoEngine\EvoEngine_Plugins\EcoSysLab\include\Utilities\SpatialCompetition -IC:\Users\Brenda\code\EvoEngine\EvoEngine_Plugins\EcoSysLab\include\Physics -IC:\Users\Brenda\code\EvoEngine\EvoEngine_Plugins\EcoSysLab\include\Utilities\TreeIO -IC:\Users\Brenda\code\EvoEngine\EvoEngine_Plugins\EcoSysLab\include\Volumes -IC:\Users\Brenda\code\EvoEngine\EvoEngine_Plugins\EcoSysLab\include\ClimateModel -IC:\Users\Brenda\code\EvoEngine\EvoEngine_Plugins\EcoSysLab\include\SoilModel -IC:\Users\Brenda\code\EvoEngine\EvoEngine_Plugins\EcoSysLab\include\TreeModel\StrandModel -IC:\Users\Brenda\code\EvoEngine\EvoEngine_Plugins\EcoSysLab\include\TreeModel\DynamicTreeStrandGraph -IC:\Users\Brenda\code\EvoEngine\EvoEngine_Plugins\EcoSysLab\include\TreeModel -IC:\Users\Brenda\code\EvoEngine\EvoEngine_Plugins\EcoSysLab\include\Utilities -IC:\Users\Brenda\code\EvoEngine\EvoEngine_Plugins\EcoSysLab\include\Structures -IC:\Users\Brenda\code\EvoEngine\EvoEngine_Plugins\EcoSysLab\include\Reconstruction -IC:\Users\Brenda\code\EvoEngine\EvoEngine_Plugins\DigitalAgriculture\include -IC:\Users\Brenda\code\EvoEngine\EvoEngine_Plugins\DigitalAgriculture\include\SorghumModel -IC:\Users\Brenda\code\EvoEngine\EvoEngine_Plugins\DatasetGeneration\include -IC:\Users\Brenda\code\EvoEngine\EvoEngine_Plugins\DatasetGeneration\include\SorghumModel -IC:\Users\Brenda\code\EvoEngine\EvoEngine_Plugins\LogGrading\include -IC:\Users\Brenda\code\EvoEngine\EvoEngine_Plugins\LogScanning\include -IC:\Users\Brenda\code\EvoEngine\EvoEngine_Plugins\Universe\include -IC:\Users\Brenda\code\EvoEngine\Extern\3rdParty\assimp\assimp\code\..\include -IC:\Users\Brenda\code\EvoEngine\out\build\x64-Release\Extern\3rdParty\assimp\assimp\code\..\include -IC:\Users\Brenda\code\EvoEngine\Extern\3rdParty\base64 -IC:\Users\Brenda\code\EvoEngine\Extern\3rdParty\csvpp -IC:\Users\Brenda\code\EvoEngine\Extern\3rdParty\glslang\glslang\glslang\.. -IC:\Users\Brenda\code\EvoEngine\out\build\x64-Release\include -IC:\Users\Brenda\code\EvoEngine\Extern\3rdParty\glslang\glslang\SPIRV\.. -IC:\Users\Brenda\code\EvoEngine\Extern\3rdParty\meshoptimizer\meshoptimizer\src /DWIN32 /D_WINDOWS /GR /EHsc /O2 /Ob2 /DNDEBUG -std:c++17 -MD /YuC:/Users/Brenda/code/EvoEngine/out/build/x64-Release/EvoEngine_App/CMakeFiles/LogGradingApp.dir/cmake_pch.hxx /FpC:/Users/Brenda/code/EvoEngine/out/build/x64-Release/EvoEngine_App/CMakeFiles/LogGradingApp.dir/./cmake_pch.cxx.pch /FIC:/Users/Brenda/code/EvoEngine/out/build/x64-Release/EvoEngine_App/CMakeFiles/LogGradingApp.dir/cmake_pch.hxx /showIncludes /FoEvoEngine_App\CMakeFiles\LogGradingApp.dir\LogGradingApp.cpp.obj /FdEvoEngine_App\CMakeFiles\LogGradingApp.dir\ /FS -c C:\Users\Brenda\code\EvoEngine\EvoEngine_App\LogGradingApp.cpp
C:\Program Files\Microsoft Visual Studio\2022\Community\VC\Tools\MSVC\14.44.35207\include\xmemory(732): warning C4267: 'argument': conversion from 'size_t' to 'eco_sys_lab_plugin::SkeletonNodeHandle', possible loss of data
C:\Program Files\Microsoft Visual Studio\2022\Community\VC\Tools\MSVC\14.44.35207\include\xmemory(732): note: the template instantiation context (the oldest one first) is
C:\Users\Brenda\code\EvoEngine\EvoEngine_Plugins\EcoSysLab\include\TreeModel\StrandModel\StrandModel.hpp(58): note: see reference to class template instantiation 'eco_sys_lab_plugin::Skeleton<eco_sys_lab_plugin::StrandModelSkeletonData,eco_sys_lab_plugin::StrandModelFlowData,eco_sys_lab_plugin::StrandModelNodeData>' being compiled
C:\Users\Brenda\code\EvoEngine\EvoEngine_Plugins\EcoSysLab\include\Structures\Skeleton.hpp(922): note: while compiling class template member function 'eco_sys_lab_plugin::Skeleton<eco_sys_lab_plugin::StrandModelSkeletonData,eco_sys_lab_plugin::StrandModelFlowData,eco_sys_lab_plugin::StrandModelNodeData>::Skeleton(unsigned int)'
C:\Users\Brenda\code\EvoEngine\EvoEngine_Plugins\EcoSysLab\include\TreeModel\StrandModel\StrandModel.hpp(128): note: see the first reference to 'eco_sys_lab_plugin::Skeleton<eco_sys_lab_plugin::StrandModelSkeletonData,eco_sys_lab_plugin::StrandModelFlowData,eco_sys_lab_plugin::StrandModelNodeData>::Skeleton' in 'eco_sys_lab_plugin::StrandModel::StrandModel'
C:\Users\Brenda\code\EvoEngine\EvoEngine_Plugins\EcoSysLab\include\Structures\Skeleton.hpp(1138): note: while compiling class template member function 'eco_sys_lab_plugin::SkeletonNodeHandle eco_sys_lab_plugin::Skeleton<eco_sys_lab_plugin::StrandModelSkeletonData,eco_sys_lab_plugin::StrandModelFlowData,eco_sys_lab_plugin::StrandModelNodeData>::AllocateNode(void)'
C:\Users\Brenda\code\EvoEngine\EvoEngine_Plugins\EcoSysLab\include\Structures\Skeleton.hpp(1140): note: see reference to function template instantiation 'eco_sys_lab_plugin::SkeletonNode<NodeData> &std::vector<eco_sys_lab_plugin::SkeletonNode<NodeData>,std::allocator<eco_sys_lab_plugin::SkeletonNode<NodeData>>>::emplace_back<unsigned __int64>(unsigned __int64 &&)' being compiled
        with
        [
            NodeData=eco_sys_lab_plugin::StrandModelNodeData
        ]
C:\Program Files\Microsoft Visual Studio\2022\Community\VC\Tools\MSVC\14.44.35207\include\vector(924): note: see reference to function template instantiation '_Ty &std::vector<_Ty,std::allocator<_Ty>>::_Emplace_one_at_back<unsigned __int64>(unsigned __int64 &&)' being compiled
        with
        [
            _Ty=eco_sys_lab_plugin::SkeletonNode<eco_sys_lab_plugin::StrandModelNodeData>
        ]
C:\Program Files\Microsoft Visual Studio\2022\Community\VC\Tools\MSVC\14.44.35207\include\vector(845): note: see reference to function template instantiation '_Ty &std::vector<_Ty,std::allocator<_Ty>>::_Emplace_back_with_unused_capacity<unsigned __int64>(unsigned __int64 &&)' being compiled
        with
        [
            _Ty=eco_sys_lab_plugin::SkeletonNode<eco_sys_lab_plugin::StrandModelNodeData>
        ]
C:\Program Files\Microsoft Visual Studio\2022\Community\VC\Tools\MSVC\14.44.35207\include\vector(863): note: see reference to function template instantiation 'void std::_Default_allocator_traits<_Alloc>::construct<_Ty,unsigned __int64>(_Alloc &,_Objty *const ,unsigned __int64 &&)' being compiled
        with
        [
            _Alloc=std::allocator<eco_sys_lab_plugin::SkeletonNode<eco_sys_lab_plugin::StrandModelNodeData>>,
            _Ty=eco_sys_lab_plugin::SkeletonNode<eco_sys_lab_plugin::StrandModelNodeData>,
            _Objty=eco_sys_lab_plugin::SkeletonNode<eco_sys_lab_plugin::StrandModelNodeData>
        ]
C:\Program Files\Microsoft Visual Studio\2022\Community\VC\Tools\MSVC\14.44.35207\include\xmemory(732): warning C4267: 'argument': conversion from 'size_t' to 'eco_sys_lab_plugin::SkeletonFlowHandle', possible loss of data
C:\Program Files\Microsoft Visual Studio\2022\Community\VC\Tools\MSVC\14.44.35207\include\xmemory(732): note: the template instantiation context (the oldest one first) is
C:\Users\Brenda\code\EvoEngine\EvoEngine_Plugins\EcoSysLab\include\Structures\Skeleton.hpp(1130): note: while compiling class template member function 'eco_sys_lab_plugin::SkeletonFlowHandle eco_sys_lab_plugin::Skeleton<eco_sys_lab_plugin::StrandModelSkeletonData,eco_sys_lab_plugin::StrandModelFlowData,eco_sys_lab_plugin::StrandModelNodeData>::AllocateFlow(void)'
C:\Users\Brenda\code\EvoEngine\EvoEngine_Plugins\EcoSysLab\include\Structures\Skeleton.hpp(1132): note: see reference to function template instantiation 'eco_sys_lab_plugin::SkeletonFlow<FlowData> &std::vector<eco_sys_lab_plugin::SkeletonFlow<FlowData>,std::allocator<eco_sys_lab_plugin::SkeletonFlow<FlowData>>>::emplace_back<unsigned __int64>(unsigned __int64 &&)' being compiled
        with
        [
            FlowData=eco_sys_lab_plugin::StrandModelFlowData
        ]
C:\Program Files\Microsoft Visual Studio\2022\Community\VC\Tools\MSVC\14.44.35207\include\vector(924): note: see reference to function template instantiation '_Ty &std::vector<_Ty,std::allocator<_Ty>>::_Emplace_one_at_back<unsigned __int64>(unsigned __int64 &&)' being compiled
        with
        [
            _Ty=eco_sys_lab_plugin::SkeletonFlow<eco_sys_lab_plugin::StrandModelFlowData>
        ]
C:\Program Files\Microsoft Visual Studio\2022\Community\VC\Tools\MSVC\14.44.35207\include\vector(845): note: see reference to function template instantiation '_Ty &std::vector<_Ty,std::allocator<_Ty>>::_Emplace_back_with_unused_capacity<unsigned __int64>(unsigned __int64 &&)' being compiled
        with
        [
            _Ty=eco_sys_lab_plugin::SkeletonFlow<eco_sys_lab_plugin::StrandModelFlowData>
        ]
C:\Program Files\Microsoft Visual Studio\2022\Community\VC\Tools\MSVC\14.44.35207\include\vector(863): note: see reference to function template instantiation 'void std::_Default_allocator_traits<_Alloc>::construct<_Ty,unsigned __int64>(_Alloc &,_Objty *const ,unsigned __int64 &&)' being compiled
        with
        [
            _Alloc=std::allocator<eco_sys_lab_plugin::SkeletonFlow<eco_sys_lab_plugin::StrandModelFlowData>>,
            _Ty=eco_sys_lab_plugin::SkeletonFlow<eco_sys_lab_plugin::StrandModelFlowData>,
            _Objty=eco_sys_lab_plugin::SkeletonFlow<eco_sys_lab_plugin::StrandModelFlowData>
        ]
[27/40] C:\PROGRA~1\MIB055~1\2022\COMMUN~1\VC\Tools\MSVC\1444~1.352\bin\Hostx64\x64\cl.exe  /nologo /TP -DBILLBOARD_CLOUDS_PLUGIN -DCUDA_MODULE_PLUGIN -DDATASET_GENERATION_PLUGIN -DDIGITAL_AGRICULTURE_PLUGIN -DECOSYSLAB_PLUGIN -DGPR_PLUGIN -DGPR_READING=1 -DGPR_WRITING=1 -DLOG_GRADING_PLUGIN -DLOG_SCANNING_PLUGIN -DMESH_REPAIR_PLUGIN -DNOMINMAX -DTEXTURE_BAKING_PLUGIN -DUNIVERSE_PLUGIN -DVK_NO_PROTOTYPES -DVK_USE_PLATFORM_WIN32_KHR -DXML_STATIC=1 -IC:\Users\Brenda\code\EvoEngine\Extern\3rdParty -IC:\Users\Brenda\code\EvoEngine\Extern\3rdParty\zlib\zlib -IC:\Users\Brenda\code\EvoEngine\out\build\x64-Release\Extern\3rdParty\zlib\zlib -IC:\Users\Brenda\code\EvoEngine\Extern\3rdParty\assimp -IC:\Users\Brenda\code\EvoEngine\Extern\3rdParty\assimp\assimp\include -IC:\Users\Brenda\code\EvoEngine\Extern\3rdParty\base64\base64\include -IC:\Users\Brenda\code\EvoEngine\Extern\3rdParty\csvpp\csvpp\include -IC:\Users\Brenda\code\EvoEngine\Extern\3rdParty\glfw\glfw\include -IC:\Users\Brenda\code\EvoEngine\Extern\3rdParty\glm\glm -IC:\Users\Brenda\code\EvoEngine\Extern\3rdParty\imgui\imgui -IC:\Users\Brenda\code\EvoEngine\Extern\3rdParty\imgui\imgui\backends -IC:\Users\Brenda\code\EvoEngine\Extern\3rdParty\imgui\ImGuizmo -IC:\Users\Brenda\code\EvoEngine\Extern\3rdParty\json\json\include -IC:\Users\Brenda\code\EvoEngine\Extern\3rdParty\glslang\glslang\SPIRV -IC:\Users\Brenda\code\EvoEngine\Extern\3rdParty\glslang\glslang\glslang\Public -IC:\Users\Brenda\code\EvoEngine\Extern\3rdParty\stb\stb -IC:\VulkanSDK\1.3.296.0\Include -IC:\Users\Brenda\code\EvoEngine\Extern\3rdParty\volk\volk -IC:\Users\Brenda\code\EvoEngine\Extern\3rdParty\VulkanMemoryAllocator\VulkanMemoryAllocator\include -IC:\Users\Brenda\code\EvoEngine\Extern\3rdParty\xatlas\xatlas\source\xatlas -IC:\Users\Brenda\code\EvoEngine\Extern\3rdParty\yaml-cpp\yaml-cpp\include -IC:\Users\Brenda\code\EvoEngine\Extern\3rdParty\gpr\gpr -IC:\Users\Brenda\code\EvoEngine\Extern\3rdParty\eigen\eigen\Eigen -IC:\Users\Brenda\code\EvoEngine\Extern\3rdParty\tetgen -IC:\Users\Brenda\code\EvoEngine\Extern\3rdParty\tetgen\tetgen -IC:\Users\Brenda\code\EvoEngine\Extern\3rdParty\NsightAftermath -IC:\Users\Brenda\code\EvoEngine\Extern\3rdParty\NsightAftermath\NsightAftermath\include -IC:\Users\Brenda\code\EvoEngine\EvoEngine_SDK\include -IC:\Users\Brenda\code\EvoEngine\EvoEngine_SDK\include\Core -IC:\Users\Brenda\code\EvoEngine\EvoEngine_SDK\include\Core\ECS -IC:\Users\Brenda\code\EvoEngine\EvoEngine_SDK\include\Core\Math -IC:\Users\Brenda\code\EvoEngine\EvoEngine_SDK\include\Layers -IC:\Users\Brenda\code\EvoEngine\EvoEngine_SDK\include\Assets -IC:\Users\Brenda\code\EvoEngine\EvoEngine_SDK\include\Physics -IC:\Users\Brenda\code\EvoEngine\EvoEngine_SDK\include\RayTracing -IC:\Users\Brenda\code\EvoEngine\EvoEngine_SDK\include\Rendering -IC:\Users\Brenda\code\EvoEngine\EvoEngine_SDK\include\Rendering\RenderInstances -IC:\Users\Brenda\code\EvoEngine\EvoEngine_SDK\include\Rendering\PBR -IC:\Users\Brenda\code\EvoEngine\EvoEngine_SDK\include\Rendering\Animation -IC:\Users\Brenda\code\EvoEngine\EvoEngine_SDK\include\Rendering\Renderer -IC:\Users\Brenda\code\EvoEngine\EvoEngine_SDK\include\Rendering\Geometry -IC:\Users\Brenda\code\EvoEngine\EvoEngine_SDK\include\Rendering\Texture -IC:\Users\Brenda\code\EvoEngine\EvoEngine_SDK\include\Rendering\Platform -IC:\Users\Brenda\code\EvoEngine\EvoEngine_SDK\include\Rendering\PostProcessing -IC:\Users\Brenda\code\EvoEngine\EvoEngine_SDK\include\Editor -IC:\Users\Brenda\code\EvoEngine\EvoEngine_SDK\include\Utilities -IC:\Users\Brenda\code\EvoEngine\EvoEngine_SDK\include\Utilities\NsightAftermath -IC:\Users\Brenda\code\EvoEngine\EvoEngine_SDK\include\Utilities\ProceduralNoise -IC:\Users\Brenda\code\EvoEngine\out\build\x64-Release\EvoEngine_SDK -IC:\Users\Brenda\code\EvoEngine\Extern\3rdParty\OptiX\Windows\include -I"C:\Program Files\NVIDIA GPU Computing Toolkit\CUDA\v12.6\include" -IC:\Users\Brenda\code\EvoEngine\EvoEngine_Plugins\CudaModule\include -IC:\Users\Brenda\code\EvoEngine\EvoEngine_Plugins\CudaModule\include\MLVQ -IC:\Users\Brenda\code\EvoEngine\EvoEngine_Plugins\CudaModule\include\RayTracer -IC:\Users\Brenda\code\EvoEngine\EvoEngine_Plugins\CudaModule\include\Utilities -IC:\Users\Brenda\code\EvoEngine\EvoEngine_Plugins\MeshRepair\include -IC:\Users\Brenda\code\EvoEngine\EvoEngine_Plugins\MeshRepair\include\VisibilityTest -IC:\Users\Brenda\code\EvoEngine\EvoEngine_Plugins\TextureBaking\include -IC:\Users\Brenda\code\EvoEngine\EvoEngine_Plugins\Gpr\include -IC:\Users\Brenda\code\EvoEngine\Extern\3rdParty\gpr\gpr\source\lib -IC:\Users\Brenda\code\EvoEngine\Extern\3rdParty\gpr\gpr\source\lib\common\public -IC:\Users\Brenda\code\EvoEngine\Extern\3rdParty\gpr\gpr\source\lib\vc5_common -IC:\Users\Brenda\code\EvoEngine\Extern\3rdParty\gpr\gpr\source\lib\vc5_decoder -IC:\Users\Brenda\code\EvoEngine\Extern\3rdParty\gpr\gpr\source\lib\vc5_encoder -IC:\Users\Brenda\code\EvoEngine\Extern\3rdParty\gpr\gpr\source\lib\dng_sdk -IC:\Users\Brenda\code\EvoEngine\Extern\3rdParty\gpr\gpr\source\lib\gpr_sdk\public -IC:\Users\Brenda\code\EvoEngine\EvoEngine_Plugins\BillboardClouds\include -IC:\Users\Brenda\code\EvoEngine\Extern\3rdParty\pinchot\pinchot\include -IC:\Users\Brenda\code\EvoEngine\EvoEngine_Plugins\EcoSysLab -IC:\Users\Brenda\code\EvoEngine\EvoEngine_Plugins\EcoSysLab\include -IC:\Users\Brenda\code\EvoEngine\EvoEngine_Plugins\EcoSysLab\include\MeshFormation -IC:\Users\Brenda\code\EvoEngine\EvoEngine_Plugins\EcoSysLab\include\Physics\DynamicSkeleton -IC:\Users\Brenda\code\EvoEngine\EvoEngine_Plugins\EcoSysLab\include\Physics\DynamicStrands -IC:\Users\Brenda\code\EvoEngine\EvoEngine_Plugins\EcoSysLab\include\TreeModel\Descriptors -IC:\Users\Brenda\code\EvoEngine\EvoEngine_Plugins\EcoSysLab\include\Utilities\SpatialCompetition -IC:\Users\Brenda\code\EvoEngine\EvoEngine_Plugins\EcoSysLab\include\Physics -IC:\Users\Brenda\code\EvoEngine\EvoEngine_Plugins\EcoSysLab\include\Utilities\TreeIO -IC:\Users\Brenda\code\EvoEngine\EvoEngine_Plugins\EcoSysLab\include\Volumes -IC:\Users\Brenda\code\EvoEngine\EvoEngine_Plugins\EcoSysLab\include\ClimateModel -IC:\Users\Brenda\code\EvoEngine\EvoEngine_Plugins\EcoSysLab\include\SoilModel -IC:\Users\Brenda\code\EvoEngine\EvoEngine_Plugins\EcoSysLab\include\TreeModel\StrandModel -IC:\Users\Brenda\code\EvoEngine\EvoEngine_Plugins\EcoSysLab\include\TreeModel\DynamicTreeStrandGraph -IC:\Users\Brenda\code\EvoEngine\EvoEngine_Plugins\EcoSysLab\include\TreeModel -IC:\Users\Brenda\code\EvoEngine\EvoEngine_Plugins\EcoSysLab\include\Utilities -IC:\Users\Brenda\code\EvoEngine\EvoEngine_Plugins\EcoSysLab\include\Structures -IC:\Users\Brenda\code\EvoEngine\EvoEngine_Plugins\EcoSysLab\include\Reconstruction -IC:\Users\Brenda\code\EvoEngine\EvoEngine_Plugins\DigitalAgriculture\include -IC:\Users\Brenda\code\EvoEngine\EvoEngine_Plugins\DigitalAgriculture\include\SorghumModel -IC:\Users\Brenda\code\EvoEngine\EvoEngine_Plugins\DatasetGeneration\include -IC:\Users\Brenda\code\EvoEngine\EvoEngine_Plugins\DatasetGeneration\include\SorghumModel -IC:\Users\Brenda\code\EvoEngine\EvoEngine_Plugins\LogGrading\include -IC:\Users\Brenda\code\EvoEngine\EvoEngine_Plugins\LogScanning\include -IC:\Users\Brenda\code\EvoEngine\EvoEngine_Plugins\Universe\include -IC:\Users\Brenda\code\EvoEngine\Extern\3rdParty\assimp\assimp\code\..\include -IC:\Users\Brenda\code\EvoEngine\out\build\x64-Release\Extern\3rdParty\assimp\assimp\code\..\include -IC:\Users\Brenda\code\EvoEngine\Extern\3rdParty\base64 -IC:\Users\Brenda\code\EvoEngine\Extern\3rdParty\csvpp -IC:\Users\Brenda\code\EvoEngine\Extern\3rdParty\glslang\glslang\glslang\.. -IC:\Users\Brenda\code\EvoEngine\out\build\x64-Release\include -IC:\Users\Brenda\code\EvoEngine\Extern\3rdParty\glslang\glslang\SPIRV\.. -IC:\Users\Brenda\code\EvoEngine\Extern\3rdParty\meshoptimizer\meshoptimizer\src /DWIN32 /D_WINDOWS /GR /EHsc /O2 /Ob2 /DNDEBUG -std:c++17 -MD /YuC:/Users/Brenda/code/EvoEngine/out/build/x64-Release/EvoEngine_App/CMakeFiles/SorghumDataGeneratorApp.dir/cmake_pch.hxx /FpC:/Users/Brenda/code/EvoEngine/out/build/x64-Release/EvoEngine_App/CMakeFiles/SorghumDataGeneratorApp.dir/./cmake_pch.cxx.pch /FIC:/Users/Brenda/code/EvoEngine/out/build/x64-Release/EvoEngine_App/CMakeFiles/SorghumDataGeneratorApp.dir/cmake_pch.hxx /showIncludes /FoEvoEngine_App\CMakeFiles\SorghumDataGeneratorApp.dir\SorghumDataGeneratorApp.cpp.obj /FdEvoEngine_App\CMakeFiles\SorghumDataGeneratorApp.dir\ /FS -c C:\Users\Brenda\code\EvoEngine\EvoEngine_App\SorghumDataGeneratorApp.cpp
C:\Program Files\Microsoft Visual Studio\2022\Community\VC\Tools\MSVC\14.44.35207\include\xmemory(732): warning C4267: 'argument': conversion from 'size_t' to 'eco_sys_lab_plugin::SkeletonNodeHandle', possible loss of data
C:\Program Files\Microsoft Visual Studio\2022\Community\VC\Tools\MSVC\14.44.35207\include\xmemory(732): note: the template instantiation context (the oldest one first) is
C:\Users\Brenda\code\EvoEngine\EvoEngine_Plugins\EcoSysLab\include\TreeModel\StrandModel\StrandModel.hpp(58): note: see reference to class template instantiation 'eco_sys_lab_plugin::Skeleton<eco_sys_lab_plugin::StrandModelSkeletonData,eco_sys_lab_plugin::StrandModelFlowData,eco_sys_lab_plugin::StrandModelNodeData>' being compiled
C:\Users\Brenda\code\EvoEngine\EvoEngine_Plugins\EcoSysLab\include\Structures\Skeleton.hpp(922): note: while compiling class template member function 'eco_sys_lab_plugin::Skeleton<eco_sys_lab_plugin::StrandModelSkeletonData,eco_sys_lab_plugin::StrandModelFlowData,eco_sys_lab_plugin::StrandModelNodeData>::Skeleton(unsigned int)'
C:\Users\Brenda\code\EvoEngine\EvoEngine_Plugins\EcoSysLab\include\TreeModel\StrandModel\StrandModel.hpp(128): note: see the first reference to 'eco_sys_lab_plugin::Skeleton<eco_sys_lab_plugin::StrandModelSkeletonData,eco_sys_lab_plugin::StrandModelFlowData,eco_sys_lab_plugin::StrandModelNodeData>::Skeleton' in 'eco_sys_lab_plugin::StrandModel::StrandModel'
C:\Users\Brenda\code\EvoEngine\EvoEngine_Plugins\EcoSysLab\include\Structures\Skeleton.hpp(1138): note: while compiling class template member function 'eco_sys_lab_plugin::SkeletonNodeHandle eco_sys_lab_plugin::Skeleton<eco_sys_lab_plugin::StrandModelSkeletonData,eco_sys_lab_plugin::StrandModelFlowData,eco_sys_lab_plugin::StrandModelNodeData>::AllocateNode(void)'
C:\Users\Brenda\code\EvoEngine\EvoEngine_Plugins\EcoSysLab\include\Structures\Skeleton.hpp(1140): note: see reference to function template instantiation 'eco_sys_lab_plugin::SkeletonNode<NodeData> &std::vector<eco_sys_lab_plugin::SkeletonNode<NodeData>,std::allocator<eco_sys_lab_plugin::SkeletonNode<NodeData>>>::emplace_back<unsigned __int64>(unsigned __int64 &&)' being compiled
        with
        [
            NodeData=eco_sys_lab_plugin::StrandModelNodeData
        ]
C:\Program Files\Microsoft Visual Studio\2022\Community\VC\Tools\MSVC\14.44.35207\include\vector(924): note: see reference to function template instantiation '_Ty &std::vector<_Ty,std::allocator<_Ty>>::_Emplace_one_at_back<unsigned __int64>(unsigned __int64 &&)' being compiled
        with
        [
            _Ty=eco_sys_lab_plugin::SkeletonNode<eco_sys_lab_plugin::StrandModelNodeData>
        ]
C:\Program Files\Microsoft Visual Studio\2022\Community\VC\Tools\MSVC\14.44.35207\include\vector(845): note: see reference to function template instantiation '_Ty &std::vector<_Ty,std::allocator<_Ty>>::_Emplace_back_with_unused_capacity<unsigned __int64>(unsigned __int64 &&)' being compiled
        with
        [
            _Ty=eco_sys_lab_plugin::SkeletonNode<eco_sys_lab_plugin::StrandModelNodeData>
        ]
C:\Program Files\Microsoft Visual Studio\2022\Community\VC\Tools\MSVC\14.44.35207\include\vector(863): note: see reference to function template instantiation 'void std::_Default_allocator_traits<_Alloc>::construct<_Ty,unsigned __int64>(_Alloc &,_Objty *const ,unsigned __int64 &&)' being compiled
        with
        [
            _Alloc=std::allocator<eco_sys_lab_plugin::SkeletonNode<eco_sys_lab_plugin::StrandModelNodeData>>,
            _Ty=eco_sys_lab_plugin::SkeletonNode<eco_sys_lab_plugin::StrandModelNodeData>,
            _Objty=eco_sys_lab_plugin::SkeletonNode<eco_sys_lab_plugin::StrandModelNodeData>
        ]
C:\Program Files\Microsoft Visual Studio\2022\Community\VC\Tools\MSVC\14.44.35207\include\xmemory(732): warning C4267: 'argument': conversion from 'size_t' to 'eco_sys_lab_plugin::SkeletonFlowHandle', possible loss of data
C:\Program Files\Microsoft Visual Studio\2022\Community\VC\Tools\MSVC\14.44.35207\include\xmemory(732): note: the template instantiation context (the oldest one first) is
C:\Users\Brenda\code\EvoEngine\EvoEngine_Plugins\EcoSysLab\include\Structures\Skeleton.hpp(1130): note: while compiling class template member function 'eco_sys_lab_plugin::SkeletonFlowHandle eco_sys_lab_plugin::Skeleton<eco_sys_lab_plugin::StrandModelSkeletonData,eco_sys_lab_plugin::StrandModelFlowData,eco_sys_lab_plugin::StrandModelNodeData>::AllocateFlow(void)'
C:\Users\Brenda\code\EvoEngine\EvoEngine_Plugins\EcoSysLab\include\Structures\Skeleton.hpp(1132): note: see reference to function template instantiation 'eco_sys_lab_plugin::SkeletonFlow<FlowData> &std::vector<eco_sys_lab_plugin::SkeletonFlow<FlowData>,std::allocator<eco_sys_lab_plugin::SkeletonFlow<FlowData>>>::emplace_back<unsigned __int64>(unsigned __int64 &&)' being compiled
        with
        [
            FlowData=eco_sys_lab_plugin::StrandModelFlowData
        ]
C:\Program Files\Microsoft Visual Studio\2022\Community\VC\Tools\MSVC\14.44.35207\include\vector(924): note: see reference to function template instantiation '_Ty &std::vector<_Ty,std::allocator<_Ty>>::_Emplace_one_at_back<unsigned __int64>(unsigned __int64 &&)' being compiled
        with
        [
            _Ty=eco_sys_lab_plugin::SkeletonFlow<eco_sys_lab_plugin::StrandModelFlowData>
        ]
C:\Program Files\Microsoft Visual Studio\2022\Community\VC\Tools\MSVC\14.44.35207\include\vector(845): note: see reference to function template instantiation '_Ty &std::vector<_Ty,std::allocator<_Ty>>::_Emplace_back_with_unused_capacity<unsigned __int64>(unsigned __int64 &&)' being compiled
        with
        [
            _Ty=eco_sys_lab_plugin::SkeletonFlow<eco_sys_lab_plugin::StrandModelFlowData>
        ]
C:\Program Files\Microsoft Visual Studio\2022\Community\VC\Tools\MSVC\14.44.35207\include\vector(863): note: see reference to function template instantiation 'void std::_Default_allocator_traits<_Alloc>::construct<_Ty,unsigned __int64>(_Alloc &,_Objty *const ,unsigned __int64 &&)' being compiled
        with
        [
            _Alloc=std::allocator<eco_sys_lab_plugin::SkeletonFlow<eco_sys_lab_plugin::StrandModelFlowData>>,
            _Ty=eco_sys_lab_plugin::SkeletonFlow<eco_sys_lab_plugin::StrandModelFlowData>,
            _Objty=eco_sys_lab_plugin::SkeletonFlow<eco_sys_lab_plugin::StrandModelFlowData>
        ]
[28/40] C:\PROGRA~1\MIB055~1\2022\COMMUN~1\VC\Tools\MSVC\1444~1.352\bin\Hostx64\x64\cl.exe  /nologo /TP -DBILLBOARD_CLOUDS_PLUGIN -DCUDA_MODULE_PLUGIN -DDATASET_GENERATION_PLUGIN -DDIGITAL_AGRICULTURE_PLUGIN -DECOSYSLAB_PLUGIN -DGPR_PLUGIN -DGPR_READING=1 -DGPR_WRITING=1 -DLOG_GRADING_PLUGIN -DLOG_SCANNING_PLUGIN -DMESH_REPAIR_PLUGIN -DNOMINMAX -DTEXTURE_BAKING_PLUGIN -DUNIVERSE_PLUGIN -DVK_NO_PROTOTYPES -DVK_USE_PLATFORM_WIN32_KHR -DXML_STATIC=1 -IC:\Users\Brenda\code\EvoEngine\Extern\3rdParty -IC:\Users\Brenda\code\EvoEngine\Extern\3rdParty\zlib\zlib -IC:\Users\Brenda\code\EvoEngine\out\build\x64-Release\Extern\3rdParty\zlib\zlib -IC:\Users\Brenda\code\EvoEngine\Extern\3rdParty\assimp -IC:\Users\Brenda\code\EvoEngine\Extern\3rdParty\assimp\assimp\include -IC:\Users\Brenda\code\EvoEngine\Extern\3rdParty\base64\base64\include -IC:\Users\Brenda\code\EvoEngine\Extern\3rdParty\csvpp\csvpp\include -IC:\Users\Brenda\code\EvoEngine\Extern\3rdParty\glfw\glfw\include -IC:\Users\Brenda\code\EvoEngine\Extern\3rdParty\glm\glm -IC:\Users\Brenda\code\EvoEngine\Extern\3rdParty\imgui\imgui -IC:\Users\Brenda\code\EvoEngine\Extern\3rdParty\imgui\imgui\backends -IC:\Users\Brenda\code\EvoEngine\Extern\3rdParty\imgui\ImGuizmo -IC:\Users\Brenda\code\EvoEngine\Extern\3rdParty\json\json\include -IC:\Users\Brenda\code\EvoEngine\Extern\3rdParty\glslang\glslang\SPIRV -IC:\Users\Brenda\code\EvoEngine\Extern\3rdParty\glslang\glslang\glslang\Public -IC:\Users\Brenda\code\EvoEngine\Extern\3rdParty\stb\stb -IC:\VulkanSDK\1.3.296.0\Include -IC:\Users\Brenda\code\EvoEngine\Extern\3rdParty\volk\volk -IC:\Users\Brenda\code\EvoEngine\Extern\3rdParty\VulkanMemoryAllocator\VulkanMemoryAllocator\include -IC:\Users\Brenda\code\EvoEngine\Extern\3rdParty\xatlas\xatlas\source\xatlas -IC:\Users\Brenda\code\EvoEngine\Extern\3rdParty\yaml-cpp\yaml-cpp\include -IC:\Users\Brenda\code\EvoEngine\Extern\3rdParty\gpr\gpr -IC:\Users\Brenda\code\EvoEngine\Extern\3rdParty\eigen\eigen\Eigen -IC:\Users\Brenda\code\EvoEngine\Extern\3rdParty\tetgen -IC:\Users\Brenda\code\EvoEngine\Extern\3rdParty\tetgen\tetgen -IC:\Users\Brenda\code\EvoEngine\Extern\3rdParty\NsightAftermath -IC:\Users\Brenda\code\EvoEngine\Extern\3rdParty\NsightAftermath\NsightAftermath\include -IC:\Users\Brenda\code\EvoEngine\EvoEngine_SDK\include -IC:\Users\Brenda\code\EvoEngine\EvoEngine_SDK\include\Core -IC:\Users\Brenda\code\EvoEngine\EvoEngine_SDK\include\Core\ECS -IC:\Users\Brenda\code\EvoEngine\EvoEngine_SDK\include\Core\Math -IC:\Users\Brenda\code\EvoEngine\EvoEngine_SDK\include\Layers -IC:\Users\Brenda\code\EvoEngine\EvoEngine_SDK\include\Assets -IC:\Users\Brenda\code\EvoEngine\EvoEngine_SDK\include\Physics -IC:\Users\Brenda\code\EvoEngine\EvoEngine_SDK\include\RayTracing -IC:\Users\Brenda\code\EvoEngine\EvoEngine_SDK\include\Rendering -IC:\Users\Brenda\code\EvoEngine\EvoEngine_SDK\include\Rendering\RenderInstances -IC:\Users\Brenda\code\EvoEngine\EvoEngine_SDK\include\Rendering\PBR -IC:\Users\Brenda\code\EvoEngine\EvoEngine_SDK\include\Rendering\Animation -IC:\Users\Brenda\code\EvoEngine\EvoEngine_SDK\include\Rendering\Renderer -IC:\Users\Brenda\code\EvoEngine\EvoEngine_SDK\include\Rendering\Geometry -IC:\Users\Brenda\code\EvoEngine\EvoEngine_SDK\include\Rendering\Texture -IC:\Users\Brenda\code\EvoEngine\EvoEngine_SDK\include\Rendering\Platform -IC:\Users\Brenda\code\EvoEngine\EvoEngine_SDK\include\Rendering\PostProcessing -IC:\Users\Brenda\code\EvoEngine\EvoEngine_SDK\include\Editor -IC:\Users\Brenda\code\EvoEngine\EvoEngine_SDK\include\Utilities -IC:\Users\Brenda\code\EvoEngine\EvoEngine_SDK\include\Utilities\NsightAftermath -IC:\Users\Brenda\code\EvoEngine\EvoEngine_SDK\include\Utilities\ProceduralNoise -IC:\Users\Brenda\code\EvoEngine\out\build\x64-Release\EvoEngine_SDK -IC:\Users\Brenda\code\EvoEngine\Extern\3rdParty\OptiX\Windows\include -I"C:\Program Files\NVIDIA GPU Computing Toolkit\CUDA\v12.6\include" -IC:\Users\Brenda\code\EvoEngine\EvoEngine_Plugins\CudaModule\include -IC:\Users\Brenda\code\EvoEngine\EvoEngine_Plugins\CudaModule\include\MLVQ -IC:\Users\Brenda\code\EvoEngine\EvoEngine_Plugins\CudaModule\include\RayTracer -IC:\Users\Brenda\code\EvoEngine\EvoEngine_Plugins\CudaModule\include\Utilities -IC:\Users\Brenda\code\EvoEngine\EvoEngine_Plugins\MeshRepair\include -IC:\Users\Brenda\code\EvoEngine\EvoEngine_Plugins\MeshRepair\include\VisibilityTest -IC:\Users\Brenda\code\EvoEngine\EvoEngine_Plugins\TextureBaking\include -IC:\Users\Brenda\code\EvoEngine\EvoEngine_Plugins\Gpr\include -IC:\Users\Brenda\code\EvoEngine\Extern\3rdParty\gpr\gpr\source\lib -IC:\Users\Brenda\code\EvoEngine\Extern\3rdParty\gpr\gpr\source\lib\common\public -IC:\Users\Brenda\code\EvoEngine\Extern\3rdParty\gpr\gpr\source\lib\vc5_common -IC:\Users\Brenda\code\EvoEngine\Extern\3rdParty\gpr\gpr\source\lib\vc5_decoder -IC:\Users\Brenda\code\EvoEngine\Extern\3rdParty\gpr\gpr\source\lib\vc5_encoder -IC:\Users\Brenda\code\EvoEngine\Extern\3rdParty\gpr\gpr\source\lib\dng_sdk -IC:\Users\Brenda\code\EvoEngine\Extern\3rdParty\gpr\gpr\source\lib\gpr_sdk\public -IC:\Users\Brenda\code\EvoEngine\EvoEngine_Plugins\BillboardClouds\include -IC:\Users\Brenda\code\EvoEngine\Extern\3rdParty\pinchot\pinchot\include -IC:\Users\Brenda\code\EvoEngine\EvoEngine_Plugins\EcoSysLab -IC:\Users\Brenda\code\EvoEngine\EvoEngine_Plugins\EcoSysLab\include -IC:\Users\Brenda\code\EvoEngine\EvoEngine_Plugins\EcoSysLab\include\MeshFormation -IC:\Users\Brenda\code\EvoEngine\EvoEngine_Plugins\EcoSysLab\include\Physics\DynamicSkeleton -IC:\Users\Brenda\code\EvoEngine\EvoEngine_Plugins\EcoSysLab\include\Physics\DynamicStrands -IC:\Users\Brenda\code\EvoEngine\EvoEngine_Plugins\EcoSysLab\include\TreeModel\Descriptors -IC:\Users\Brenda\code\EvoEngine\EvoEngine_Plugins\EcoSysLab\include\Utilities\SpatialCompetition -IC:\Users\Brenda\code\EvoEngine\EvoEngine_Plugins\EcoSysLab\include\Physics -IC:\Users\Brenda\code\EvoEngine\EvoEngine_Plugins\EcoSysLab\include\Utilities\TreeIO -IC:\Users\Brenda\code\EvoEngine\EvoEngine_Plugins\EcoSysLab\include\Volumes -IC:\Users\Brenda\code\EvoEngine\EvoEngine_Plugins\EcoSysLab\include\ClimateModel -IC:\Users\Brenda\code\EvoEngine\EvoEngine_Plugins\EcoSysLab\include\SoilModel -IC:\Users\Brenda\code\EvoEngine\EvoEngine_Plugins\EcoSysLab\include\TreeModel\StrandModel -IC:\Users\Brenda\code\EvoEngine\EvoEngine_Plugins\EcoSysLab\include\TreeModel\DynamicTreeStrandGraph -IC:\Users\Brenda\code\EvoEngine\EvoEngine_Plugins\EcoSysLab\include\TreeModel -IC:\Users\Brenda\code\EvoEngine\EvoEngine_Plugins\EcoSysLab\include\Utilities -IC:\Users\Brenda\code\EvoEngine\EvoEngine_Plugins\EcoSysLab\include\Structures -IC:\Users\Brenda\code\EvoEngine\EvoEngine_Plugins\EcoSysLab\include\Reconstruction -IC:\Users\Brenda\code\EvoEngine\EvoEngine_Plugins\DigitalAgriculture\include -IC:\Users\Brenda\code\EvoEngine\EvoEngine_Plugins\DigitalAgriculture\include\SorghumModel -IC:\Users\Brenda\code\EvoEngine\EvoEngine_Plugins\DatasetGeneration\include -IC:\Users\Brenda\code\EvoEngine\EvoEngine_Plugins\DatasetGeneration\include\SorghumModel -IC:\Users\Brenda\code\EvoEngine\EvoEngine_Plugins\LogGrading\include -IC:\Users\Brenda\code\EvoEngine\EvoEngine_Plugins\LogScanning\include -IC:\Users\Brenda\code\EvoEngine\EvoEngine_Plugins\Universe\include -IC:\Users\Brenda\code\EvoEngine\Extern\3rdParty\assimp\assimp\code\..\include -IC:\Users\Brenda\code\EvoEngine\out\build\x64-Release\Extern\3rdParty\assimp\assimp\code\..\include -IC:\Users\Brenda\code\EvoEngine\Extern\3rdParty\base64 -IC:\Users\Brenda\code\EvoEngine\Extern\3rdParty\csvpp -IC:\Users\Brenda\code\EvoEngine\Extern\3rdParty\glslang\glslang\glslang\.. -IC:\Users\Brenda\code\EvoEngine\out\build\x64-Release\include -IC:\Users\Brenda\code\EvoEngine\Extern\3rdParty\glslang\glslang\SPIRV\.. -IC:\Users\Brenda\code\EvoEngine\Extern\3rdParty\meshoptimizer\meshoptimizer\src /DWIN32 /D_WINDOWS /GR /EHsc /O2 /Ob2 /DNDEBUG -std:c++17 -MD /YuC:/Users/Brenda/code/EvoEngine/out/build/x64-Release/EvoEngine_App/CMakeFiles/TreeDataGeneratorApp.dir/cmake_pch.hxx /FpC:/Users/Brenda/code/EvoEngine/out/build/x64-Release/EvoEngine_App/CMakeFiles/TreeDataGeneratorApp.dir/./cmake_pch.cxx.pch /FIC:/Users/Brenda/code/EvoEngine/out/build/x64-Release/EvoEngine_App/CMakeFiles/TreeDataGeneratorApp.dir/cmake_pch.hxx /showIncludes /FoEvoEngine_App\CMakeFiles\TreeDataGeneratorApp.dir\TreeDataGeneratorApp.cpp.obj /FdEvoEngine_App\CMakeFiles\TreeDataGeneratorApp.dir\ /FS -c C:\Users\Brenda\code\EvoEngine\EvoEngine_App\TreeDataGeneratorApp.cpp
C:\Program Files\Microsoft Visual Studio\2022\Community\VC\Tools\MSVC\14.44.35207\include\xmemory(732): warning C4267: 'argument': conversion from 'size_t' to 'eco_sys_lab_plugin::SkeletonNodeHandle', possible loss of data
C:\Program Files\Microsoft Visual Studio\2022\Community\VC\Tools\MSVC\14.44.35207\include\xmemory(732): note: the template instantiation context (the oldest one first) is
C:\Users\Brenda\code\EvoEngine\EvoEngine_Plugins\EcoSysLab\include\TreeModel\StrandModel\StrandModel.hpp(58): note: see reference to class template instantiation 'eco_sys_lab_plugin::Skeleton<eco_sys_lab_plugin::StrandModelSkeletonData,eco_sys_lab_plugin::StrandModelFlowData,eco_sys_lab_plugin::StrandModelNodeData>' being compiled
C:\Users\Brenda\code\EvoEngine\EvoEngine_Plugins\EcoSysLab\include\Structures\Skeleton.hpp(922): note: while compiling class template member function 'eco_sys_lab_plugin::Skeleton<eco_sys_lab_plugin::StrandModelSkeletonData,eco_sys_lab_plugin::StrandModelFlowData,eco_sys_lab_plugin::StrandModelNodeData>::Skeleton(unsigned int)'
C:\Users\Brenda\code\EvoEngine\EvoEngine_Plugins\EcoSysLab\include\TreeModel\StrandModel\StrandModel.hpp(128): note: see the first reference to 'eco_sys_lab_plugin::Skeleton<eco_sys_lab_plugin::StrandModelSkeletonData,eco_sys_lab_plugin::StrandModelFlowData,eco_sys_lab_plugin::StrandModelNodeData>::Skeleton' in 'eco_sys_lab_plugin::StrandModel::StrandModel'
C:\Users\Brenda\code\EvoEngine\EvoEngine_Plugins\EcoSysLab\include\Structures\Skeleton.hpp(1138): note: while compiling class template member function 'eco_sys_lab_plugin::SkeletonNodeHandle eco_sys_lab_plugin::Skeleton<eco_sys_lab_plugin::StrandModelSkeletonData,eco_sys_lab_plugin::StrandModelFlowData,eco_sys_lab_plugin::StrandModelNodeData>::AllocateNode(void)'
C:\Users\Brenda\code\EvoEngine\EvoEngine_Plugins\EcoSysLab\include\Structures\Skeleton.hpp(1140): note: see reference to function template instantiation 'eco_sys_lab_plugin::SkeletonNode<NodeData> &std::vector<eco_sys_lab_plugin::SkeletonNode<NodeData>,std::allocator<eco_sys_lab_plugin::SkeletonNode<NodeData>>>::emplace_back<unsigned __int64>(unsigned __int64 &&)' being compiled
        with
        [
            NodeData=eco_sys_lab_plugin::StrandModelNodeData
        ]
C:\Program Files\Microsoft Visual Studio\2022\Community\VC\Tools\MSVC\14.44.35207\include\vector(924): note: see reference to function template instantiation '_Ty &std::vector<_Ty,std::allocator<_Ty>>::_Emplace_one_at_back<unsigned __int64>(unsigned __int64 &&)' being compiled
        with
        [
            _Ty=eco_sys_lab_plugin::SkeletonNode<eco_sys_lab_plugin::StrandModelNodeData>
        ]
C:\Program Files\Microsoft Visual Studio\2022\Community\VC\Tools\MSVC\14.44.35207\include\vector(845): note: see reference to function template instantiation '_Ty &std::vector<_Ty,std::allocator<_Ty>>::_Emplace_back_with_unused_capacity<unsigned __int64>(unsigned __int64 &&)' being compiled
        with
        [
            _Ty=eco_sys_lab_plugin::SkeletonNode<eco_sys_lab_plugin::StrandModelNodeData>
        ]
C:\Program Files\Microsoft Visual Studio\2022\Community\VC\Tools\MSVC\14.44.35207\include\vector(863): note: see reference to function template instantiation 'void std::_Default_allocator_traits<_Alloc>::construct<_Ty,unsigned __int64>(_Alloc &,_Objty *const ,unsigned __int64 &&)' being compiled
        with
        [
            _Alloc=std::allocator<eco_sys_lab_plugin::SkeletonNode<eco_sys_lab_plugin::StrandModelNodeData>>,
            _Ty=eco_sys_lab_plugin::SkeletonNode<eco_sys_lab_plugin::StrandModelNodeData>,
            _Objty=eco_sys_lab_plugin::SkeletonNode<eco_sys_lab_plugin::StrandModelNodeData>
        ]
C:\Program Files\Microsoft Visual Studio\2022\Community\VC\Tools\MSVC\14.44.35207\include\xmemory(732): warning C4267: 'argument': conversion from 'size_t' to 'eco_sys_lab_plugin::SkeletonFlowHandle', possible loss of data
C:\Program Files\Microsoft Visual Studio\2022\Community\VC\Tools\MSVC\14.44.35207\include\xmemory(732): note: the template instantiation context (the oldest one first) is
C:\Users\Brenda\code\EvoEngine\EvoEngine_Plugins\EcoSysLab\include\Structures\Skeleton.hpp(1130): note: while compiling class template member function 'eco_sys_lab_plugin::SkeletonFlowHandle eco_sys_lab_plugin::Skeleton<eco_sys_lab_plugin::StrandModelSkeletonData,eco_sys_lab_plugin::StrandModelFlowData,eco_sys_lab_plugin::StrandModelNodeData>::AllocateFlow(void)'
C:\Users\Brenda\code\EvoEngine\EvoEngine_Plugins\EcoSysLab\include\Structures\Skeleton.hpp(1132): note: see reference to function template instantiation 'eco_sys_lab_plugin::SkeletonFlow<FlowData> &std::vector<eco_sys_lab_plugin::SkeletonFlow<FlowData>,std::allocator<eco_sys_lab_plugin::SkeletonFlow<FlowData>>>::emplace_back<unsigned __int64>(unsigned __int64 &&)' being compiled
        with
        [
            FlowData=eco_sys_lab_plugin::StrandModelFlowData
        ]
C:\Program Files\Microsoft Visual Studio\2022\Community\VC\Tools\MSVC\14.44.35207\include\vector(924): note: see reference to function template instantiation '_Ty &std::vector<_Ty,std::allocator<_Ty>>::_Emplace_one_at_back<unsigned __int64>(unsigned __int64 &&)' being compiled
        with
        [
            _Ty=eco_sys_lab_plugin::SkeletonFlow<eco_sys_lab_plugin::StrandModelFlowData>
        ]
C:\Program Files\Microsoft Visual Studio\2022\Community\VC\Tools\MSVC\14.44.35207\include\vector(845): note: see reference to function template instantiation '_Ty &std::vector<_Ty,std::allocator<_Ty>>::_Emplace_back_with_unused_capacity<unsigned __int64>(unsigned __int64 &&)' being compiled
        with
        [
            _Ty=eco_sys_lab_plugin::SkeletonFlow<eco_sys_lab_plugin::StrandModelFlowData>
        ]
C:\Program Files\Microsoft Visual Studio\2022\Community\VC\Tools\MSVC\14.44.35207\include\vector(863): note: see reference to function template instantiation 'void std::_Default_allocator_traits<_Alloc>::construct<_Ty,unsigned __int64>(_Alloc &,_Objty *const ,unsigned __int64 &&)' being compiled
        with
        [
            _Alloc=std::allocator<eco_sys_lab_plugin::SkeletonFlow<eco_sys_lab_plugin::StrandModelFlowData>>,
            _Ty=eco_sys_lab_plugin::SkeletonFlow<eco_sys_lab_plugin::StrandModelFlowData>,
            _Objty=eco_sys_lab_plugin::SkeletonFlow<eco_sys_lab_plugin::StrandModelFlowData>
        ]
[29/40] C:\WINDOWS\system32\cmd.exe /C "cd . && "C:\Program Files\Microsoft Visual Studio\2022\Community\Common7\IDE\CommonExtensions\Microsoft\CMake\CMake\bin\cmake.exe" -E vs_link_exe --msvc-ver=1929 --intdir=EvoEngine_App\CMakeFiles\LogGradingApp.dir --rc=C:\PROGRA~2\WI3CF2~1\10\bin\100261~1.0\x64\rc.exe --mt=C:\PROGRA~2\WI3CF2~1\10\bin\100261~1.0\x64\mt.exe --manifests  -- C:\PROGRA~2\MICROS~2\2019\COMMUN~1\VC\Tools\MSVC\1429~1.301\bin\Hostx64\x64\link.exe /nologo @CMakeFiles\LogGradingApp.rsp  /out:EvoEngine_App\LogGradingApp.exe /implib:EvoEngine_App\LogGradingApp.lib /pdb:EvoEngine_App\LogGradingApp.pdb /version:0.0 /machine:x64 /INCREMENTAL:NO /subsystem:console && C:\WINDOWS\system32\cmd.exe /C "cd /D C:\Users\Brenda\code\EvoEngine\out\build\x64-Release\EvoEngine_App && C:\Windows\System32\WindowsPowerShell\v1.0\powershell.exe -noprofile -executionpolicy Bypass -file "C:/Program Files/Microsoft Visual Studio/2022/Community/VC/vcpkg/scripts/buildsystems/msbuild/applocal.ps1" -targetBinary C:/Users/Brenda/code/EvoEngine/out/build/x64-Release/EvoEngine_App/LogGradingApp.exe -installedDir "C:/Program Files/Microsoft Visual Studio/2022/Community/VC/vcpkg/installed/x64-windows/bin" -OutVariable out""
Visual Studio Non-Incremental Link
LINK:
C:\PROGRA~2\MICROS~2\2019\COMMUN~1\VC\Tools\MSVC\1429~1.301\bin\Hostx64\x64\link.exe /nologo @CMakeFiles\LogGradingApp.rsp /out:EvoEngine_App\LogGradingApp.exe /implib:EvoEngine_App\LogGradingApp.lib /pdb:EvoEngine_App\LogGradingApp.pdb /version:0.0 /machine:x64 /INCREMENTAL:NO /subsystem:console /MANIFEST:EMBED,ID=1
   Creating library EvoEngine_App\LogGradingApp.lib and object EvoEngine_App\LogGradingApp.exp
MSVCRT.lib(initializers.obj) : warning LNK4098: defaultlib 'libcmt.lib' conflicts with use of other libs; use /NODEFAULTLIB:library
[30/40] C:\WINDOWS\system32\cmd.exe /C "cd . && "C:\Program Files\Microsoft Visual Studio\2022\Community\Common7\IDE\CommonExtensions\Microsoft\CMake\CMake\bin\cmake.exe" -E vs_link_exe --msvc-ver=1929 --intdir=EvoEngine_App\CMakeFiles\SorghumDataGeneratorApp.dir --rc=C:\PROGRA~2\WI3CF2~1\10\bin\100261~1.0\x64\rc.exe --mt=C:\PROGRA~2\WI3CF2~1\10\bin\100261~1.0\x64\mt.exe --manifests  -- C:\PROGRA~2\MICROS~2\2019\COMMUN~1\VC\Tools\MSVC\1429~1.301\bin\Hostx64\x64\link.exe /nologo @CMakeFiles\SorghumDataGeneratorApp.rsp  /out:EvoEngine_App\SorghumDataGeneratorApp.exe /implib:EvoEngine_App\SorghumDataGeneratorApp.lib /pdb:EvoEngine_App\SorghumDataGeneratorApp.pdb /version:0.0 /machine:x64 /INCREMENTAL:NO /subsystem:console && C:\WINDOWS\system32\cmd.exe /C "cd /D C:\Users\Brenda\code\EvoEngine\out\build\x64-Release\EvoEngine_App && C:\Windows\System32\WindowsPowerShell\v1.0\powershell.exe -noprofile -executionpolicy Bypass -file "C:/Program Files/Microsoft Visual Studio/2022/Community/VC/vcpkg/scripts/buildsystems/msbuild/applocal.ps1" -targetBinary C:/Users/Brenda/code/EvoEngine/out/build/x64-Release/EvoEngine_App/SorghumDataGeneratorApp.exe -installedDir "C:/Program Files/Microsoft Visual Studio/2022/Community/VC/vcpkg/installed/x64-windows/bin" -OutVariable out""
Visual Studio Non-Incremental Link
LINK:
C:\PROGRA~2\MICROS~2\2019\COMMUN~1\VC\Tools\MSVC\1429~1.301\bin\Hostx64\x64\link.exe /nologo @CMakeFiles\SorghumDataGeneratorApp.rsp /out:EvoEngine_App\SorghumDataGeneratorApp.exe /implib:EvoEngine_App\SorghumDataGeneratorApp.lib /pdb:EvoEngine_App\SorghumDataGeneratorApp.pdb /version:0.0 /machine:x64 /INCREMENTAL:NO /subsystem:console /MANIFEST:EMBED,ID=1
   Creating library EvoEngine_App\SorghumDataGeneratorApp.lib and object EvoEngine_App\SorghumDataGeneratorApp.exp
LINK : warning LNK4098: defaultlib 'LIBCMT' conflicts with use of other libs; use /NODEFAULTLIB:library
[31/40] C:\PROGRA~1\MIB055~1\2022\COMMUN~1\VC\Tools\MSVC\1444~1.352\bin\Hostx64\x64\cl.exe  /nologo /TP -DBILLBOARD_CLOUDS_PLUGIN -DCUDA_MODULE_PLUGIN -DDATASET_GENERATION_PLUGIN -DDIGITAL_AGRICULTURE_PLUGIN -DECOSYSLAB_PLUGIN -DGPR_PLUGIN -DGPR_READING=1 -DGPR_WRITING=1 -DLOG_GRADING_PLUGIN -DLOG_SCANNING_PLUGIN -DMESH_REPAIR_PLUGIN -DNOMINMAX -DPyDigitalAgriculture_EXPORTS -DTEXTURE_BAKING_PLUGIN -DUNIVERSE_PLUGIN -DVK_NO_PROTOTYPES -DVK_USE_PLATFORM_WIN32_KHR -DXML_STATIC=1 -IC:\Users\Brenda\code\EvoEngine\Extern\3rdParty -IC:\Users\Brenda\code\EvoEngine\Extern\3rdParty\zlib\zlib -IC:\Users\Brenda\code\EvoEngine\out\build\x64-Release\Extern\3rdParty\zlib\zlib -IC:\Users\Brenda\code\EvoEngine\Extern\3rdParty\assimp -IC:\Users\Brenda\code\EvoEngine\Extern\3rdParty\assimp\assimp\include -IC:\Users\Brenda\code\EvoEngine\Extern\3rdParty\base64\base64\include -IC:\Users\Brenda\code\EvoEngine\Extern\3rdParty\csvpp\csvpp\include -IC:\Users\Brenda\code\EvoEngine\Extern\3rdParty\glfw\glfw\include -IC:\Users\Brenda\code\EvoEngine\Extern\3rdParty\glm\glm -IC:\Users\Brenda\code\EvoEngine\Extern\3rdParty\imgui\imgui -IC:\Users\Brenda\code\EvoEngine\Extern\3rdParty\imgui\imgui\backends -IC:\Users\Brenda\code\EvoEngine\Extern\3rdParty\imgui\ImGuizmo -IC:\Users\Brenda\code\EvoEngine\Extern\3rdParty\json\json\include -IC:\Users\Brenda\code\EvoEngine\Extern\3rdParty\glslang\glslang\SPIRV -IC:\Users\Brenda\code\EvoEngine\Extern\3rdParty\glslang\glslang\glslang\Public -IC:\Users\Brenda\code\EvoEngine\Extern\3rdParty\stb\stb -IC:\VulkanSDK\1.3.296.0\Include -IC:\Users\Brenda\code\EvoEngine\Extern\3rdParty\volk\volk -IC:\Users\Brenda\code\EvoEngine\Extern\3rdParty\VulkanMemoryAllocator\VulkanMemoryAllocator\include -IC:\Users\Brenda\code\EvoEngine\Extern\3rdParty\xatlas\xatlas\source\xatlas -IC:\Users\Brenda\code\EvoEngine\Extern\3rdParty\yaml-cpp\yaml-cpp\include -IC:\Users\Brenda\code\EvoEngine\Extern\3rdParty\gpr\gpr -IC:\Users\Brenda\code\EvoEngine\Extern\3rdParty\eigen\eigen\Eigen -IC:\Users\Brenda\code\EvoEngine\Extern\3rdParty\tetgen -IC:\Users\Brenda\code\EvoEngine\Extern\3rdParty\tetgen\tetgen -IC:\Users\Brenda\code\EvoEngine\Extern\3rdParty\NsightAftermath -IC:\Users\Brenda\code\EvoEngine\Extern\3rdParty\NsightAftermath\NsightAftermath\include -IC:\Users\Brenda\code\EvoEngine\EvoEngine_SDK\include -IC:\Users\Brenda\code\EvoEngine\EvoEngine_SDK\include\Core -IC:\Users\Brenda\code\EvoEngine\EvoEngine_SDK\include\Core\ECS -IC:\Users\Brenda\code\EvoEngine\EvoEngine_SDK\include\Core\Math -IC:\Users\Brenda\code\EvoEngine\EvoEngine_SDK\include\Layers -IC:\Users\Brenda\code\EvoEngine\EvoEngine_SDK\include\Assets -IC:\Users\Brenda\code\EvoEngine\EvoEngine_SDK\include\Physics -IC:\Users\Brenda\code\EvoEngine\EvoEngine_SDK\include\RayTracing -IC:\Users\Brenda\code\EvoEngine\EvoEngine_SDK\include\Rendering -IC:\Users\Brenda\code\EvoEngine\EvoEngine_SDK\include\Rendering\RenderInstances -IC:\Users\Brenda\code\EvoEngine\EvoEngine_SDK\include\Rendering\PBR -IC:\Users\Brenda\code\EvoEngine\EvoEngine_SDK\include\Rendering\Animation -IC:\Users\Brenda\code\EvoEngine\EvoEngine_SDK\include\Rendering\Renderer -IC:\Users\Brenda\code\EvoEngine\EvoEngine_SDK\include\Rendering\Geometry -IC:\Users\Brenda\code\EvoEngine\EvoEngine_SDK\include\Rendering\Texture -IC:\Users\Brenda\code\EvoEngine\EvoEngine_SDK\include\Rendering\Platform -IC:\Users\Brenda\code\EvoEngine\EvoEngine_SDK\include\Rendering\PostProcessing -IC:\Users\Brenda\code\EvoEngine\EvoEngine_SDK\include\Editor -IC:\Users\Brenda\code\EvoEngine\EvoEngine_SDK\include\Utilities -IC:\Users\Brenda\code\EvoEngine\EvoEngine_SDK\include\Utilities\NsightAftermath -IC:\Users\Brenda\code\EvoEngine\EvoEngine_SDK\include\Utilities\ProceduralNoise -IC:\Users\Brenda\code\EvoEngine\out\build\x64-Release\EvoEngine_SDK -IC:\Users\Brenda\code\EvoEngine\Extern\3rdParty\OptiX\Windows\include -I"C:\Program Files\NVIDIA GPU Computing Toolkit\CUDA\v12.6\include" -IC:\Users\Brenda\code\EvoEngine\EvoEngine_Plugins\CudaModule\include -IC:\Users\Brenda\code\EvoEngine\EvoEngine_Plugins\CudaModule\include\MLVQ -IC:\Users\Brenda\code\EvoEngine\EvoEngine_Plugins\CudaModule\include\RayTracer -IC:\Users\Brenda\code\EvoEngine\EvoEngine_Plugins\CudaModule\include\Utilities -IC:\Users\Brenda\code\EvoEngine\EvoEngine_Plugins\MeshRepair\include -IC:\Users\Brenda\code\EvoEngine\EvoEngine_Plugins\MeshRepair\include\VisibilityTest -IC:\Users\Brenda\code\EvoEngine\EvoEngine_Plugins\TextureBaking\include -IC:\Users\Brenda\code\EvoEngine\EvoEngine_Plugins\Gpr\include -IC:\Users\Brenda\code\EvoEngine\Extern\3rdParty\gpr\gpr\source\lib -IC:\Users\Brenda\code\EvoEngine\Extern\3rdParty\gpr\gpr\source\lib\common\public -IC:\Users\Brenda\code\EvoEngine\Extern\3rdParty\gpr\gpr\source\lib\vc5_common -IC:\Users\Brenda\code\EvoEngine\Extern\3rdParty\gpr\gpr\source\lib\vc5_decoder -IC:\Users\Brenda\code\EvoEngine\Extern\3rdParty\gpr\gpr\source\lib\vc5_encoder -IC:\Users\Brenda\code\EvoEngine\Extern\3rdParty\gpr\gpr\source\lib\dng_sdk -IC:\Users\Brenda\code\EvoEngine\Extern\3rdParty\gpr\gpr\source\lib\gpr_sdk\public -IC:\Users\Brenda\code\EvoEngine\EvoEngine_Plugins\BillboardClouds\include -IC:\Users\Brenda\code\EvoEngine\Extern\3rdParty\pinchot\pinchot\include -IC:\Users\Brenda\code\EvoEngine\EvoEngine_Plugins\EcoSysLab -IC:\Users\Brenda\code\EvoEngine\EvoEngine_Plugins\EcoSysLab\include -IC:\Users\Brenda\code\EvoEngine\EvoEngine_Plugins\EcoSysLab\include\MeshFormation -IC:\Users\Brenda\code\EvoEngine\EvoEngine_Plugins\EcoSysLab\include\Physics\DynamicSkeleton -IC:\Users\Brenda\code\EvoEngine\EvoEngine_Plugins\EcoSysLab\include\Physics\DynamicStrands -IC:\Users\Brenda\code\EvoEngine\EvoEngine_Plugins\EcoSysLab\include\TreeModel\Descriptors -IC:\Users\Brenda\code\EvoEngine\EvoEngine_Plugins\EcoSysLab\include\Utilities\SpatialCompetition -IC:\Users\Brenda\code\EvoEngine\EvoEngine_Plugins\EcoSysLab\include\Physics -IC:\Users\Brenda\code\EvoEngine\EvoEngine_Plugins\EcoSysLab\include\Utilities\TreeIO -IC:\Users\Brenda\code\EvoEngine\EvoEngine_Plugins\EcoSysLab\include\Volumes -IC:\Users\Brenda\code\EvoEngine\EvoEngine_Plugins\EcoSysLab\include\ClimateModel -IC:\Users\Brenda\code\EvoEngine\EvoEngine_Plugins\EcoSysLab\include\SoilModel -IC:\Users\Brenda\code\EvoEngine\EvoEngine_Plugins\EcoSysLab\include\TreeModel\StrandModel -IC:\Users\Brenda\code\EvoEngine\EvoEngine_Plugins\EcoSysLab\include\TreeModel\DynamicTreeStrandGraph -IC:\Users\Brenda\code\EvoEngine\EvoEngine_Plugins\EcoSysLab\include\TreeModel -IC:\Users\Brenda\code\EvoEngine\EvoEngine_Plugins\EcoSysLab\include\Utilities -IC:\Users\Brenda\code\EvoEngine\EvoEngine_Plugins\EcoSysLab\include\Structures -IC:\Users\Brenda\code\EvoEngine\EvoEngine_Plugins\EcoSysLab\include\Reconstruction -IC:\Users\Brenda\code\EvoEngine\EvoEngine_Plugins\DigitalAgriculture\include -IC:\Users\Brenda\code\EvoEngine\EvoEngine_Plugins\DigitalAgriculture\include\SorghumModel -IC:\Users\Brenda\code\EvoEngine\EvoEngine_Plugins\DatasetGeneration\include -IC:\Users\Brenda\code\EvoEngine\EvoEngine_Plugins\DatasetGeneration\include\SorghumModel -IC:\Users\Brenda\code\EvoEngine\EvoEngine_Plugins\LogGrading\include -IC:\Users\Brenda\code\EvoEngine\EvoEngine_Plugins\LogScanning\include -IC:\Users\Brenda\code\EvoEngine\EvoEngine_Plugins\Universe\include -IC:\Users\Brenda\code\EvoEngine\PythonBinding\include -IC:\Users\Brenda\code\EvoEngine\Extern\3rdParty\assimp\assimp\code\..\include -IC:\Users\Brenda\code\EvoEngine\out\build\x64-Release\Extern\3rdParty\assimp\assimp\code\..\include -IC:\Users\Brenda\code\EvoEngine\Extern\3rdParty\base64 -IC:\Users\Brenda\code\EvoEngine\Extern\3rdParty\csvpp -IC:\Users\Brenda\code\EvoEngine\Extern\3rdParty\glslang\glslang\glslang\.. -IC:\Users\Brenda\code\EvoEngine\out\build\x64-Release\include -IC:\Users\Brenda\code\EvoEngine\Extern\3rdParty\glslang\glslang\SPIRV\.. -IC:\Users\Brenda\code\EvoEngine\Extern\3rdParty\meshoptimizer\meshoptimizer\src -external:IC:\Users\Brenda\code\EvoEngine\Extern\3rdParty\pybind11\pybind11\include -external:IC:\Users\Brenda\AppData\Local\Programs\Python\Python39\include -external:W0 /DWIN32 /D_WINDOWS /GR /EHsc /O2 /Ob2 /DNDEBUG -std:c++17 -MD /bigobj /MP /YuC:/Users/Brenda/code/EvoEngine/out/build/x64-Release/PythonBinding/CMakeFiles/PyDigitalAgriculture.dir/cmake_pch.hxx /FpC:/Users/Brenda/code/EvoEngine/out/build/x64-Release/PythonBinding/CMakeFiles/PyDigitalAgriculture.dir/./cmake_pch.cxx.pch /FIC:/Users/Brenda/code/EvoEngine/out/build/x64-Release/PythonBinding/CMakeFiles/PyDigitalAgriculture.dir/cmake_pch.hxx /showIncludes /FoPythonBinding\CMakeFiles\PyDigitalAgriculture.dir\src\PyDigitalAgricultureModule.cpp.obj /FdPythonBinding\CMakeFiles\PyDigitalAgriculture.dir\ /FS -c C:\Users\Brenda\code\EvoEngine\PythonBinding\src\PyDigitalAgricultureModule.cpp
C:\Program Files\Microsoft Visual Studio\2022\Community\VC\Tools\MSVC\14.44.35207\include\xmemory(732): warning C4267: 'argument': conversion from 'size_t' to 'eco_sys_lab_plugin::SkeletonNodeHandle', possible loss of data
C:\Program Files\Microsoft Visual Studio\2022\Community\VC\Tools\MSVC\14.44.35207\include\xmemory(732): note: the template instantiation context (the oldest one first) is
C:\Users\Brenda\code\EvoEngine\EvoEngine_Plugins\EcoSysLab\include\TreeModel\StrandModel\StrandModel.hpp(58): note: see reference to class template instantiation 'eco_sys_lab_plugin::Skeleton<eco_sys_lab_plugin::StrandModelSkeletonData,eco_sys_lab_plugin::StrandModelFlowData,eco_sys_lab_plugin::StrandModelNodeData>' being compiled
C:\Users\Brenda\code\EvoEngine\EvoEngine_Plugins\EcoSysLab\include\Structures\Skeleton.hpp(922): note: while compiling class template member function 'eco_sys_lab_plugin::Skeleton<eco_sys_lab_plugin::StrandModelSkeletonData,eco_sys_lab_plugin::StrandModelFlowData,eco_sys_lab_plugin::StrandModelNodeData>::Skeleton(unsigned int)'
C:\Users\Brenda\code\EvoEngine\EvoEngine_Plugins\EcoSysLab\include\TreeModel\StrandModel\StrandModel.hpp(128): note: see the first reference to 'eco_sys_lab_plugin::Skeleton<eco_sys_lab_plugin::StrandModelSkeletonData,eco_sys_lab_plugin::StrandModelFlowData,eco_sys_lab_plugin::StrandModelNodeData>::Skeleton' in 'eco_sys_lab_plugin::StrandModel::StrandModel'
C:\Users\Brenda\code\EvoEngine\EvoEngine_Plugins\EcoSysLab\include\Structures\Skeleton.hpp(1138): note: while compiling class template member function 'eco_sys_lab_plugin::SkeletonNodeHandle eco_sys_lab_plugin::Skeleton<eco_sys_lab_plugin::StrandModelSkeletonData,eco_sys_lab_plugin::StrandModelFlowData,eco_sys_lab_plugin::StrandModelNodeData>::AllocateNode(void)'
C:\Users\Brenda\code\EvoEngine\EvoEngine_Plugins\EcoSysLab\include\Structures\Skeleton.hpp(1140): note: see reference to function template instantiation 'eco_sys_lab_plugin::SkeletonNode<NodeData> &std::vector<eco_sys_lab_plugin::SkeletonNode<NodeData>,std::allocator<eco_sys_lab_plugin::SkeletonNode<NodeData>>>::emplace_back<unsigned __int64>(unsigned __int64 &&)' being compiled
        with
        [
            NodeData=eco_sys_lab_plugin::StrandModelNodeData
        ]
C:\Program Files\Microsoft Visual Studio\2022\Community\VC\Tools\MSVC\14.44.35207\include\vector(924): note: see reference to function template instantiation '_Ty &std::vector<_Ty,std::allocator<_Ty>>::_Emplace_one_at_back<unsigned __int64>(unsigned __int64 &&)' being compiled
        with
        [
            _Ty=eco_sys_lab_plugin::SkeletonNode<eco_sys_lab_plugin::StrandModelNodeData>
        ]
C:\Program Files\Microsoft Visual Studio\2022\Community\VC\Tools\MSVC\14.44.35207\include\vector(845): note: see reference to function template instantiation '_Ty &std::vector<_Ty,std::allocator<_Ty>>::_Emplace_back_with_unused_capacity<unsigned __int64>(unsigned __int64 &&)' being compiled
        with
        [
            _Ty=eco_sys_lab_plugin::SkeletonNode<eco_sys_lab_plugin::StrandModelNodeData>
        ]
C:\Program Files\Microsoft Visual Studio\2022\Community\VC\Tools\MSVC\14.44.35207\include\vector(863): note: see reference to function template instantiation 'void std::_Default_allocator_traits<_Alloc>::construct<_Ty,unsigned __int64>(_Alloc &,_Objty *const ,unsigned __int64 &&)' being compiled
        with
        [
            _Alloc=std::allocator<eco_sys_lab_plugin::SkeletonNode<eco_sys_lab_plugin::StrandModelNodeData>>,
            _Ty=eco_sys_lab_plugin::SkeletonNode<eco_sys_lab_plugin::StrandModelNodeData>,
            _Objty=eco_sys_lab_plugin::SkeletonNode<eco_sys_lab_plugin::StrandModelNodeData>
        ]
C:\Program Files\Microsoft Visual Studio\2022\Community\VC\Tools\MSVC\14.44.35207\include\xmemory(732): warning C4267: 'argument': conversion from 'size_t' to 'eco_sys_lab_plugin::SkeletonFlowHandle', possible loss of data
C:\Program Files\Microsoft Visual Studio\2022\Community\VC\Tools\MSVC\14.44.35207\include\xmemory(732): note: the template instantiation context (the oldest one first) is
C:\Users\Brenda\code\EvoEngine\EvoEngine_Plugins\EcoSysLab\include\Structures\Skeleton.hpp(1130): note: while compiling class template member function 'eco_sys_lab_plugin::SkeletonFlowHandle eco_sys_lab_plugin::Skeleton<eco_sys_lab_plugin::StrandModelSkeletonData,eco_sys_lab_plugin::StrandModelFlowData,eco_sys_lab_plugin::StrandModelNodeData>::AllocateFlow(void)'
C:\Users\Brenda\code\EvoEngine\EvoEngine_Plugins\EcoSysLab\include\Structures\Skeleton.hpp(1132): note: see reference to function template instantiation 'eco_sys_lab_plugin::SkeletonFlow<FlowData> &std::vector<eco_sys_lab_plugin::SkeletonFlow<FlowData>,std::allocator<eco_sys_lab_plugin::SkeletonFlow<FlowData>>>::emplace_back<unsigned __int64>(unsigned __int64 &&)' being compiled
        with
        [
            FlowData=eco_sys_lab_plugin::StrandModelFlowData
        ]
C:\Program Files\Microsoft Visual Studio\2022\Community\VC\Tools\MSVC\14.44.35207\include\vector(924): note: see reference to function template instantiation '_Ty &std::vector<_Ty,std::allocator<_Ty>>::_Emplace_one_at_back<unsigned __int64>(unsigned __int64 &&)' being compiled
        with
        [
            _Ty=eco_sys_lab_plugin::SkeletonFlow<eco_sys_lab_plugin::StrandModelFlowData>
        ]
C:\Program Files\Microsoft Visual Studio\2022\Community\VC\Tools\MSVC\14.44.35207\include\vector(845): note: see reference to function template instantiation '_Ty &std::vector<_Ty,std::allocator<_Ty>>::_Emplace_back_with_unused_capacity<unsigned __int64>(unsigned __int64 &&)' being compiled
        with
        [
            _Ty=eco_sys_lab_plugin::SkeletonFlow<eco_sys_lab_plugin::StrandModelFlowData>
        ]
C:\Program Files\Microsoft Visual Studio\2022\Community\VC\Tools\MSVC\14.44.35207\include\vector(863): note: see reference to function template instantiation 'void std::_Default_allocator_traits<_Alloc>::construct<_Ty,unsigned __int64>(_Alloc &,_Objty *const ,unsigned __int64 &&)' being compiled
        with
        [
            _Alloc=std::allocator<eco_sys_lab_plugin::SkeletonFlow<eco_sys_lab_plugin::StrandModelFlowData>>,
            _Ty=eco_sys_lab_plugin::SkeletonFlow<eco_sys_lab_plugin::StrandModelFlowData>,
            _Objty=eco_sys_lab_plugin::SkeletonFlow<eco_sys_lab_plugin::StrandModelFlowData>
        ]
[32/40] C:\PROGRA~1\MIB055~1\2022\COMMUN~1\VC\Tools\MSVC\1444~1.352\bin\Hostx64\x64\cl.exe  /nologo /TP -DBILLBOARD_CLOUDS_PLUGIN -DCUDA_MODULE_PLUGIN -DDATASET_GENERATION_PLUGIN -DDIGITAL_AGRICULTURE_PLUGIN -DECOSYSLAB_PLUGIN -DGPR_PLUGIN -DGPR_READING=1 -DGPR_WRITING=1 -DLOG_GRADING_PLUGIN -DLOG_SCANNING_PLUGIN -DMESH_REPAIR_PLUGIN -DNOMINMAX -DPyDigitalAgriculture_EXPORTS -DTEXTURE_BAKING_PLUGIN -DUNIVERSE_PLUGIN -DVK_NO_PROTOTYPES -DVK_USE_PLATFORM_WIN32_KHR -DXML_STATIC=1 -IC:\Users\Brenda\code\EvoEngine\Extern\3rdParty -IC:\Users\Brenda\code\EvoEngine\Extern\3rdParty\zlib\zlib -IC:\Users\Brenda\code\EvoEngine\out\build\x64-Release\Extern\3rdParty\zlib\zlib -IC:\Users\Brenda\code\EvoEngine\Extern\3rdParty\assimp -IC:\Users\Brenda\code\EvoEngine\Extern\3rdParty\assimp\assimp\include -IC:\Users\Brenda\code\EvoEngine\Extern\3rdParty\base64\base64\include -IC:\Users\Brenda\code\EvoEngine\Extern\3rdParty\csvpp\csvpp\include -IC:\Users\Brenda\code\EvoEngine\Extern\3rdParty\glfw\glfw\include -IC:\Users\Brenda\code\EvoEngine\Extern\3rdParty\glm\glm -IC:\Users\Brenda\code\EvoEngine\Extern\3rdParty\imgui\imgui -IC:\Users\Brenda\code\EvoEngine\Extern\3rdParty\imgui\imgui\backends -IC:\Users\Brenda\code\EvoEngine\Extern\3rdParty\imgui\ImGuizmo -IC:\Users\Brenda\code\EvoEngine\Extern\3rdParty\json\json\include -IC:\Users\Brenda\code\EvoEngine\Extern\3rdParty\glslang\glslang\SPIRV -IC:\Users\Brenda\code\EvoEngine\Extern\3rdParty\glslang\glslang\glslang\Public -IC:\Users\Brenda\code\EvoEngine\Extern\3rdParty\stb\stb -IC:\VulkanSDK\1.3.296.0\Include -IC:\Users\Brenda\code\EvoEngine\Extern\3rdParty\volk\volk -IC:\Users\Brenda\code\EvoEngine\Extern\3rdParty\VulkanMemoryAllocator\VulkanMemoryAllocator\include -IC:\Users\Brenda\code\EvoEngine\Extern\3rdParty\xatlas\xatlas\source\xatlas -IC:\Users\Brenda\code\EvoEngine\Extern\3rdParty\yaml-cpp\yaml-cpp\include -IC:\Users\Brenda\code\EvoEngine\Extern\3rdParty\gpr\gpr -IC:\Users\Brenda\code\EvoEngine\Extern\3rdParty\eigen\eigen\Eigen -IC:\Users\Brenda\code\EvoEngine\Extern\3rdParty\tetgen -IC:\Users\Brenda\code\EvoEngine\Extern\3rdParty\tetgen\tetgen -IC:\Users\Brenda\code\EvoEngine\Extern\3rdParty\NsightAftermath -IC:\Users\Brenda\code\EvoEngine\Extern\3rdParty\NsightAftermath\NsightAftermath\include -IC:\Users\Brenda\code\EvoEngine\EvoEngine_SDK\include -IC:\Users\Brenda\code\EvoEngine\EvoEngine_SDK\include\Core -IC:\Users\Brenda\code\EvoEngine\EvoEngine_SDK\include\Core\ECS -IC:\Users\Brenda\code\EvoEngine\EvoEngine_SDK\include\Core\Math -IC:\Users\Brenda\code\EvoEngine\EvoEngine_SDK\include\Layers -IC:\Users\Brenda\code\EvoEngine\EvoEngine_SDK\include\Assets -IC:\Users\Brenda\code\EvoEngine\EvoEngine_SDK\include\Physics -IC:\Users\Brenda\code\EvoEngine\EvoEngine_SDK\include\RayTracing -IC:\Users\Brenda\code\EvoEngine\EvoEngine_SDK\include\Rendering -IC:\Users\Brenda\code\EvoEngine\EvoEngine_SDK\include\Rendering\RenderInstances -IC:\Users\Brenda\code\EvoEngine\EvoEngine_SDK\include\Rendering\PBR -IC:\Users\Brenda\code\EvoEngine\EvoEngine_SDK\include\Rendering\Animation -IC:\Users\Brenda\code\EvoEngine\EvoEngine_SDK\include\Rendering\Renderer -IC:\Users\Brenda\code\EvoEngine\EvoEngine_SDK\include\Rendering\Geometry -IC:\Users\Brenda\code\EvoEngine\EvoEngine_SDK\include\Rendering\Texture -IC:\Users\Brenda\code\EvoEngine\EvoEngine_SDK\include\Rendering\Platform -IC:\Users\Brenda\code\EvoEngine\EvoEngine_SDK\include\Rendering\PostProcessing -IC:\Users\Brenda\code\EvoEngine\EvoEngine_SDK\include\Editor -IC:\Users\Brenda\code\EvoEngine\EvoEngine_SDK\include\Utilities -IC:\Users\Brenda\code\EvoEngine\EvoEngine_SDK\include\Utilities\NsightAftermath -IC:\Users\Brenda\code\EvoEngine\EvoEngine_SDK\include\Utilities\ProceduralNoise -IC:\Users\Brenda\code\EvoEngine\out\build\x64-Release\EvoEngine_SDK -IC:\Users\Brenda\code\EvoEngine\Extern\3rdParty\OptiX\Windows\include -I"C:\Program Files\NVIDIA GPU Computing Toolkit\CUDA\v12.6\include" -IC:\Users\Brenda\code\EvoEngine\EvoEngine_Plugins\CudaModule\include -IC:\Users\Brenda\code\EvoEngine\EvoEngine_Plugins\CudaModule\include\MLVQ -IC:\Users\Brenda\code\EvoEngine\EvoEngine_Plugins\CudaModule\include\RayTracer -IC:\Users\Brenda\code\EvoEngine\EvoEngine_Plugins\CudaModule\include\Utilities -IC:\Users\Brenda\code\EvoEngine\EvoEngine_Plugins\MeshRepair\include -IC:\Users\Brenda\code\EvoEngine\EvoEngine_Plugins\MeshRepair\include\VisibilityTest -IC:\Users\Brenda\code\EvoEngine\EvoEngine_Plugins\TextureBaking\include -IC:\Users\Brenda\code\EvoEngine\EvoEngine_Plugins\Gpr\include -IC:\Users\Brenda\code\EvoEngine\Extern\3rdParty\gpr\gpr\source\lib -IC:\Users\Brenda\code\EvoEngine\Extern\3rdParty\gpr\gpr\source\lib\common\public -IC:\Users\Brenda\code\EvoEngine\Extern\3rdParty\gpr\gpr\source\lib\vc5_common -IC:\Users\Brenda\code\EvoEngine\Extern\3rdParty\gpr\gpr\source\lib\vc5_decoder -IC:\Users\Brenda\code\EvoEngine\Extern\3rdParty\gpr\gpr\source\lib\vc5_encoder -IC:\Users\Brenda\code\EvoEngine\Extern\3rdParty\gpr\gpr\source\lib\dng_sdk -IC:\Users\Brenda\code\EvoEngine\Extern\3rdParty\gpr\gpr\source\lib\gpr_sdk\public -IC:\Users\Brenda\code\EvoEngine\EvoEngine_Plugins\BillboardClouds\include -IC:\Users\Brenda\code\EvoEngine\Extern\3rdParty\pinchot\pinchot\include -IC:\Users\Brenda\code\EvoEngine\EvoEngine_Plugins\EcoSysLab -IC:\Users\Brenda\code\EvoEngine\EvoEngine_Plugins\EcoSysLab\include -IC:\Users\Brenda\code\EvoEngine\EvoEngine_Plugins\EcoSysLab\include\MeshFormation -IC:\Users\Brenda\code\EvoEngine\EvoEngine_Plugins\EcoSysLab\include\Physics\DynamicSkeleton -IC:\Users\Brenda\code\EvoEngine\EvoEngine_Plugins\EcoSysLab\include\Physics\DynamicStrands -IC:\Users\Brenda\code\EvoEngine\EvoEngine_Plugins\EcoSysLab\include\TreeModel\Descriptors -IC:\Users\Brenda\code\EvoEngine\EvoEngine_Plugins\EcoSysLab\include\Utilities\SpatialCompetition -IC:\Users\Brenda\code\EvoEngine\EvoEngine_Plugins\EcoSysLab\include\Physics -IC:\Users\Brenda\code\EvoEngine\EvoEngine_Plugins\EcoSysLab\include\Utilities\TreeIO -IC:\Users\Brenda\code\EvoEngine\EvoEngine_Plugins\EcoSysLab\include\Volumes -IC:\Users\Brenda\code\EvoEngine\EvoEngine_Plugins\EcoSysLab\include\ClimateModel -IC:\Users\Brenda\code\EvoEngine\EvoEngine_Plugins\EcoSysLab\include\SoilModel -IC:\Users\Brenda\code\EvoEngine\EvoEngine_Plugins\EcoSysLab\include\TreeModel\StrandModel -IC:\Users\Brenda\code\EvoEngine\EvoEngine_Plugins\EcoSysLab\include\TreeModel\DynamicTreeStrandGraph -IC:\Users\Brenda\code\EvoEngine\EvoEngine_Plugins\EcoSysLab\include\TreeModel -IC:\Users\Brenda\code\EvoEngine\EvoEngine_Plugins\EcoSysLab\include\Utilities -IC:\Users\Brenda\code\EvoEngine\EvoEngine_Plugins\EcoSysLab\include\Structures -IC:\Users\Brenda\code\EvoEngine\EvoEngine_Plugins\EcoSysLab\include\Reconstruction -IC:\Users\Brenda\code\EvoEngine\EvoEngine_Plugins\DigitalAgriculture\include -IC:\Users\Brenda\code\EvoEngine\EvoEngine_Plugins\DigitalAgriculture\include\SorghumModel -IC:\Users\Brenda\code\EvoEngine\EvoEngine_Plugins\DatasetGeneration\include -IC:\Users\Brenda\code\EvoEngine\EvoEngine_Plugins\DatasetGeneration\include\SorghumModel -IC:\Users\Brenda\code\EvoEngine\EvoEngine_Plugins\LogGrading\include -IC:\Users\Brenda\code\EvoEngine\EvoEngine_Plugins\LogScanning\include -IC:\Users\Brenda\code\EvoEngine\EvoEngine_Plugins\Universe\include -IC:\Users\Brenda\code\EvoEngine\PythonBinding\include -IC:\Users\Brenda\code\EvoEngine\Extern\3rdParty\assimp\assimp\code\..\include -IC:\Users\Brenda\code\EvoEngine\out\build\x64-Release\Extern\3rdParty\assimp\assimp\code\..\include -IC:\Users\Brenda\code\EvoEngine\Extern\3rdParty\base64 -IC:\Users\Brenda\code\EvoEngine\Extern\3rdParty\csvpp -IC:\Users\Brenda\code\EvoEngine\Extern\3rdParty\glslang\glslang\glslang\.. -IC:\Users\Brenda\code\EvoEngine\out\build\x64-Release\include -IC:\Users\Brenda\code\EvoEngine\Extern\3rdParty\glslang\glslang\SPIRV\.. -IC:\Users\Brenda\code\EvoEngine\Extern\3rdParty\meshoptimizer\meshoptimizer\src -external:IC:\Users\Brenda\code\EvoEngine\Extern\3rdParty\pybind11\pybind11\include -external:IC:\Users\Brenda\AppData\Local\Programs\Python\Python39\include -external:W0 /DWIN32 /D_WINDOWS /GR /EHsc /O2 /Ob2 /DNDEBUG -std:c++17 -MD /bigobj /MP /YuC:/Users/Brenda/code/EvoEngine/out/build/x64-Release/PythonBinding/CMakeFiles/PyDigitalAgriculture.dir/cmake_pch.hxx /FpC:/Users/Brenda/code/EvoEngine/out/build/x64-Release/PythonBinding/CMakeFiles/PyDigitalAgriculture.dir/./cmake_pch.cxx.pch /FIC:/Users/Brenda/code/EvoEngine/out/build/x64-Release/PythonBinding/CMakeFiles/PyDigitalAgriculture.dir/cmake_pch.hxx /showIncludes /FoPythonBinding\CMakeFiles\PyDigitalAgriculture.dir\src\PyEvoEngine.cpp.obj /FdPythonBinding\CMakeFiles\PyDigitalAgriculture.dir\ /FS -c C:\Users\Brenda\code\EvoEngine\PythonBinding\src\PyEvoEngine.cpp
[33/40] C:\WINDOWS\system32\cmd.exe /C "cd . && "C:\Program Files\Microsoft Visual Studio\2022\Community\Common7\IDE\CommonExtensions\Microsoft\CMake\CMake\bin\cmake.exe" -E vs_link_exe --msvc-ver=1929 --intdir=EvoEngine_App\CMakeFiles\TreeDataGeneratorApp.dir --rc=C:\PROGRA~2\WI3CF2~1\10\bin\100261~1.0\x64\rc.exe --mt=C:\PROGRA~2\WI3CF2~1\10\bin\100261~1.0\x64\mt.exe --manifests  -- C:\PROGRA~2\MICROS~2\2019\COMMUN~1\VC\Tools\MSVC\1429~1.301\bin\Hostx64\x64\link.exe /nologo @CMakeFiles\TreeDataGeneratorApp.rsp  /out:EvoEngine_App\TreeDataGeneratorApp.exe /implib:EvoEngine_App\TreeDataGeneratorApp.lib /pdb:EvoEngine_App\TreeDataGeneratorApp.pdb /version:0.0 /machine:x64 /INCREMENTAL:NO /subsystem:console && C:\WINDOWS\system32\cmd.exe /C "cd /D C:\Users\Brenda\code\EvoEngine\out\build\x64-Release\EvoEngine_App && C:\Windows\System32\WindowsPowerShell\v1.0\powershell.exe -noprofile -executionpolicy Bypass -file "C:/Program Files/Microsoft Visual Studio/2022/Community/VC/vcpkg/scripts/buildsystems/msbuild/applocal.ps1" -targetBinary C:/Users/Brenda/code/EvoEngine/out/build/x64-Release/EvoEngine_App/TreeDataGeneratorApp.exe -installedDir "C:/Program Files/Microsoft Visual Studio/2022/Community/VC/vcpkg/installed/x64-windows/bin" -OutVariable out""
Visual Studio Non-Incremental Link
LINK:
C:\PROGRA~2\MICROS~2\2019\COMMUN~1\VC\Tools\MSVC\1429~1.301\bin\Hostx64\x64\link.exe /nologo @CMakeFiles\TreeDataGeneratorApp.rsp /out:EvoEngine_App\TreeDataGeneratorApp.exe /implib:EvoEngine_App\TreeDataGeneratorApp.lib /pdb:EvoEngine_App\TreeDataGeneratorApp.pdb /version:0.0 /machine:x64 /INCREMENTAL:NO /subsystem:console /MANIFEST:EMBED,ID=1
   Creating library EvoEngine_App\TreeDataGeneratorApp.lib and object EvoEngine_App\TreeDataGeneratorApp.exp
LINK : warning LNK4098: defaultlib 'LIBCMT' conflicts with use of other libs; use /NODEFAULTLIB:library
[34/40] C:\PROGRA~1\MIB055~1\2022\COMMUN~1\VC\Tools\MSVC\1444~1.352\bin\Hostx64\x64\cl.exe  /nologo /TP -DBILLBOARD_CLOUDS_PLUGIN -DCUDA_MODULE_PLUGIN -DDATASET_GENERATION_PLUGIN -DDIGITAL_AGRICULTURE_PLUGIN -DECOSYSLAB_PLUGIN -DGPR_PLUGIN -DGPR_READING=1 -DGPR_WRITING=1 -DLOG_GRADING_PLUGIN -DLOG_SCANNING_PLUGIN -DMESH_REPAIR_PLUGIN -DNOMINMAX -DPyEcoSysLab_EXPORTS -DTEXTURE_BAKING_PLUGIN -DUNIVERSE_PLUGIN -DVK_NO_PROTOTYPES -DVK_USE_PLATFORM_WIN32_KHR -DXML_STATIC=1 -IC:\Users\Brenda\code\EvoEngine\Extern\3rdParty -IC:\Users\Brenda\code\EvoEngine\Extern\3rdParty\zlib\zlib -IC:\Users\Brenda\code\EvoEngine\out\build\x64-Release\Extern\3rdParty\zlib\zlib -IC:\Users\Brenda\code\EvoEngine\Extern\3rdParty\assimp -IC:\Users\Brenda\code\EvoEngine\Extern\3rdParty\assimp\assimp\include -IC:\Users\Brenda\code\EvoEngine\Extern\3rdParty\base64\base64\include -IC:\Users\Brenda\code\EvoEngine\Extern\3rdParty\csvpp\csvpp\include -IC:\Users\Brenda\code\EvoEngine\Extern\3rdParty\glfw\glfw\include -IC:\Users\Brenda\code\EvoEngine\Extern\3rdParty\glm\glm -IC:\Users\Brenda\code\EvoEngine\Extern\3rdParty\imgui\imgui -IC:\Users\Brenda\code\EvoEngine\Extern\3rdParty\imgui\imgui\backends -IC:\Users\Brenda\code\EvoEngine\Extern\3rdParty\imgui\ImGuizmo -IC:\Users\Brenda\code\EvoEngine\Extern\3rdParty\json\json\include -IC:\Users\Brenda\code\EvoEngine\Extern\3rdParty\glslang\glslang\SPIRV -IC:\Users\Brenda\code\EvoEngine\Extern\3rdParty\glslang\glslang\glslang\Public -IC:\Users\Brenda\code\EvoEngine\Extern\3rdParty\stb\stb -IC:\VulkanSDK\1.3.296.0\Include -IC:\Users\Brenda\code\EvoEngine\Extern\3rdParty\volk\volk -IC:\Users\Brenda\code\EvoEngine\Extern\3rdParty\VulkanMemoryAllocator\VulkanMemoryAllocator\include -IC:\Users\Brenda\code\EvoEngine\Extern\3rdParty\xatlas\xatlas\source\xatlas -IC:\Users\Brenda\code\EvoEngine\Extern\3rdParty\yaml-cpp\yaml-cpp\include -IC:\Users\Brenda\code\EvoEngine\Extern\3rdParty\gpr\gpr -IC:\Users\Brenda\code\EvoEngine\Extern\3rdParty\eigen\eigen\Eigen -IC:\Users\Brenda\code\EvoEngine\Extern\3rdParty\tetgen -IC:\Users\Brenda\code\EvoEngine\Extern\3rdParty\tetgen\tetgen -IC:\Users\Brenda\code\EvoEngine\Extern\3rdParty\NsightAftermath -IC:\Users\Brenda\code\EvoEngine\Extern\3rdParty\NsightAftermath\NsightAftermath\include -IC:\Users\Brenda\code\EvoEngine\EvoEngine_SDK\include -IC:\Users\Brenda\code\EvoEngine\EvoEngine_SDK\include\Core -IC:\Users\Brenda\code\EvoEngine\EvoEngine_SDK\include\Core\ECS -IC:\Users\Brenda\code\EvoEngine\EvoEngine_SDK\include\Core\Math -IC:\Users\Brenda\code\EvoEngine\EvoEngine_SDK\include\Layers -IC:\Users\Brenda\code\EvoEngine\EvoEngine_SDK\include\Assets -IC:\Users\Brenda\code\EvoEngine\EvoEngine_SDK\include\Physics -IC:\Users\Brenda\code\EvoEngine\EvoEngine_SDK\include\RayTracing -IC:\Users\Brenda\code\EvoEngine\EvoEngine_SDK\include\Rendering -IC:\Users\Brenda\code\EvoEngine\EvoEngine_SDK\include\Rendering\RenderInstances -IC:\Users\Brenda\code\EvoEngine\EvoEngine_SDK\include\Rendering\PBR -IC:\Users\Brenda\code\EvoEngine\EvoEngine_SDK\include\Rendering\Animation -IC:\Users\Brenda\code\EvoEngine\EvoEngine_SDK\include\Rendering\Renderer -IC:\Users\Brenda\code\EvoEngine\EvoEngine_SDK\include\Rendering\Geometry -IC:\Users\Brenda\code\EvoEngine\EvoEngine_SDK\include\Rendering\Texture -IC:\Users\Brenda\code\EvoEngine\EvoEngine_SDK\include\Rendering\Platform -IC:\Users\Brenda\code\EvoEngine\EvoEngine_SDK\include\Rendering\PostProcessing -IC:\Users\Brenda\code\EvoEngine\EvoEngine_SDK\include\Editor -IC:\Users\Brenda\code\EvoEngine\EvoEngine_SDK\include\Utilities -IC:\Users\Brenda\code\EvoEngine\EvoEngine_SDK\include\Utilities\NsightAftermath -IC:\Users\Brenda\code\EvoEngine\EvoEngine_SDK\include\Utilities\ProceduralNoise -IC:\Users\Brenda\code\EvoEngine\out\build\x64-Release\EvoEngine_SDK -IC:\Users\Brenda\code\EvoEngine\Extern\3rdParty\OptiX\Windows\include -I"C:\Program Files\NVIDIA GPU Computing Toolkit\CUDA\v12.6\include" -IC:\Users\Brenda\code\EvoEngine\EvoEngine_Plugins\CudaModule\include -IC:\Users\Brenda\code\EvoEngine\EvoEngine_Plugins\CudaModule\include\MLVQ -IC:\Users\Brenda\code\EvoEngine\EvoEngine_Plugins\CudaModule\include\RayTracer -IC:\Users\Brenda\code\EvoEngine\EvoEngine_Plugins\CudaModule\include\Utilities -IC:\Users\Brenda\code\EvoEngine\EvoEngine_Plugins\MeshRepair\include -IC:\Users\Brenda\code\EvoEngine\EvoEngine_Plugins\MeshRepair\include\VisibilityTest -IC:\Users\Brenda\code\EvoEngine\EvoEngine_Plugins\TextureBaking\include -IC:\Users\Brenda\code\EvoEngine\EvoEngine_Plugins\Gpr\include -IC:\Users\Brenda\code\EvoEngine\Extern\3rdParty\gpr\gpr\source\lib -IC:\Users\Brenda\code\EvoEngine\Extern\3rdParty\gpr\gpr\source\lib\common\public -IC:\Users\Brenda\code\EvoEngine\Extern\3rdParty\gpr\gpr\source\lib\vc5_common -IC:\Users\Brenda\code\EvoEngine\Extern\3rdParty\gpr\gpr\source\lib\vc5_decoder -IC:\Users\Brenda\code\EvoEngine\Extern\3rdParty\gpr\gpr\source\lib\vc5_encoder -IC:\Users\Brenda\code\EvoEngine\Extern\3rdParty\gpr\gpr\source\lib\dng_sdk -IC:\Users\Brenda\code\EvoEngine\Extern\3rdParty\gpr\gpr\source\lib\gpr_sdk\public -IC:\Users\Brenda\code\EvoEngine\EvoEngine_Plugins\BillboardClouds\include -IC:\Users\Brenda\code\EvoEngine\Extern\3rdParty\pinchot\pinchot\include -IC:\Users\Brenda\code\EvoEngine\EvoEngine_Plugins\EcoSysLab -IC:\Users\Brenda\code\EvoEngine\EvoEngine_Plugins\EcoSysLab\include -IC:\Users\Brenda\code\EvoEngine\EvoEngine_Plugins\EcoSysLab\include\MeshFormation -IC:\Users\Brenda\code\EvoEngine\EvoEngine_Plugins\EcoSysLab\include\Physics\DynamicSkeleton -IC:\Users\Brenda\code\EvoEngine\EvoEngine_Plugins\EcoSysLab\include\Physics\DynamicStrands -IC:\Users\Brenda\code\EvoEngine\EvoEngine_Plugins\EcoSysLab\include\TreeModel\Descriptors -IC:\Users\Brenda\code\EvoEngine\EvoEngine_Plugins\EcoSysLab\include\Utilities\SpatialCompetition -IC:\Users\Brenda\code\EvoEngine\EvoEngine_Plugins\EcoSysLab\include\Physics -IC:\Users\Brenda\code\EvoEngine\EvoEngine_Plugins\EcoSysLab\include\Utilities\TreeIO -IC:\Users\Brenda\code\EvoEngine\EvoEngine_Plugins\EcoSysLab\include\Volumes -IC:\Users\Brenda\code\EvoEngine\EvoEngine_Plugins\EcoSysLab\include\ClimateModel -IC:\Users\Brenda\code\EvoEngine\EvoEngine_Plugins\EcoSysLab\include\SoilModel -IC:\Users\Brenda\code\EvoEngine\EvoEngine_Plugins\EcoSysLab\include\TreeModel\StrandModel -IC:\Users\Brenda\code\EvoEngine\EvoEngine_Plugins\EcoSysLab\include\TreeModel\DynamicTreeStrandGraph -IC:\Users\Brenda\code\EvoEngine\EvoEngine_Plugins\EcoSysLab\include\TreeModel -IC:\Users\Brenda\code\EvoEngine\EvoEngine_Plugins\EcoSysLab\include\Utilities -IC:\Users\Brenda\code\EvoEngine\EvoEngine_Plugins\EcoSysLab\include\Structures -IC:\Users\Brenda\code\EvoEngine\EvoEngine_Plugins\EcoSysLab\include\Reconstruction -IC:\Users\Brenda\code\EvoEngine\EvoEngine_Plugins\DigitalAgriculture\include -IC:\Users\Brenda\code\EvoEngine\EvoEngine_Plugins\DigitalAgriculture\include\SorghumModel -IC:\Users\Brenda\code\EvoEngine\EvoEngine_Plugins\DatasetGeneration\include -IC:\Users\Brenda\code\EvoEngine\EvoEngine_Plugins\DatasetGeneration\include\SorghumModel -IC:\Users\Brenda\code\EvoEngine\EvoEngine_Plugins\LogGrading\include -IC:\Users\Brenda\code\EvoEngine\EvoEngine_Plugins\LogScanning\include -IC:\Users\Brenda\code\EvoEngine\EvoEngine_Plugins\Universe\include -IC:\Users\Brenda\code\EvoEngine\PythonBinding\include -IC:\Users\Brenda\code\EvoEngine\Extern\3rdParty\assimp\assimp\code\..\include -IC:\Users\Brenda\code\EvoEngine\out\build\x64-Release\Extern\3rdParty\assimp\assimp\code\..\include -IC:\Users\Brenda\code\EvoEngine\Extern\3rdParty\base64 -IC:\Users\Brenda\code\EvoEngine\Extern\3rdParty\csvpp -IC:\Users\Brenda\code\EvoEngine\Extern\3rdParty\glslang\glslang\glslang\.. -IC:\Users\Brenda\code\EvoEngine\out\build\x64-Release\include -IC:\Users\Brenda\code\EvoEngine\Extern\3rdParty\glslang\glslang\SPIRV\.. -IC:\Users\Brenda\code\EvoEngine\Extern\3rdParty\meshoptimizer\meshoptimizer\src -external:IC:\Users\Brenda\code\EvoEngine\Extern\3rdParty\pybind11\pybind11\include -external:IC:\Users\Brenda\AppData\Local\Programs\Python\Python39\include -external:W0 /DWIN32 /D_WINDOWS /GR /EHsc /O2 /Ob2 /DNDEBUG -std:c++17 -MD /bigobj /MP /YuC:/Users/Brenda/code/EvoEngine/out/build/x64-Release/PythonBinding/CMakeFiles/PyEcoSysLab.dir/cmake_pch.hxx /FpC:/Users/Brenda/code/EvoEngine/out/build/x64-Release/PythonBinding/CMakeFiles/PyEcoSysLab.dir/./cmake_pch.cxx.pch /FIC:/Users/Brenda/code/EvoEngine/out/build/x64-Release/PythonBinding/CMakeFiles/PyEcoSysLab.dir/cmake_pch.hxx /showIncludes /FoPythonBinding\CMakeFiles\PyEcoSysLab.dir\src\PyEvoEngine.cpp.obj /FdPythonBinding\CMakeFiles\PyEcoSysLab.dir\ /FS -c C:\Users\Brenda\code\EvoEngine\PythonBinding\src\PyEvoEngine.cpp
[35/40] C:\PROGRA~1\MIB055~1\2022\COMMUN~1\VC\Tools\MSVC\1444~1.352\bin\Hostx64\x64\cl.exe  /nologo /TP -DBILLBOARD_CLOUDS_PLUGIN -DCUDA_MODULE_PLUGIN -DDATASET_GENERATION_PLUGIN -DDIGITAL_AGRICULTURE_PLUGIN -DECOSYSLAB_PLUGIN -DGPR_PLUGIN -DGPR_READING=1 -DGPR_WRITING=1 -DLOG_GRADING_PLUGIN -DLOG_SCANNING_PLUGIN -DMESH_REPAIR_PLUGIN -DNOMINMAX -DPyDigitalAgriculture_EXPORTS -DTEXTURE_BAKING_PLUGIN -DUNIVERSE_PLUGIN -DVK_NO_PROTOTYPES -DVK_USE_PLATFORM_WIN32_KHR -DXML_STATIC=1 -IC:\Users\Brenda\code\EvoEngine\Extern\3rdParty -IC:\Users\Brenda\code\EvoEngine\Extern\3rdParty\zlib\zlib -IC:\Users\Brenda\code\EvoEngine\out\build\x64-Release\Extern\3rdParty\zlib\zlib -IC:\Users\Brenda\code\EvoEngine\Extern\3rdParty\assimp -IC:\Users\Brenda\code\EvoEngine\Extern\3rdParty\assimp\assimp\include -IC:\Users\Brenda\code\EvoEngine\Extern\3rdParty\base64\base64\include -IC:\Users\Brenda\code\EvoEngine\Extern\3rdParty\csvpp\csvpp\include -IC:\Users\Brenda\code\EvoEngine\Extern\3rdParty\glfw\glfw\include -IC:\Users\Brenda\code\EvoEngine\Extern\3rdParty\glm\glm -IC:\Users\Brenda\code\EvoEngine\Extern\3rdParty\imgui\imgui -IC:\Users\Brenda\code\EvoEngine\Extern\3rdParty\imgui\imgui\backends -IC:\Users\Brenda\code\EvoEngine\Extern\3rdParty\imgui\ImGuizmo -IC:\Users\Brenda\code\EvoEngine\Extern\3rdParty\json\json\include -IC:\Users\Brenda\code\EvoEngine\Extern\3rdParty\glslang\glslang\SPIRV -IC:\Users\Brenda\code\EvoEngine\Extern\3rdParty\glslang\glslang\glslang\Public -IC:\Users\Brenda\code\EvoEngine\Extern\3rdParty\stb\stb -IC:\VulkanSDK\1.3.296.0\Include -IC:\Users\Brenda\code\EvoEngine\Extern\3rdParty\volk\volk -IC:\Users\Brenda\code\EvoEngine\Extern\3rdParty\VulkanMemoryAllocator\VulkanMemoryAllocator\include -IC:\Users\Brenda\code\EvoEngine\Extern\3rdParty\xatlas\xatlas\source\xatlas -IC:\Users\Brenda\code\EvoEngine\Extern\3rdParty\yaml-cpp\yaml-cpp\include -IC:\Users\Brenda\code\EvoEngine\Extern\3rdParty\gpr\gpr -IC:\Users\Brenda\code\EvoEngine\Extern\3rdParty\eigen\eigen\Eigen -IC:\Users\Brenda\code\EvoEngine\Extern\3rdParty\tetgen -IC:\Users\Brenda\code\EvoEngine\Extern\3rdParty\tetgen\tetgen -IC:\Users\Brenda\code\EvoEngine\Extern\3rdParty\NsightAftermath -IC:\Users\Brenda\code\EvoEngine\Extern\3rdParty\NsightAftermath\NsightAftermath\include -IC:\Users\Brenda\code\EvoEngine\EvoEngine_SDK\include -IC:\Users\Brenda\code\EvoEngine\EvoEngine_SDK\include\Core -IC:\Users\Brenda\code\EvoEngine\EvoEngine_SDK\include\Core\ECS -IC:\Users\Brenda\code\EvoEngine\EvoEngine_SDK\include\Core\Math -IC:\Users\Brenda\code\EvoEngine\EvoEngine_SDK\include\Layers -IC:\Users\Brenda\code\EvoEngine\EvoEngine_SDK\include\Assets -IC:\Users\Brenda\code\EvoEngine\EvoEngine_SDK\include\Physics -IC:\Users\Brenda\code\EvoEngine\EvoEngine_SDK\include\RayTracing -IC:\Users\Brenda\code\EvoEngine\EvoEngine_SDK\include\Rendering -IC:\Users\Brenda\code\EvoEngine\EvoEngine_SDK\include\Rendering\RenderInstances -IC:\Users\Brenda\code\EvoEngine\EvoEngine_SDK\include\Rendering\PBR -IC:\Users\Brenda\code\EvoEngine\EvoEngine_SDK\include\Rendering\Animation -IC:\Users\Brenda\code\EvoEngine\EvoEngine_SDK\include\Rendering\Renderer -IC:\Users\Brenda\code\EvoEngine\EvoEngine_SDK\include\Rendering\Geometry -IC:\Users\Brenda\code\EvoEngine\EvoEngine_SDK\include\Rendering\Texture -IC:\Users\Brenda\code\EvoEngine\EvoEngine_SDK\include\Rendering\Platform -IC:\Users\Brenda\code\EvoEngine\EvoEngine_SDK\include\Rendering\PostProcessing -IC:\Users\Brenda\code\EvoEngine\EvoEngine_SDK\include\Editor -IC:\Users\Brenda\code\EvoEngine\EvoEngine_SDK\include\Utilities -IC:\Users\Brenda\code\EvoEngine\EvoEngine_SDK\include\Utilities\NsightAftermath -IC:\Users\Brenda\code\EvoEngine\EvoEngine_SDK\include\Utilities\ProceduralNoise -IC:\Users\Brenda\code\EvoEngine\out\build\x64-Release\EvoEngine_SDK -IC:\Users\Brenda\code\EvoEngine\Extern\3rdParty\OptiX\Windows\include -I"C:\Program Files\NVIDIA GPU Computing Toolkit\CUDA\v12.6\include" -IC:\Users\Brenda\code\EvoEngine\EvoEngine_Plugins\CudaModule\include -IC:\Users\Brenda\code\EvoEngine\EvoEngine_Plugins\CudaModule\include\MLVQ -IC:\Users\Brenda\code\EvoEngine\EvoEngine_Plugins\CudaModule\include\RayTracer -IC:\Users\Brenda\code\EvoEngine\EvoEngine_Plugins\CudaModule\include\Utilities -IC:\Users\Brenda\code\EvoEngine\EvoEngine_Plugins\MeshRepair\include -IC:\Users\Brenda\code\EvoEngine\EvoEngine_Plugins\MeshRepair\include\VisibilityTest -IC:\Users\Brenda\code\EvoEngine\EvoEngine_Plugins\TextureBaking\include -IC:\Users\Brenda\code\EvoEngine\EvoEngine_Plugins\Gpr\include -IC:\Users\Brenda\code\EvoEngine\Extern\3rdParty\gpr\gpr\source\lib -IC:\Users\Brenda\code\EvoEngine\Extern\3rdParty\gpr\gpr\source\lib\common\public -IC:\Users\Brenda\code\EvoEngine\Extern\3rdParty\gpr\gpr\source\lib\vc5_common -IC:\Users\Brenda\code\EvoEngine\Extern\3rdParty\gpr\gpr\source\lib\vc5_decoder -IC:\Users\Brenda\code\EvoEngine\Extern\3rdParty\gpr\gpr\source\lib\vc5_encoder -IC:\Users\Brenda\code\EvoEngine\Extern\3rdParty\gpr\gpr\source\lib\dng_sdk -IC:\Users\Brenda\code\EvoEngine\Extern\3rdParty\gpr\gpr\source\lib\gpr_sdk\public -IC:\Users\Brenda\code\EvoEngine\EvoEngine_Plugins\BillboardClouds\include -IC:\Users\Brenda\code\EvoEngine\Extern\3rdParty\pinchot\pinchot\include -IC:\Users\Brenda\code\EvoEngine\EvoEngine_Plugins\EcoSysLab -IC:\Users\Brenda\code\EvoEngine\EvoEngine_Plugins\EcoSysLab\include -IC:\Users\Brenda\code\EvoEngine\EvoEngine_Plugins\EcoSysLab\include\MeshFormation -IC:\Users\Brenda\code\EvoEngine\EvoEngine_Plugins\EcoSysLab\include\Physics\DynamicSkeleton -IC:\Users\Brenda\code\EvoEngine\EvoEngine_Plugins\EcoSysLab\include\Physics\DynamicStrands -IC:\Users\Brenda\code\EvoEngine\EvoEngine_Plugins\EcoSysLab\include\TreeModel\Descriptors -IC:\Users\Brenda\code\EvoEngine\EvoEngine_Plugins\EcoSysLab\include\Utilities\SpatialCompetition -IC:\Users\Brenda\code\EvoEngine\EvoEngine_Plugins\EcoSysLab\include\Physics -IC:\Users\Brenda\code\EvoEngine\EvoEngine_Plugins\EcoSysLab\include\Utilities\TreeIO -IC:\Users\Brenda\code\EvoEngine\EvoEngine_Plugins\EcoSysLab\include\Volumes -IC:\Users\Brenda\code\EvoEngine\EvoEngine_Plugins\EcoSysLab\include\ClimateModel -IC:\Users\Brenda\code\EvoEngine\EvoEngine_Plugins\EcoSysLab\include\SoilModel -IC:\Users\Brenda\code\EvoEngine\EvoEngine_Plugins\EcoSysLab\include\TreeModel\StrandModel -IC:\Users\Brenda\code\EvoEngine\EvoEngine_Plugins\EcoSysLab\include\TreeModel\DynamicTreeStrandGraph -IC:\Users\Brenda\code\EvoEngine\EvoEngine_Plugins\EcoSysLab\include\TreeModel -IC:\Users\Brenda\code\EvoEngine\EvoEngine_Plugins\EcoSysLab\include\Utilities -IC:\Users\Brenda\code\EvoEngine\EvoEngine_Plugins\EcoSysLab\include\Structures -IC:\Users\Brenda\code\EvoEngine\EvoEngine_Plugins\EcoSysLab\include\Reconstruction -IC:\Users\Brenda\code\EvoEngine\EvoEngine_Plugins\DigitalAgriculture\include -IC:\Users\Brenda\code\EvoEngine\EvoEngine_Plugins\DigitalAgriculture\include\SorghumModel -IC:\Users\Brenda\code\EvoEngine\EvoEngine_Plugins\DatasetGeneration\include -IC:\Users\Brenda\code\EvoEngine\EvoEngine_Plugins\DatasetGeneration\include\SorghumModel -IC:\Users\Brenda\code\EvoEngine\EvoEngine_Plugins\LogGrading\include -IC:\Users\Brenda\code\EvoEngine\EvoEngine_Plugins\LogScanning\include -IC:\Users\Brenda\code\EvoEngine\EvoEngine_Plugins\Universe\include -IC:\Users\Brenda\code\EvoEngine\PythonBinding\include -IC:\Users\Brenda\code\EvoEngine\Extern\3rdParty\assimp\assimp\code\..\include -IC:\Users\Brenda\code\EvoEngine\out\build\x64-Release\Extern\3rdParty\assimp\assimp\code\..\include -IC:\Users\Brenda\code\EvoEngine\Extern\3rdParty\base64 -IC:\Users\Brenda\code\EvoEngine\Extern\3rdParty\csvpp -IC:\Users\Brenda\code\EvoEngine\Extern\3rdParty\glslang\glslang\glslang\.. -IC:\Users\Brenda\code\EvoEngine\out\build\x64-Release\include -IC:\Users\Brenda\code\EvoEngine\Extern\3rdParty\glslang\glslang\SPIRV\.. -IC:\Users\Brenda\code\EvoEngine\Extern\3rdParty\meshoptimizer\meshoptimizer\src -external:IC:\Users\Brenda\code\EvoEngine\Extern\3rdParty\pybind11\pybind11\include -external:IC:\Users\Brenda\AppData\Local\Programs\Python\Python39\include -external:W0 /DWIN32 /D_WINDOWS /GR /EHsc /O2 /Ob2 /DNDEBUG -std:c++17 -MD /bigobj /MP /YuC:/Users/Brenda/code/EvoEngine/out/build/x64-Release/PythonBinding/CMakeFiles/PyDigitalAgriculture.dir/cmake_pch.hxx /FpC:/Users/Brenda/code/EvoEngine/out/build/x64-Release/PythonBinding/CMakeFiles/PyDigitalAgriculture.dir/./cmake_pch.cxx.pch /FIC:/Users/Brenda/code/EvoEngine/out/build/x64-Release/PythonBinding/CMakeFiles/PyDigitalAgriculture.dir/cmake_pch.hxx /showIncludes /FoPythonBinding\CMakeFiles\PyDigitalAgriculture.dir\src\PyDigitalAgriculture.cpp.obj /FdPythonBinding\CMakeFiles\PyDigitalAgriculture.dir\ /FS -c C:\Users\Brenda\code\EvoEngine\PythonBinding\src\PyDigitalAgriculture.cpp
C:\Program Files\Microsoft Visual Studio\2022\Community\VC\Tools\MSVC\14.44.35207\include\xmemory(732): warning C4267: 'argument': conversion from 'size_t' to 'eco_sys_lab_plugin::SkeletonNodeHandle', possible loss of data
C:\Program Files\Microsoft Visual Studio\2022\Community\VC\Tools\MSVC\14.44.35207\include\xmemory(732): note: the template instantiation context (the oldest one first) is
C:\Users\Brenda\code\EvoEngine\EvoEngine_Plugins\EcoSysLab\include\TreeModel\StrandModel\StrandModel.hpp(58): note: see reference to class template instantiation 'eco_sys_lab_plugin::Skeleton<eco_sys_lab_plugin::StrandModelSkeletonData,eco_sys_lab_plugin::StrandModelFlowData,eco_sys_lab_plugin::StrandModelNodeData>' being compiled
C:\Users\Brenda\code\EvoEngine\EvoEngine_Plugins\EcoSysLab\include\Structures\Skeleton.hpp(922): note: while compiling class template member function 'eco_sys_lab_plugin::Skeleton<eco_sys_lab_plugin::StrandModelSkeletonData,eco_sys_lab_plugin::StrandModelFlowData,eco_sys_lab_plugin::StrandModelNodeData>::Skeleton(unsigned int)'
C:\Users\Brenda\code\EvoEngine\EvoEngine_Plugins\EcoSysLab\include\TreeModel\StrandModel\StrandModel.hpp(128): note: see the first reference to 'eco_sys_lab_plugin::Skeleton<eco_sys_lab_plugin::StrandModelSkeletonData,eco_sys_lab_plugin::StrandModelFlowData,eco_sys_lab_plugin::StrandModelNodeData>::Skeleton' in 'eco_sys_lab_plugin::StrandModel::StrandModel'
C:\Users\Brenda\code\EvoEngine\EvoEngine_Plugins\EcoSysLab\include\Structures\Skeleton.hpp(1138): note: while compiling class template member function 'eco_sys_lab_plugin::SkeletonNodeHandle eco_sys_lab_plugin::Skeleton<eco_sys_lab_plugin::StrandModelSkeletonData,eco_sys_lab_plugin::StrandModelFlowData,eco_sys_lab_plugin::StrandModelNodeData>::AllocateNode(void)'
C:\Users\Brenda\code\EvoEngine\EvoEngine_Plugins\EcoSysLab\include\Structures\Skeleton.hpp(1140): note: see reference to function template instantiation 'eco_sys_lab_plugin::SkeletonNode<NodeData> &std::vector<eco_sys_lab_plugin::SkeletonNode<NodeData>,std::allocator<eco_sys_lab_plugin::SkeletonNode<NodeData>>>::emplace_back<unsigned __int64>(unsigned __int64 &&)' being compiled
        with
        [
            NodeData=eco_sys_lab_plugin::StrandModelNodeData
        ]
C:\Program Files\Microsoft Visual Studio\2022\Community\VC\Tools\MSVC\14.44.35207\include\vector(924): note: see reference to function template instantiation '_Ty &std::vector<_Ty,std::allocator<_Ty>>::_Emplace_one_at_back<unsigned __int64>(unsigned __int64 &&)' being compiled
        with
        [
            _Ty=eco_sys_lab_plugin::SkeletonNode<eco_sys_lab_plugin::StrandModelNodeData>
        ]
C:\Program Files\Microsoft Visual Studio\2022\Community\VC\Tools\MSVC\14.44.35207\include\vector(845): note: see reference to function template instantiation '_Ty &std::vector<_Ty,std::allocator<_Ty>>::_Emplace_back_with_unused_capacity<unsigned __int64>(unsigned __int64 &&)' being compiled
        with
        [
            _Ty=eco_sys_lab_plugin::SkeletonNode<eco_sys_lab_plugin::StrandModelNodeData>
        ]
C:\Program Files\Microsoft Visual Studio\2022\Community\VC\Tools\MSVC\14.44.35207\include\vector(863): note: see reference to function template instantiation 'void std::_Default_allocator_traits<_Alloc>::construct<_Ty,unsigned __int64>(_Alloc &,_Objty *const ,unsigned __int64 &&)' being compiled
        with
        [
            _Alloc=std::allocator<eco_sys_lab_plugin::SkeletonNode<eco_sys_lab_plugin::StrandModelNodeData>>,
            _Ty=eco_sys_lab_plugin::SkeletonNode<eco_sys_lab_plugin::StrandModelNodeData>,
            _Objty=eco_sys_lab_plugin::SkeletonNode<eco_sys_lab_plugin::StrandModelNodeData>
        ]
C:\Program Files\Microsoft Visual Studio\2022\Community\VC\Tools\MSVC\14.44.35207\include\xmemory(732): warning C4267: 'argument': conversion from 'size_t' to 'eco_sys_lab_plugin::SkeletonFlowHandle', possible loss of data
C:\Program Files\Microsoft Visual Studio\2022\Community\VC\Tools\MSVC\14.44.35207\include\xmemory(732): note: the template instantiation context (the oldest one first) is
C:\Users\Brenda\code\EvoEngine\EvoEngine_Plugins\EcoSysLab\include\Structures\Skeleton.hpp(1130): note: while compiling class template member function 'eco_sys_lab_plugin::SkeletonFlowHandle eco_sys_lab_plugin::Skeleton<eco_sys_lab_plugin::StrandModelSkeletonData,eco_sys_lab_plugin::StrandModelFlowData,eco_sys_lab_plugin::StrandModelNodeData>::AllocateFlow(void)'
C:\Users\Brenda\code\EvoEngine\EvoEngine_Plugins\EcoSysLab\include\Structures\Skeleton.hpp(1132): note: see reference to function template instantiation 'eco_sys_lab_plugin::SkeletonFlow<FlowData> &std::vector<eco_sys_lab_plugin::SkeletonFlow<FlowData>,std::allocator<eco_sys_lab_plugin::SkeletonFlow<FlowData>>>::emplace_back<unsigned __int64>(unsigned __int64 &&)' being compiled
        with
        [
            FlowData=eco_sys_lab_plugin::StrandModelFlowData
        ]
C:\Program Files\Microsoft Visual Studio\2022\Community\VC\Tools\MSVC\14.44.35207\include\vector(924): note: see reference to function template instantiation '_Ty &std::vector<_Ty,std::allocator<_Ty>>::_Emplace_one_at_back<unsigned __int64>(unsigned __int64 &&)' being compiled
        with
        [
            _Ty=eco_sys_lab_plugin::SkeletonFlow<eco_sys_lab_plugin::StrandModelFlowData>
        ]
C:\Program Files\Microsoft Visual Studio\2022\Community\VC\Tools\MSVC\14.44.35207\include\vector(845): note: see reference to function template instantiation '_Ty &std::vector<_Ty,std::allocator<_Ty>>::_Emplace_back_with_unused_capacity<unsigned __int64>(unsigned __int64 &&)' being compiled
        with
        [
            _Ty=eco_sys_lab_plugin::SkeletonFlow<eco_sys_lab_plugin::StrandModelFlowData>
        ]
C:\Program Files\Microsoft Visual Studio\2022\Community\VC\Tools\MSVC\14.44.35207\include\vector(863): note: see reference to function template instantiation 'void std::_Default_allocator_traits<_Alloc>::construct<_Ty,unsigned __int64>(_Alloc &,_Objty *const ,unsigned __int64 &&)' being compiled
        with
        [
            _Alloc=std::allocator<eco_sys_lab_plugin::SkeletonFlow<eco_sys_lab_plugin::StrandModelFlowData>>,
            _Ty=eco_sys_lab_plugin::SkeletonFlow<eco_sys_lab_plugin::StrandModelFlowData>,
            _Objty=eco_sys_lab_plugin::SkeletonFlow<eco_sys_lab_plugin::StrandModelFlowData>
        ]
[36/40] C:\PROGRA~1\MIB055~1\2022\COMMUN~1\VC\Tools\MSVC\1444~1.352\bin\Hostx64\x64\cl.exe  /nologo /TP -DBILLBOARD_CLOUDS_PLUGIN -DCUDA_MODULE_PLUGIN -DDATASET_GENERATION_PLUGIN -DDIGITAL_AGRICULTURE_PLUGIN -DECOSYSLAB_PLUGIN -DGPR_PLUGIN -DGPR_READING=1 -DGPR_WRITING=1 -DLOG_GRADING_PLUGIN -DLOG_SCANNING_PLUGIN -DMESH_REPAIR_PLUGIN -DNOMINMAX -DPyEcoSysLab_EXPORTS -DTEXTURE_BAKING_PLUGIN -DUNIVERSE_PLUGIN -DVK_NO_PROTOTYPES -DVK_USE_PLATFORM_WIN32_KHR -DXML_STATIC=1 -IC:\Users\Brenda\code\EvoEngine\Extern\3rdParty -IC:\Users\Brenda\code\EvoEngine\Extern\3rdParty\zlib\zlib -IC:\Users\Brenda\code\EvoEngine\out\build\x64-Release\Extern\3rdParty\zlib\zlib -IC:\Users\Brenda\code\EvoEngine\Extern\3rdParty\assimp -IC:\Users\Brenda\code\EvoEngine\Extern\3rdParty\assimp\assimp\include -IC:\Users\Brenda\code\EvoEngine\Extern\3rdParty\base64\base64\include -IC:\Users\Brenda\code\EvoEngine\Extern\3rdParty\csvpp\csvpp\include -IC:\Users\Brenda\code\EvoEngine\Extern\3rdParty\glfw\glfw\include -IC:\Users\Brenda\code\EvoEngine\Extern\3rdParty\glm\glm -IC:\Users\Brenda\code\EvoEngine\Extern\3rdParty\imgui\imgui -IC:\Users\Brenda\code\EvoEngine\Extern\3rdParty\imgui\imgui\backends -IC:\Users\Brenda\code\EvoEngine\Extern\3rdParty\imgui\ImGuizmo -IC:\Users\Brenda\code\EvoEngine\Extern\3rdParty\json\json\include -IC:\Users\Brenda\code\EvoEngine\Extern\3rdParty\glslang\glslang\SPIRV -IC:\Users\Brenda\code\EvoEngine\Extern\3rdParty\glslang\glslang\glslang\Public -IC:\Users\Brenda\code\EvoEngine\Extern\3rdParty\stb\stb -IC:\VulkanSDK\1.3.296.0\Include -IC:\Users\Brenda\code\EvoEngine\Extern\3rdParty\volk\volk -IC:\Users\Brenda\code\EvoEngine\Extern\3rdParty\VulkanMemoryAllocator\VulkanMemoryAllocator\include -IC:\Users\Brenda\code\EvoEngine\Extern\3rdParty\xatlas\xatlas\source\xatlas -IC:\Users\Brenda\code\EvoEngine\Extern\3rdParty\yaml-cpp\yaml-cpp\include -IC:\Users\Brenda\code\EvoEngine\Extern\3rdParty\gpr\gpr -IC:\Users\Brenda\code\EvoEngine\Extern\3rdParty\eigen\eigen\Eigen -IC:\Users\Brenda\code\EvoEngine\Extern\3rdParty\tetgen -IC:\Users\Brenda\code\EvoEngine\Extern\3rdParty\tetgen\tetgen -IC:\Users\Brenda\code\EvoEngine\Extern\3rdParty\NsightAftermath -IC:\Users\Brenda\code\EvoEngine\Extern\3rdParty\NsightAftermath\NsightAftermath\include -IC:\Users\Brenda\code\EvoEngine\EvoEngine_SDK\include -IC:\Users\Brenda\code\EvoEngine\EvoEngine_SDK\include\Core -IC:\Users\Brenda\code\EvoEngine\EvoEngine_SDK\include\Core\ECS -IC:\Users\Brenda\code\EvoEngine\EvoEngine_SDK\include\Core\Math -IC:\Users\Brenda\code\EvoEngine\EvoEngine_SDK\include\Layers -IC:\Users\Brenda\code\EvoEngine\EvoEngine_SDK\include\Assets -IC:\Users\Brenda\code\EvoEngine\EvoEngine_SDK\include\Physics -IC:\Users\Brenda\code\EvoEngine\EvoEngine_SDK\include\RayTracing -IC:\Users\Brenda\code\EvoEngine\EvoEngine_SDK\include\Rendering -IC:\Users\Brenda\code\EvoEngine\EvoEngine_SDK\include\Rendering\RenderInstances -IC:\Users\Brenda\code\EvoEngine\EvoEngine_SDK\include\Rendering\PBR -IC:\Users\Brenda\code\EvoEngine\EvoEngine_SDK\include\Rendering\Animation -IC:\Users\Brenda\code\EvoEngine\EvoEngine_SDK\include\Rendering\Renderer -IC:\Users\Brenda\code\EvoEngine\EvoEngine_SDK\include\Rendering\Geometry -IC:\Users\Brenda\code\EvoEngine\EvoEngine_SDK\include\Rendering\Texture -IC:\Users\Brenda\code\EvoEngine\EvoEngine_SDK\include\Rendering\Platform -IC:\Users\Brenda\code\EvoEngine\EvoEngine_SDK\include\Rendering\PostProcessing -IC:\Users\Brenda\code\EvoEngine\EvoEngine_SDK\include\Editor -IC:\Users\Brenda\code\EvoEngine\EvoEngine_SDK\include\Utilities -IC:\Users\Brenda\code\EvoEngine\EvoEngine_SDK\include\Utilities\NsightAftermath -IC:\Users\Brenda\code\EvoEngine\EvoEngine_SDK\include\Utilities\ProceduralNoise -IC:\Users\Brenda\code\EvoEngine\out\build\x64-Release\EvoEngine_SDK -IC:\Users\Brenda\code\EvoEngine\Extern\3rdParty\OptiX\Windows\include -I"C:\Program Files\NVIDIA GPU Computing Toolkit\CUDA\v12.6\include" -IC:\Users\Brenda\code\EvoEngine\EvoEngine_Plugins\CudaModule\include -IC:\Users\Brenda\code\EvoEngine\EvoEngine_Plugins\CudaModule\include\MLVQ -IC:\Users\Brenda\code\EvoEngine\EvoEngine_Plugins\CudaModule\include\RayTracer -IC:\Users\Brenda\code\EvoEngine\EvoEngine_Plugins\CudaModule\include\Utilities -IC:\Users\Brenda\code\EvoEngine\EvoEngine_Plugins\MeshRepair\include -IC:\Users\Brenda\code\EvoEngine\EvoEngine_Plugins\MeshRepair\include\VisibilityTest -IC:\Users\Brenda\code\EvoEngine\EvoEngine_Plugins\TextureBaking\include -IC:\Users\Brenda\code\EvoEngine\EvoEngine_Plugins\Gpr\include -IC:\Users\Brenda\code\EvoEngine\Extern\3rdParty\gpr\gpr\source\lib -IC:\Users\Brenda\code\EvoEngine\Extern\3rdParty\gpr\gpr\source\lib\common\public -IC:\Users\Brenda\code\EvoEngine\Extern\3rdParty\gpr\gpr\source\lib\vc5_common -IC:\Users\Brenda\code\EvoEngine\Extern\3rdParty\gpr\gpr\source\lib\vc5_decoder -IC:\Users\Brenda\code\EvoEngine\Extern\3rdParty\gpr\gpr\source\lib\vc5_encoder -IC:\Users\Brenda\code\EvoEngine\Extern\3rdParty\gpr\gpr\source\lib\dng_sdk -IC:\Users\Brenda\code\EvoEngine\Extern\3rdParty\gpr\gpr\source\lib\gpr_sdk\public -IC:\Users\Brenda\code\EvoEngine\EvoEngine_Plugins\BillboardClouds\include -IC:\Users\Brenda\code\EvoEngine\Extern\3rdParty\pinchot\pinchot\include -IC:\Users\Brenda\code\EvoEngine\EvoEngine_Plugins\EcoSysLab -IC:\Users\Brenda\code\EvoEngine\EvoEngine_Plugins\EcoSysLab\include -IC:\Users\Brenda\code\EvoEngine\EvoEngine_Plugins\EcoSysLab\include\MeshFormation -IC:\Users\Brenda\code\EvoEngine\EvoEngine_Plugins\EcoSysLab\include\Physics\DynamicSkeleton -IC:\Users\Brenda\code\EvoEngine\EvoEngine_Plugins\EcoSysLab\include\Physics\DynamicStrands -IC:\Users\Brenda\code\EvoEngine\EvoEngine_Plugins\EcoSysLab\include\TreeModel\Descriptors -IC:\Users\Brenda\code\EvoEngine\EvoEngine_Plugins\EcoSysLab\include\Utilities\SpatialCompetition -IC:\Users\Brenda\code\EvoEngine\EvoEngine_Plugins\EcoSysLab\include\Physics -IC:\Users\Brenda\code\EvoEngine\EvoEngine_Plugins\EcoSysLab\include\Utilities\TreeIO -IC:\Users\Brenda\code\EvoEngine\EvoEngine_Plugins\EcoSysLab\include\Volumes -IC:\Users\Brenda\code\EvoEngine\EvoEngine_Plugins\EcoSysLab\include\ClimateModel -IC:\Users\Brenda\code\EvoEngine\EvoEngine_Plugins\EcoSysLab\include\SoilModel -IC:\Users\Brenda\code\EvoEngine\EvoEngine_Plugins\EcoSysLab\include\TreeModel\StrandModel -IC:\Users\Brenda\code\EvoEngine\EvoEngine_Plugins\EcoSysLab\include\TreeModel\DynamicTreeStrandGraph -IC:\Users\Brenda\code\EvoEngine\EvoEngine_Plugins\EcoSysLab\include\TreeModel -IC:\Users\Brenda\code\EvoEngine\EvoEngine_Plugins\EcoSysLab\include\Utilities -IC:\Users\Brenda\code\EvoEngine\EvoEngine_Plugins\EcoSysLab\include\Structures -IC:\Users\Brenda\code\EvoEngine\EvoEngine_Plugins\EcoSysLab\include\Reconstruction -IC:\Users\Brenda\code\EvoEngine\EvoEngine_Plugins\DigitalAgriculture\include -IC:\Users\Brenda\code\EvoEngine\EvoEngine_Plugins\DigitalAgriculture\include\SorghumModel -IC:\Users\Brenda\code\EvoEngine\EvoEngine_Plugins\DatasetGeneration\include -IC:\Users\Brenda\code\EvoEngine\EvoEngine_Plugins\DatasetGeneration\include\SorghumModel -IC:\Users\Brenda\code\EvoEngine\EvoEngine_Plugins\LogGrading\include -IC:\Users\Brenda\code\EvoEngine\EvoEngine_Plugins\LogScanning\include -IC:\Users\Brenda\code\EvoEngine\EvoEngine_Plugins\Universe\include -IC:\Users\Brenda\code\EvoEngine\PythonBinding\include -IC:\Users\Brenda\code\EvoEngine\Extern\3rdParty\assimp\assimp\code\..\include -IC:\Users\Brenda\code\EvoEngine\out\build\x64-Release\Extern\3rdParty\assimp\assimp\code\..\include -IC:\Users\Brenda\code\EvoEngine\Extern\3rdParty\base64 -IC:\Users\Brenda\code\EvoEngine\Extern\3rdParty\csvpp -IC:\Users\Brenda\code\EvoEngine\Extern\3rdParty\glslang\glslang\glslang\.. -IC:\Users\Brenda\code\EvoEngine\out\build\x64-Release\include -IC:\Users\Brenda\code\EvoEngine\Extern\3rdParty\glslang\glslang\SPIRV\.. -IC:\Users\Brenda\code\EvoEngine\Extern\3rdParty\meshoptimizer\meshoptimizer\src -external:IC:\Users\Brenda\code\EvoEngine\Extern\3rdParty\pybind11\pybind11\include -external:IC:\Users\Brenda\AppData\Local\Programs\Python\Python39\include -external:W0 /DWIN32 /D_WINDOWS /GR /EHsc /O2 /Ob2 /DNDEBUG -std:c++17 -MD /bigobj /MP /YuC:/Users/Brenda/code/EvoEngine/out/build/x64-Release/PythonBinding/CMakeFiles/PyEcoSysLab.dir/cmake_pch.hxx /FpC:/Users/Brenda/code/EvoEngine/out/build/x64-Release/PythonBinding/CMakeFiles/PyEcoSysLab.dir/./cmake_pch.cxx.pch /FIC:/Users/Brenda/code/EvoEngine/out/build/x64-Release/PythonBinding/CMakeFiles/PyEcoSysLab.dir/cmake_pch.hxx /showIncludes /FoPythonBinding\CMakeFiles\PyEcoSysLab.dir\src\PyEcoSysLab.cpp.obj /FdPythonBinding\CMakeFiles\PyEcoSysLab.dir\ /FS -c C:\Users\Brenda\code\EvoEngine\PythonBinding\src\PyEcoSysLab.cpp
C:\Program Files\Microsoft Visual Studio\2022\Community\VC\Tools\MSVC\14.44.35207\include\xmemory(732): warning C4267: 'argument': conversion from 'size_t' to 'eco_sys_lab_plugin::SkeletonNodeHandle', possible loss of data
C:\Program Files\Microsoft Visual Studio\2022\Community\VC\Tools\MSVC\14.44.35207\include\xmemory(732): note: the template instantiation context (the oldest one first) is
C:\Users\Brenda\code\EvoEngine\EvoEngine_Plugins\EcoSysLab\include\TreeModel\StrandModel\StrandModel.hpp(58): note: see reference to class template instantiation 'eco_sys_lab_plugin::Skeleton<eco_sys_lab_plugin::StrandModelSkeletonData,eco_sys_lab_plugin::StrandModelFlowData,eco_sys_lab_plugin::StrandModelNodeData>' being compiled
C:\Users\Brenda\code\EvoEngine\EvoEngine_Plugins\EcoSysLab\include\Structures\Skeleton.hpp(922): note: while compiling class template member function 'eco_sys_lab_plugin::Skeleton<eco_sys_lab_plugin::StrandModelSkeletonData,eco_sys_lab_plugin::StrandModelFlowData,eco_sys_lab_plugin::StrandModelNodeData>::Skeleton(unsigned int)'
C:\Users\Brenda\code\EvoEngine\EvoEngine_Plugins\EcoSysLab\include\TreeModel\StrandModel\StrandModel.hpp(128): note: see the first reference to 'eco_sys_lab_plugin::Skeleton<eco_sys_lab_plugin::StrandModelSkeletonData,eco_sys_lab_plugin::StrandModelFlowData,eco_sys_lab_plugin::StrandModelNodeData>::Skeleton' in 'eco_sys_lab_plugin::StrandModel::StrandModel'
C:\Users\Brenda\code\EvoEngine\EvoEngine_Plugins\EcoSysLab\include\Structures\Skeleton.hpp(1138): note: while compiling class template member function 'eco_sys_lab_plugin::SkeletonNodeHandle eco_sys_lab_plugin::Skeleton<eco_sys_lab_plugin::StrandModelSkeletonData,eco_sys_lab_plugin::StrandModelFlowData,eco_sys_lab_plugin::StrandModelNodeData>::AllocateNode(void)'
C:\Users\Brenda\code\EvoEngine\EvoEngine_Plugins\EcoSysLab\include\Structures\Skeleton.hpp(1140): note: see reference to function template instantiation 'eco_sys_lab_plugin::SkeletonNode<NodeData> &std::vector<eco_sys_lab_plugin::SkeletonNode<NodeData>,std::allocator<eco_sys_lab_plugin::SkeletonNode<NodeData>>>::emplace_back<unsigned __int64>(unsigned __int64 &&)' being compiled
        with
        [
            NodeData=eco_sys_lab_plugin::StrandModelNodeData
        ]
C:\Program Files\Microsoft Visual Studio\2022\Community\VC\Tools\MSVC\14.44.35207\include\vector(924): note: see reference to function template instantiation '_Ty &std::vector<_Ty,std::allocator<_Ty>>::_Emplace_one_at_back<unsigned __int64>(unsigned __int64 &&)' being compiled
        with
        [
            _Ty=eco_sys_lab_plugin::SkeletonNode<eco_sys_lab_plugin::StrandModelNodeData>
        ]
C:\Program Files\Microsoft Visual Studio\2022\Community\VC\Tools\MSVC\14.44.35207\include\vector(845): note: see reference to function template instantiation '_Ty &std::vector<_Ty,std::allocator<_Ty>>::_Emplace_back_with_unused_capacity<unsigned __int64>(unsigned __int64 &&)' being compiled
        with
        [
            _Ty=eco_sys_lab_plugin::SkeletonNode<eco_sys_lab_plugin::StrandModelNodeData>
        ]
C:\Program Files\Microsoft Visual Studio\2022\Community\VC\Tools\MSVC\14.44.35207\include\vector(863): note: see reference to function template instantiation 'void std::_Default_allocator_traits<_Alloc>::construct<_Ty,unsigned __int64>(_Alloc &,_Objty *const ,unsigned __int64 &&)' being compiled
        with
        [
            _Alloc=std::allocator<eco_sys_lab_plugin::SkeletonNode<eco_sys_lab_plugin::StrandModelNodeData>>,
            _Ty=eco_sys_lab_plugin::SkeletonNode<eco_sys_lab_plugin::StrandModelNodeData>,
            _Objty=eco_sys_lab_plugin::SkeletonNode<eco_sys_lab_plugin::StrandModelNodeData>
        ]
C:\Program Files\Microsoft Visual Studio\2022\Community\VC\Tools\MSVC\14.44.35207\include\xmemory(732): warning C4267: 'argument': conversion from 'size_t' to 'eco_sys_lab_plugin::SkeletonFlowHandle', possible loss of data
C:\Program Files\Microsoft Visual Studio\2022\Community\VC\Tools\MSVC\14.44.35207\include\xmemory(732): note: the template instantiation context (the oldest one first) is
C:\Users\Brenda\code\EvoEngine\EvoEngine_Plugins\EcoSysLab\include\Structures\Skeleton.hpp(1130): note: while compiling class template member function 'eco_sys_lab_plugin::SkeletonFlowHandle eco_sys_lab_plugin::Skeleton<eco_sys_lab_plugin::StrandModelSkeletonData,eco_sys_lab_plugin::StrandModelFlowData,eco_sys_lab_plugin::StrandModelNodeData>::AllocateFlow(void)'
C:\Users\Brenda\code\EvoEngine\EvoEngine_Plugins\EcoSysLab\include\Structures\Skeleton.hpp(1132): note: see reference to function template instantiation 'eco_sys_lab_plugin::SkeletonFlow<FlowData> &std::vector<eco_sys_lab_plugin::SkeletonFlow<FlowData>,std::allocator<eco_sys_lab_plugin::SkeletonFlow<FlowData>>>::emplace_back<unsigned __int64>(unsigned __int64 &&)' being compiled
        with
        [
            FlowData=eco_sys_lab_plugin::StrandModelFlowData
        ]
C:\Program Files\Microsoft Visual Studio\2022\Community\VC\Tools\MSVC\14.44.35207\include\vector(924): note: see reference to function template instantiation '_Ty &std::vector<_Ty,std::allocator<_Ty>>::_Emplace_one_at_back<unsigned __int64>(unsigned __int64 &&)' being compiled
        with
        [
            _Ty=eco_sys_lab_plugin::SkeletonFlow<eco_sys_lab_plugin::StrandModelFlowData>
        ]
C:\Program Files\Microsoft Visual Studio\2022\Community\VC\Tools\MSVC\14.44.35207\include\vector(845): note: see reference to function template instantiation '_Ty &std::vector<_Ty,std::allocator<_Ty>>::_Emplace_back_with_unused_capacity<unsigned __int64>(unsigned __int64 &&)' being compiled
        with
        [
            _Ty=eco_sys_lab_plugin::SkeletonFlow<eco_sys_lab_plugin::StrandModelFlowData>
        ]
C:\Program Files\Microsoft Visual Studio\2022\Community\VC\Tools\MSVC\14.44.35207\include\vector(863): note: see reference to function template instantiation 'void std::_Default_allocator_traits<_Alloc>::construct<_Ty,unsigned __int64>(_Alloc &,_Objty *const ,unsigned __int64 &&)' being compiled
        with
        [
            _Alloc=std::allocator<eco_sys_lab_plugin::SkeletonFlow<eco_sys_lab_plugin::StrandModelFlowData>>,
            _Ty=eco_sys_lab_plugin::SkeletonFlow<eco_sys_lab_plugin::StrandModelFlowData>,
            _Objty=eco_sys_lab_plugin::SkeletonFlow<eco_sys_lab_plugin::StrandModelFlowData>
        ]
[37/40] C:\PROGRA~1\MIB055~1\2022\COMMUN~1\VC\Tools\MSVC\1444~1.352\bin\Hostx64\x64\cl.exe  /nologo /TP -DBILLBOARD_CLOUDS_PLUGIN -DCUDA_MODULE_PLUGIN -DDATASET_GENERATION_PLUGIN -DDIGITAL_AGRICULTURE_PLUGIN -DECOSYSLAB_PLUGIN -DGPR_PLUGIN -DGPR_READING=1 -DGPR_WRITING=1 -DLOG_GRADING_PLUGIN -DLOG_SCANNING_PLUGIN -DMESH_REPAIR_PLUGIN -DNOMINMAX -DPyEcoSysLab_EXPORTS -DTEXTURE_BAKING_PLUGIN -DUNIVERSE_PLUGIN -DVK_NO_PROTOTYPES -DVK_USE_PLATFORM_WIN32_KHR -DXML_STATIC=1 -IC:\Users\Brenda\code\EvoEngine\Extern\3rdParty -IC:\Users\Brenda\code\EvoEngine\Extern\3rdParty\zlib\zlib -IC:\Users\Brenda\code\EvoEngine\out\build\x64-Release\Extern\3rdParty\zlib\zlib -IC:\Users\Brenda\code\EvoEngine\Extern\3rdParty\assimp -IC:\Users\Brenda\code\EvoEngine\Extern\3rdParty\assimp\assimp\include -IC:\Users\Brenda\code\EvoEngine\Extern\3rdParty\base64\base64\include -IC:\Users\Brenda\code\EvoEngine\Extern\3rdParty\csvpp\csvpp\include -IC:\Users\Brenda\code\EvoEngine\Extern\3rdParty\glfw\glfw\include -IC:\Users\Brenda\code\EvoEngine\Extern\3rdParty\glm\glm -IC:\Users\Brenda\code\EvoEngine\Extern\3rdParty\imgui\imgui -IC:\Users\Brenda\code\EvoEngine\Extern\3rdParty\imgui\imgui\backends -IC:\Users\Brenda\code\EvoEngine\Extern\3rdParty\imgui\ImGuizmo -IC:\Users\Brenda\code\EvoEngine\Extern\3rdParty\json\json\include -IC:\Users\Brenda\code\EvoEngine\Extern\3rdParty\glslang\glslang\SPIRV -IC:\Users\Brenda\code\EvoEngine\Extern\3rdParty\glslang\glslang\glslang\Public -IC:\Users\Brenda\code\EvoEngine\Extern\3rdParty\stb\stb -IC:\VulkanSDK\1.3.296.0\Include -IC:\Users\Brenda\code\EvoEngine\Extern\3rdParty\volk\volk -IC:\Users\Brenda\code\EvoEngine\Extern\3rdParty\VulkanMemoryAllocator\VulkanMemoryAllocator\include -IC:\Users\Brenda\code\EvoEngine\Extern\3rdParty\xatlas\xatlas\source\xatlas -IC:\Users\Brenda\code\EvoEngine\Extern\3rdParty\yaml-cpp\yaml-cpp\include -IC:\Users\Brenda\code\EvoEngine\Extern\3rdParty\gpr\gpr -IC:\Users\Brenda\code\EvoEngine\Extern\3rdParty\eigen\eigen\Eigen -IC:\Users\Brenda\code\EvoEngine\Extern\3rdParty\tetgen -IC:\Users\Brenda\code\EvoEngine\Extern\3rdParty\tetgen\tetgen -IC:\Users\Brenda\code\EvoEngine\Extern\3rdParty\NsightAftermath -IC:\Users\Brenda\code\EvoEngine\Extern\3rdParty\NsightAftermath\NsightAftermath\include -IC:\Users\Brenda\code\EvoEngine\EvoEngine_SDK\include -IC:\Users\Brenda\code\EvoEngine\EvoEngine_SDK\include\Core -IC:\Users\Brenda\code\EvoEngine\EvoEngine_SDK\include\Core\ECS -IC:\Users\Brenda\code\EvoEngine\EvoEngine_SDK\include\Core\Math -IC:\Users\Brenda\code\EvoEngine\EvoEngine_SDK\include\Layers -IC:\Users\Brenda\code\EvoEngine\EvoEngine_SDK\include\Assets -IC:\Users\Brenda\code\EvoEngine\EvoEngine_SDK\include\Physics -IC:\Users\Brenda\code\EvoEngine\EvoEngine_SDK\include\RayTracing -IC:\Users\Brenda\code\EvoEngine\EvoEngine_SDK\include\Rendering -IC:\Users\Brenda\code\EvoEngine\EvoEngine_SDK\include\Rendering\RenderInstances -IC:\Users\Brenda\code\EvoEngine\EvoEngine_SDK\include\Rendering\PBR -IC:\Users\Brenda\code\EvoEngine\EvoEngine_SDK\include\Rendering\Animation -IC:\Users\Brenda\code\EvoEngine\EvoEngine_SDK\include\Rendering\Renderer -IC:\Users\Brenda\code\EvoEngine\EvoEngine_SDK\include\Rendering\Geometry -IC:\Users\Brenda\code\EvoEngine\EvoEngine_SDK\include\Rendering\Texture -IC:\Users\Brenda\code\EvoEngine\EvoEngine_SDK\include\Rendering\Platform -IC:\Users\Brenda\code\EvoEngine\EvoEngine_SDK\include\Rendering\PostProcessing -IC:\Users\Brenda\code\EvoEngine\EvoEngine_SDK\include\Editor -IC:\Users\Brenda\code\EvoEngine\EvoEngine_SDK\include\Utilities -IC:\Users\Brenda\code\EvoEngine\EvoEngine_SDK\include\Utilities\NsightAftermath -IC:\Users\Brenda\code\EvoEngine\EvoEngine_SDK\include\Utilities\ProceduralNoise -IC:\Users\Brenda\code\EvoEngine\out\build\x64-Release\EvoEngine_SDK -IC:\Users\Brenda\code\EvoEngine\Extern\3rdParty\OptiX\Windows\include -I"C:\Program Files\NVIDIA GPU Computing Toolkit\CUDA\v12.6\include" -IC:\Users\Brenda\code\EvoEngine\EvoEngine_Plugins\CudaModule\include -IC:\Users\Brenda\code\EvoEngine\EvoEngine_Plugins\CudaModule\include\MLVQ -IC:\Users\Brenda\code\EvoEngine\EvoEngine_Plugins\CudaModule\include\RayTracer -IC:\Users\Brenda\code\EvoEngine\EvoEngine_Plugins\CudaModule\include\Utilities -IC:\Users\Brenda\code\EvoEngine\EvoEngine_Plugins\MeshRepair\include -IC:\Users\Brenda\code\EvoEngine\EvoEngine_Plugins\MeshRepair\include\VisibilityTest -IC:\Users\Brenda\code\EvoEngine\EvoEngine_Plugins\TextureBaking\include -IC:\Users\Brenda\code\EvoEngine\EvoEngine_Plugins\Gpr\include -IC:\Users\Brenda\code\EvoEngine\Extern\3rdParty\gpr\gpr\source\lib -IC:\Users\Brenda\code\EvoEngine\Extern\3rdParty\gpr\gpr\source\lib\common\public -IC:\Users\Brenda\code\EvoEngine\Extern\3rdParty\gpr\gpr\source\lib\vc5_common -IC:\Users\Brenda\code\EvoEngine\Extern\3rdParty\gpr\gpr\source\lib\vc5_decoder -IC:\Users\Brenda\code\EvoEngine\Extern\3rdParty\gpr\gpr\source\lib\vc5_encoder -IC:\Users\Brenda\code\EvoEngine\Extern\3rdParty\gpr\gpr\source\lib\dng_sdk -IC:\Users\Brenda\code\EvoEngine\Extern\3rdParty\gpr\gpr\source\lib\gpr_sdk\public -IC:\Users\Brenda\code\EvoEngine\EvoEngine_Plugins\BillboardClouds\include -IC:\Users\Brenda\code\EvoEngine\Extern\3rdParty\pinchot\pinchot\include -IC:\Users\Brenda\code\EvoEngine\EvoEngine_Plugins\EcoSysLab -IC:\Users\Brenda\code\EvoEngine\EvoEngine_Plugins\EcoSysLab\include -IC:\Users\Brenda\code\EvoEngine\EvoEngine_Plugins\EcoSysLab\include\MeshFormation -IC:\Users\Brenda\code\EvoEngine\EvoEngine_Plugins\EcoSysLab\include\Physics\DynamicSkeleton -IC:\Users\Brenda\code\EvoEngine\EvoEngine_Plugins\EcoSysLab\include\Physics\DynamicStrands -IC:\Users\Brenda\code\EvoEngine\EvoEngine_Plugins\EcoSysLab\include\TreeModel\Descriptors -IC:\Users\Brenda\code\EvoEngine\EvoEngine_Plugins\EcoSysLab\include\Utilities\SpatialCompetition -IC:\Users\Brenda\code\EvoEngine\EvoEngine_Plugins\EcoSysLab\include\Physics -IC:\Users\Brenda\code\EvoEngine\EvoEngine_Plugins\EcoSysLab\include\Utilities\TreeIO -IC:\Users\Brenda\code\EvoEngine\EvoEngine_Plugins\EcoSysLab\include\Volumes -IC:\Users\Brenda\code\EvoEngine\EvoEngine_Plugins\EcoSysLab\include\ClimateModel -IC:\Users\Brenda\code\EvoEngine\EvoEngine_Plugins\EcoSysLab\include\SoilModel -IC:\Users\Brenda\code\EvoEngine\EvoEngine_Plugins\EcoSysLab\include\TreeModel\StrandModel -IC:\Users\Brenda\code\EvoEngine\EvoEngine_Plugins\EcoSysLab\include\TreeModel\DynamicTreeStrandGraph -IC:\Users\Brenda\code\EvoEngine\EvoEngine_Plugins\EcoSysLab\include\TreeModel -IC:\Users\Brenda\code\EvoEngine\EvoEngine_Plugins\EcoSysLab\include\Utilities -IC:\Users\Brenda\code\EvoEngine\EvoEngine_Plugins\EcoSysLab\include\Structures -IC:\Users\Brenda\code\EvoEngine\EvoEngine_Plugins\EcoSysLab\include\Reconstruction -IC:\Users\Brenda\code\EvoEngine\EvoEngine_Plugins\DigitalAgriculture\include -IC:\Users\Brenda\code\EvoEngine\EvoEngine_Plugins\DigitalAgriculture\include\SorghumModel -IC:\Users\Brenda\code\EvoEngine\EvoEngine_Plugins\DatasetGeneration\include -IC:\Users\Brenda\code\EvoEngine\EvoEngine_Plugins\DatasetGeneration\include\SorghumModel -IC:\Users\Brenda\code\EvoEngine\EvoEngine_Plugins\LogGrading\include -IC:\Users\Brenda\code\EvoEngine\EvoEngine_Plugins\LogScanning\include -IC:\Users\Brenda\code\EvoEngine\EvoEngine_Plugins\Universe\include -IC:\Users\Brenda\code\EvoEngine\PythonBinding\include -IC:\Users\Brenda\code\EvoEngine\Extern\3rdParty\assimp\assimp\code\..\include -IC:\Users\Brenda\code\EvoEngine\out\build\x64-Release\Extern\3rdParty\assimp\assimp\code\..\include -IC:\Users\Brenda\code\EvoEngine\Extern\3rdParty\base64 -IC:\Users\Brenda\code\EvoEngine\Extern\3rdParty\csvpp -IC:\Users\Brenda\code\EvoEngine\Extern\3rdParty\glslang\glslang\glslang\.. -IC:\Users\Brenda\code\EvoEngine\out\build\x64-Release\include -IC:\Users\Brenda\code\EvoEngine\Extern\3rdParty\glslang\glslang\SPIRV\.. -IC:\Users\Brenda\code\EvoEngine\Extern\3rdParty\meshoptimizer\meshoptimizer\src -external:IC:\Users\Brenda\code\EvoEngine\Extern\3rdParty\pybind11\pybind11\include -external:IC:\Users\Brenda\AppData\Local\Programs\Python\Python39\include -external:W0 /DWIN32 /D_WINDOWS /GR /EHsc /O2 /Ob2 /DNDEBUG -std:c++17 -MD /bigobj /MP /YuC:/Users/Brenda/code/EvoEngine/out/build/x64-Release/PythonBinding/CMakeFiles/PyEcoSysLab.dir/cmake_pch.hxx /FpC:/Users/Brenda/code/EvoEngine/out/build/x64-Release/PythonBinding/CMakeFiles/PyEcoSysLab.dir/./cmake_pch.cxx.pch /FIC:/Users/Brenda/code/EvoEngine/out/build/x64-Release/PythonBinding/CMakeFiles/PyEcoSysLab.dir/cmake_pch.hxx /showIncludes /FoPythonBinding\CMakeFiles\PyEcoSysLab.dir\src\PyEcoSysLabModule.cpp.obj /FdPythonBinding\CMakeFiles\PyEcoSysLab.dir\ /FS -c C:\Users\Brenda\code\EvoEngine\PythonBinding\src\PyEcoSysLabModule.cpp
C:\Program Files\Microsoft Visual Studio\2022\Community\VC\Tools\MSVC\14.44.35207\include\xmemory(732): warning C4267: 'argument': conversion from 'size_t' to 'eco_sys_lab_plugin::SkeletonNodeHandle', possible loss of data
C:\Program Files\Microsoft Visual Studio\2022\Community\VC\Tools\MSVC\14.44.35207\include\xmemory(732): note: the template instantiation context (the oldest one first) is
C:\Users\Brenda\code\EvoEngine\EvoEngine_Plugins\EcoSysLab\include\TreeModel\StrandModel\StrandModel.hpp(58): note: see reference to class template instantiation 'eco_sys_lab_plugin::Skeleton<eco_sys_lab_plugin::StrandModelSkeletonData,eco_sys_lab_plugin::StrandModelFlowData,eco_sys_lab_plugin::StrandModelNodeData>' being compiled
C:\Users\Brenda\code\EvoEngine\EvoEngine_Plugins\EcoSysLab\include\Structures\Skeleton.hpp(922): note: while compiling class template member function 'eco_sys_lab_plugin::Skeleton<eco_sys_lab_plugin::StrandModelSkeletonData,eco_sys_lab_plugin::StrandModelFlowData,eco_sys_lab_plugin::StrandModelNodeData>::Skeleton(unsigned int)'
C:\Users\Brenda\code\EvoEngine\EvoEngine_Plugins\EcoSysLab\include\TreeModel\StrandModel\StrandModel.hpp(128): note: see the first reference to 'eco_sys_lab_plugin::Skeleton<eco_sys_lab_plugin::StrandModelSkeletonData,eco_sys_lab_plugin::StrandModelFlowData,eco_sys_lab_plugin::StrandModelNodeData>::Skeleton' in 'eco_sys_lab_plugin::StrandModel::StrandModel'
C:\Users\Brenda\code\EvoEngine\EvoEngine_Plugins\EcoSysLab\include\Structures\Skeleton.hpp(1138): note: while compiling class template member function 'eco_sys_lab_plugin::SkeletonNodeHandle eco_sys_lab_plugin::Skeleton<eco_sys_lab_plugin::StrandModelSkeletonData,eco_sys_lab_plugin::StrandModelFlowData,eco_sys_lab_plugin::StrandModelNodeData>::AllocateNode(void)'
C:\Users\Brenda\code\EvoEngine\EvoEngine_Plugins\EcoSysLab\include\Structures\Skeleton.hpp(1140): note: see reference to function template instantiation 'eco_sys_lab_plugin::SkeletonNode<NodeData> &std::vector<eco_sys_lab_plugin::SkeletonNode<NodeData>,std::allocator<eco_sys_lab_plugin::SkeletonNode<NodeData>>>::emplace_back<unsigned __int64>(unsigned __int64 &&)' being compiled
        with
        [
            NodeData=eco_sys_lab_plugin::StrandModelNodeData
        ]
C:\Program Files\Microsoft Visual Studio\2022\Community\VC\Tools\MSVC\14.44.35207\include\vector(924): note: see reference to function template instantiation '_Ty &std::vector<_Ty,std::allocator<_Ty>>::_Emplace_one_at_back<unsigned __int64>(unsigned __int64 &&)' being compiled
        with
        [
            _Ty=eco_sys_lab_plugin::SkeletonNode<eco_sys_lab_plugin::StrandModelNodeData>
        ]
C:\Program Files\Microsoft Visual Studio\2022\Community\VC\Tools\MSVC\14.44.35207\include\vector(845): note: see reference to function template instantiation '_Ty &std::vector<_Ty,std::allocator<_Ty>>::_Emplace_back_with_unused_capacity<unsigned __int64>(unsigned __int64 &&)' being compiled
        with
        [
            _Ty=eco_sys_lab_plugin::SkeletonNode<eco_sys_lab_plugin::StrandModelNodeData>
        ]
C:\Program Files\Microsoft Visual Studio\2022\Community\VC\Tools\MSVC\14.44.35207\include\vector(863): note: see reference to function template instantiation 'void std::_Default_allocator_traits<_Alloc>::construct<_Ty,unsigned __int64>(_Alloc &,_Objty *const ,unsigned __int64 &&)' being compiled
        with
        [
            _Alloc=std::allocator<eco_sys_lab_plugin::SkeletonNode<eco_sys_lab_plugin::StrandModelNodeData>>,
            _Ty=eco_sys_lab_plugin::SkeletonNode<eco_sys_lab_plugin::StrandModelNodeData>,
            _Objty=eco_sys_lab_plugin::SkeletonNode<eco_sys_lab_plugin::StrandModelNodeData>
        ]
C:\Program Files\Microsoft Visual Studio\2022\Community\VC\Tools\MSVC\14.44.35207\include\xmemory(732): warning C4267: 'argument': conversion from 'size_t' to 'eco_sys_lab_plugin::SkeletonFlowHandle', possible loss of data
C:\Program Files\Microsoft Visual Studio\2022\Community\VC\Tools\MSVC\14.44.35207\include\xmemory(732): note: the template instantiation context (the oldest one first) is
C:\Users\Brenda\code\EvoEngine\EvoEngine_Plugins\EcoSysLab\include\Structures\Skeleton.hpp(1130): note: while compiling class template member function 'eco_sys_lab_plugin::SkeletonFlowHandle eco_sys_lab_plugin::Skeleton<eco_sys_lab_plugin::StrandModelSkeletonData,eco_sys_lab_plugin::StrandModelFlowData,eco_sys_lab_plugin::StrandModelNodeData>::AllocateFlow(void)'
C:\Users\Brenda\code\EvoEngine\EvoEngine_Plugins\EcoSysLab\include\Structures\Skeleton.hpp(1132): note: see reference to function template instantiation 'eco_sys_lab_plugin::SkeletonFlow<FlowData> &std::vector<eco_sys_lab_plugin::SkeletonFlow<FlowData>,std::allocator<eco_sys_lab_plugin::SkeletonFlow<FlowData>>>::emplace_back<unsigned __int64>(unsigned __int64 &&)' being compiled
        with
        [
            FlowData=eco_sys_lab_plugin::StrandModelFlowData
        ]
C:\Program Files\Microsoft Visual Studio\2022\Community\VC\Tools\MSVC\14.44.35207\include\vector(924): note: see reference to function template instantiation '_Ty &std::vector<_Ty,std::allocator<_Ty>>::_Emplace_one_at_back<unsigned __int64>(unsigned __int64 &&)' being compiled
        with
        [
            _Ty=eco_sys_lab_plugin::SkeletonFlow<eco_sys_lab_plugin::StrandModelFlowData>
        ]
C:\Program Files\Microsoft Visual Studio\2022\Community\VC\Tools\MSVC\14.44.35207\include\vector(845): note: see reference to function template instantiation '_Ty &std::vector<_Ty,std::allocator<_Ty>>::_Emplace_back_with_unused_capacity<unsigned __int64>(unsigned __int64 &&)' being compiled
        with
        [
            _Ty=eco_sys_lab_plugin::SkeletonFlow<eco_sys_lab_plugin::StrandModelFlowData>
        ]
C:\Program Files\Microsoft Visual Studio\2022\Community\VC\Tools\MSVC\14.44.35207\include\vector(863): note: see reference to function template instantiation 'void std::_Default_allocator_traits<_Alloc>::construct<_Ty,unsigned __int64>(_Alloc &,_Objty *const ,unsigned __int64 &&)' being compiled
        with
        [
            _Alloc=std::allocator<eco_sys_lab_plugin::SkeletonFlow<eco_sys_lab_plugin::StrandModelFlowData>>,
            _Ty=eco_sys_lab_plugin::SkeletonFlow<eco_sys_lab_plugin::StrandModelFlowData>,
            _Objty=eco_sys_lab_plugin::SkeletonFlow<eco_sys_lab_plugin::StrandModelFlowData>
        ]
[38/40] C:\WINDOWS\system32\cmd.exe /C "cd . && "C:\Program Files\Microsoft Visual Studio\2022\Community\Common7\IDE\CommonExtensions\Microsoft\CMake\CMake\bin\cmake.exe" -E vs_link_dll --msvc-ver=1929 --intdir=PythonBinding\CMakeFiles\PyDigitalAgriculture.dir --rc=C:\PROGRA~2\WI3CF2~1\10\bin\100261~1.0\x64\rc.exe --mt=C:\PROGRA~2\WI3CF2~1\10\bin\100261~1.0\x64\mt.exe --manifests  -- C:\PROGRA~2\MICROS~2\2019\COMMUN~1\VC\Tools\MSVC\1429~1.301\bin\Hostx64\x64\link.exe /nologo @CMakeFiles\PyDigitalAgriculture.rsp  /out:PythonBinding\PyDigitalAgriculture.cp39-win_amd64.pyd /implib:PythonBinding\PyDigitalAgriculture.lib /pdb:PythonBinding\PyDigitalAgriculture.pdb /dll /version:0.0 /machine:x64 /INCREMENTAL:NO && C:\WINDOWS\system32\cmd.exe /C "cd /D C:\Users\Brenda\code\EvoEngine\out\build\x64-Release\PythonBinding && C:\Windows\System32\WindowsPowerShell\v1.0\powershell.exe -noprofile -executionpolicy Bypass -file "C:/Program Files/Microsoft Visual Studio/2022/Community/VC/vcpkg/scripts/buildsystems/msbuild/applocal.ps1" -targetBinary C:/Users/Brenda/code/EvoEngine/out/build/x64-Release/PythonBinding/PyDigitalAgriculture.cp39-win_amd64.pyd -installedDir "C:/Program Files/Microsoft Visual Studio/2022/Community/VC/vcpkg/installed/x64-windows/bin" -OutVariable out""
Visual Studio Non-Incremental Link
LINK:
C:\PROGRA~2\MICROS~2\2019\COMMUN~1\VC\Tools\MSVC\1429~1.301\bin\Hostx64\x64\link.exe /nologo @CMakeFiles\PyDigitalAgriculture.rsp /out:PythonBinding\PyDigitalAgriculture.cp39-win_amd64.pyd /implib:PythonBinding\PyDigitalAgriculture.lib /pdb:PythonBinding\PyDigitalAgriculture.pdb /dll /version:0.0 /machine:x64 /INCREMENTAL:NO /MANIFEST:EMBED,ID=2
   Creating library PythonBinding\PyDigitalAgriculture.lib and object PythonBinding\PyDigitalAgriculture.exp
LINK : warning LNK4098: defaultlib 'LIBCMT' conflicts with use of other libs; use /NODEFAULTLIB:library
[39/40] C:\WINDOWS\system32\cmd.exe /C "cd . && "C:\Program Files\Microsoft Visual Studio\2022\Community\Common7\IDE\CommonExtensions\Microsoft\CMake\CMake\bin\cmake.exe" -E vs_link_dll --msvc-ver=1929 --intdir=PythonBinding\CMakeFiles\PyEcoSysLab.dir --rc=C:\PROGRA~2\WI3CF2~1\10\bin\100261~1.0\x64\rc.exe --mt=C:\PROGRA~2\WI3CF2~1\10\bin\100261~1.0\x64\mt.exe --manifests  -- C:\PROGRA~2\MICROS~2\2019\COMMUN~1\VC\Tools\MSVC\1429~1.301\bin\Hostx64\x64\link.exe /nologo @CMakeFiles\PyEcoSysLab.rsp  /out:PythonBinding\PyEcoSysLab.cp39-win_amd64.pyd /implib:PythonBinding\PyEcoSysLab.lib /pdb:PythonBinding\PyEcoSysLab.pdb /dll /version:0.0 /machine:x64 /INCREMENTAL:NO && C:\WINDOWS\system32\cmd.exe /C "cd /D C:\Users\Brenda\code\EvoEngine\out\build\x64-Release\PythonBinding && C:\Windows\System32\WindowsPowerShell\v1.0\powershell.exe -noprofile -executionpolicy Bypass -file "C:/Program Files/Microsoft Visual Studio/2022/Community/VC/vcpkg/scripts/buildsystems/msbuild/applocal.ps1" -targetBinary C:/Users/Brenda/code/EvoEngine/out/build/x64-Release/PythonBinding/PyEcoSysLab.cp39-win_amd64.pyd -installedDir "C:/Program Files/Microsoft Visual Studio/2022/Community/VC/vcpkg/installed/x64-windows/bin" -OutVariable out""
Visual Studio Non-Incremental Link
LINK:
C:\PROGRA~2\MICROS~2\2019\COMMUN~1\VC\Tools\MSVC\1429~1.301\bin\Hostx64\x64\link.exe /nologo @CMakeFiles\PyEcoSysLab.rsp /out:PythonBinding\PyEcoSysLab.cp39-win_amd64.pyd /implib:PythonBinding\PyEcoSysLab.lib /pdb:PythonBinding\PyEcoSysLab.pdb /dll /version:0.0 /machine:x64 /INCREMENTAL:NO /MANIFEST:EMBED,ID=2
   Creating library PythonBinding\PyEcoSysLab.lib and object PythonBinding\PyEcoSysLab.exp
LINK : warning LNK4098: defaultlib 'LIBCMT' conflicts with use of other libs; use /NODEFAULTLIB:library
== ctest.exe  -V
UpdateCTestConfiguration  from :C:/Users/Brenda/code/EvoEngine/out/build/x64-Release/DartConfiguration.tcl
UpdateCTestConfiguration  from :C:/Users/Brenda/code/EvoEngine/out/build/x64-Release/DartConfiguration.tcl
Test project C:/Users/Brenda/code/EvoEngine/out/build/x64-Release
Constructing a list of tests
Updating test list for fixtures
Added 0 tests to meet fixture requirements
Checking test dependency graph...
Checking test dependency graph end
No tests were found!!!
